******************************************************************************
            TI ARM Clang Linker PC v4.0.0                      
******************************************************************************
>> Linked Fri Jun 12 10:32:28 2026

OUTPUT FILE NAME:   <main.out>
ENTRY POINT SYMBOL: "_c_int00_noargs"  address: 00004fd1


MEMORY CONFIGURATION

         name            origin    length      used     unused   attr    fill
----------------------  --------  ---------  --------  --------  ----  --------
  FLASH                 00000000   00020000  00005ce0  0001a320  R  X
  SRAM                  20200000   00008000  000017a0  00006860  RW X
  BCR_CONFIG            41c00000   00000080  00000000  00000080  R   
  BSL_CONFIG            41c00100   00000080  00000000  00000080  R   


SEGMENT ALLOCATION MAP

run origin  load origin   length   init length attrs members
----------  ----------- ---------- ----------- ----- -------
00000000    00000000    00005ce0   00005ce0    r-x
  00000000    00000000    000000c0   000000c0    r-- .intvecs
  000000c0    000000c0    000054e0   000054e0    r-x .text
  000055a0    000055a0    00000710   00000710    r-- .rodata
  00005cb0    00005cb0    00000030   00000030    r-- .cinit
20200000    20200000    000015a0   00000000    rw-
  20200000    20200000    00001598   00000000    rw- .bss
  20201598    20201598    00000008   00000000    rw- .data
20207e00    20207e00    00000200   00000000    rw-
  20207e00    20207e00    00000200   00000000    rw- .stack


SECTION ALLOCATION MAP

 output                                  attributes/
section   page    origin      length       input sections
--------  ----  ----------  ----------   ----------------
.intvecs   0    00000000    000000c0     
                  00000000    000000c0     startup_mspm0g350x_ticlang.o (.intvecs)

.text      0    000000c0    000054e0     
                  000000c0    00000898     measurement.o (.text.resistance_handler)
                  00000958    00000868     libc.a : _printfi.c.obj (.text:__TI_printfi_nofloat)
                  000011c0    000003ec     maini2c.o (.text.single_voltage_measurement)
                  000015ac    000003e4     measurement.o (.text.voltage_diff_handler)
                  00001990    000002b4     dynamic_parser.o (.text.dynamic_parse)
                  00001c44    00000268     maini2c.o (.text.resistance_measurement)
                  00001eac    00000228     adc_spi.o (.text.AD4115_ReadSingleChannel)
                  000020d4    00000228     measurement.o (.text.voltage_single_handler)
                  000022fc    000001de     MSPM0G_Library.lib : UART_Interface.o (.text.UART_Interface_IRQ)
                  000024da    00000002     startup_mspm0g350x_ticlang.o (.text.Default_Handler)
                  000024dc    000001bc     uart_mux.o (.text.uart_loopback_start)
                  00002698    000001a4     MSPM0G_Library.lib : UART_Interface.o (.text.UART_Interface_Initialize)
                  0000283c    00000154     i2c_common.o (.text.i2c_read)
                  00002990    00000142     MSPM0G_Library.lib : SPI_block_transfer.o (.text.SPI_Block_IRQ)
                  00002ad2    00000002     libclang_rt.builtins.a : aeabi_div0.c.obj (.text.__aeabi_idiv0)
                  00002ad4    00000134     demo.o (.text.led_demo_handler)
                  00002c08    00000128     usb.o (.text.usb_fsm)
                  00002d30    0000011c     i2c_common.o (.text.i2c_write_verify)
                  00002e4c    00000100     MSPM0G_Library.lib : Timer_Timeout.o (.text.Timer_Timeout_Inialize)
                  00002f4c    000000fe                        : I2C_Controller.o (.text.I2C_Controller_IRQ)
                  0000304a    00000002     libclang_rt.builtins.a : aeabi_div0.c.obj (.text.__aeabi_ldiv0)
                  0000304c    000000e8     driverlib.a : dl_timer.o (.text.DL_Timer_initTimerMode)
                  00003134    000000e8     measurement.o (.text.voltage_multiple_handler)
                  0000321c    000000dc     MSPM0G_Library.lib : SPI_block_transfer.o (.text.SPI_Transact_block)
                  000032f8    000000dc     usb.o (.text.process_usb_command)
                  000033d4    000000b4     ti_msp_dl_config.o (.text.SYSCFG_DL_GPIO_init)
                  00003488    000000b4     measurement.o (.text.measurement_command_handler)
                  0000353c    000000b4     test.o (.text.uart_test_handler)
                  000035f0    000000a4     MSPM0G_Library.lib : UART_Interface.o (.text.UART_Interface_Start_Transmit)
                  00003694    000000a2     libclang_rt.builtins.a : udivmoddi4.S.obj (.text)
                  00003736    000000a0     MSPM0G_Library.lib : UART_Interface.o (.text.UART_Interface_Start_Receive)
                  000037d6    00000002     --HOLE-- [fill = 0]
                  000037d8    000000a0     usb_mux.o (.text.usb_function_test)
                  00003878    0000009c     maini2c.o (.text.multiple_voltage_measurement)
                  00003914    0000009c     test.o (.text.usb_test_handler)
                  000039b0    0000009a     libc.a : memcpy16.S.obj (.text:memcpy)
                  00003a4a    00000002     --HOLE-- [fill = 0]
                  00003a4c    00000098     delay_timer.o (.text.Delay_Timer_Initialize)
                  00003ae4    00000090     ti_msp_dl_config.o (.text.SYSCFG_DL_UART_0_init)
                  00003b74    00000090     ti_msp_dl_config.o (.text.SYSCFG_DL_UART_3_init)
                  00003c04    0000008c     usb_mux.o (.text.usb_resistance_test)
                  00003c90    00000088     ti_msp_dl_config.o (.text.SYSCFG_DL_initPower)
                  00003d18    00000088     usb.o (.text.usb_init)
                  00003da0    00000088     libc.a : strcmp-armv6m.S.obj (.text:strcmp)
                  00003e28    00000080     app.o (.text.command_dispatcher)
                  00003ea8    0000007c     libc.a : copy_decompress_lzss.c.obj (.text:decompress:lzss)
                  00003f24    00000078     MSPM0G_Library.lib : UART_Interface.o (.text.UART_rxDMA_Initialize)
                  00003f9c    00000074                        : UART_Interface.o (.text.UART_txDMA_Initialize)
                  00004010    00000070                        : I2C_Controller.o (.text.I2C_Controller_Start_Transmit)
                  00004080    00000070                        : UART_Target.o (.text.UART_Target_Initialize)
                  000040f0    0000006c                        : UART_Target.o (.text.targetRxInProgressCb)
                  0000415c    00000068     ti_msp_dl_config.o (.text.SYSCFG_DL_Daughter_I2C_init)
                  000041c4    00000068     ti_msp_dl_config.o (.text.SYSCFG_DL_Master_I2C_init)
                  0000422c    00000064     MSPM0G_Library.lib : UART_Target.o (.text.UART_Target_AssignCallBacks)
                  00004290    00000062     libc.a : memset16.S.obj (.text:memset)
                  000042f2    00000002     --HOLE-- [fill = 0]
                  000042f4    00000060     test.o (.text.test_command_handler)
                  00004354    0000005e     driverlib.a : dl_i2c.o (.text.DL_I2C_fillControllerTXFIFO)
                  000043b2    0000005a     MSPM0G_Library.lib : Timer_Timeout.o (.text.Timer_Timeout_Time_Set)
                  0000440c    00000058     ti_msp_dl_config.o (.text.SYSCFG_DL_SPI_0_init)
                  00004464    00000058     MSPM0G_Library.lib : I2C_Controller.o (.text.getControllerStatus)
                  000044bc    00000054     driverlib.a : dl_spi.o (.text.DL_SPI_drainRXFIFO8)
                  00004510    00000054                 : dl_uart.o (.text.DL_UART_drainRXFIFO)
                  00004564    00000054                 : dl_uart.o (.text.DL_UART_fillTXFIFO)
                  000045b8    00000050     MSPM0G_Library.lib : I2C_Controller.o (.text.DL_I2C_startControllerTransfer)
                  00004608    0000004c                        : UART_Target.o (.text.UART_Target_Receive)
                  00004654    00000048     driverlib.a : dl_uart.o (.text.DL_UART_init)
                  0000469c    00000048     libc.a : strtok.c.obj (.text.strtok)
                  000046e4    00000048     uart_mux.o (.text.uart_rmux_select)
                  0000472c    00000046     MSPM0G_Library.lib : I2C_Controller.o (.text.I2C_Controller_Start_Receive)
                  00004772    00000002     --HOLE-- [fill = 0]
                  00004774    00000044     driverlib.a : dl_spi.o (.text.DL_SPI_init)
                  000047b8    00000044     demo.o (.text.demo_command_handler)
                  000047fc    00000040     ti_msp_dl_config.o (.text.SYSCFG_DL_SYSCTL_init)
                  0000483c    00000040     libclang_rt.builtins.a : aeabi_uidivmod.S.obj (.text.__aeabi_uidivmod)
                  0000487c    00000040     libc.a : atoi.c.obj (.text.atoi)
                  000048bc    0000003c     driverlib.a : dl_i2c.o (.text.DL_I2C_flushTargetTXFIFO)
                  000048f8    0000003c     ti_msp_dl_config.o (.text.SYSCFG_DL_TIMER_0_init)
                  00004934    0000003c     ti_msp_dl_config.o (.text.SYSCFG_DL_TIMER_2_init)
                  00004970    0000003c     ti_msp_dl_config.o (.text.SYSCFG_DL_init)
                  000049ac    0000003c     MSPM0G_Library.lib : UART_Target.o (.text.UART_Target_Transmit)
                  000049e8    0000003c     libc.a : autoinit.c.obj (.text:__TI_auto_init_nobinit_nopinit)
                  00004a24    0000003a     libclang_rt.builtins.a : muldsi3.S.obj (.text.__muldsi3)
                  00004a5e    00000002     --HOLE-- [fill = 0]
                  00004a60    00000038     MSPM0G_Library.lib : UART_Interface.o (.text.DL_DMA_setTrigger)
                  00004a98    00000038     ti_msp_dl_config.o (.text.SYSCFG_DL_TIMER_1_init)
                  00004ad0    00000038     libc.a : sprintf.c.obj (.text.sprintf)
                  00004b08    00000036     MSPM0G_Library.lib : Timer_Timeout.o (.text.Timer_Timeout_Start)
                  00004b3e    00000036                        : UART_Interface.o (.text.UART_Interface_Stop_Receive)
                  00004b74    00000034                        : UART_Interface.o (.text.DL_DMA_configMode)
                  00004ba8    00000034                        : UART_Target.o (.text.timerCallback)
                  00004bdc    00000032                        : UART_Interface.o (.text.DL_DMA_setDestWidth)
                  00004c0e    00000030                        : UART_Interface.o (.text.DL_DMA_setDestIncrement)
                  00004c3e    00000030                        : UART_Interface.o (.text.DL_DMA_setSrcWidth)
                  00004c6e    00000002     --HOLE-- [fill = 0]
                  00004c70    00000030                        : SPI_block_transfer.o (.text.DL_DMA_setTransferSize)
                  00004ca0    00000030                        : UART_Interface.o (.text.DL_DMA_setTransferSize)
                  00004cd0    00000030                        : UART_Target.o (.text.targetRxDoneCb)
                  00004d00    00000030                        : UART_Target.o (.text.targetTxDoneCb)
                  00004d30    0000002e                        : UART_Interface.o (.text.DL_DMA_setSrcIncrement)
                  00004d5e    00000002     --HOLE-- [fill = 0]
                  00004d60    0000002c                        : Timer_Timeout.o (.text.__NVIC_ClearPendingIRQ)
                  00004d8c    0000002c                        : UART_Interface.o (.text.__NVIC_ClearPendingIRQ)
                  00004db8    0000002c                        : Timer_Timeout.o (.text.__NVIC_EnableIRQ)
                  00004de4    0000002c                        : UART_Interface.o (.text.__NVIC_EnableIRQ)
                  00004e10    0000002a                        : Timer_Timeout.o (.text.Timer_Timeout_IRQ)
                  00004e3a    0000002a                        : Timer_Timeout.o (.text.Timer_Timeout_reStart)
                  00004e64    0000002a                        : I2C_Controller.o (.text.waitForControllerToIdle)
                  00004e8e    00000028                        : I2C_Controller.o (.text.DL_Common_updateReg)
                  00004eb6    00000028                        : Timer_Timeout.o (.text.DL_Common_updateReg)
                  00004ede    00000028                        : UART_Interface.o (.text.DL_Common_updateReg)
                  00004f06    00000002     --HOLE-- [fill = 0]
                  00004f08    00000028                        : SPI_block_transfer.o (.text.DL_DMA_setDestAddr)
                  00004f30    00000028                        : UART_Interface.o (.text.DL_DMA_setDestAddr)
                  00004f58    00000028                        : SPI_block_transfer.o (.text.DL_DMA_setSrcAddr)
                  00004f80    00000028                        : UART_Interface.o (.text.DL_DMA_setSrcAddr)
                  00004fa8    00000028                        : UART_Target.o (.text.targetTxInProgressCb)
                  00004fd0    00000028     libc.a : boot_cortex_m.c.obj (.text:_c_int00_noargs)
                  00004ff8    00000026     MSPM0G_Library.lib : UART_Interface.o (.text.DL_DMA_disableChannel)
                  0000501e    00000026                        : SPI_block_transfer.o (.text.DL_DMA_enableChannel)
                  00005044    00000026                        : UART_Interface.o (.text.DL_DMA_enableChannel)
                  0000506a    00000026     driverlib.a : dl_i2c.o (.text.DL_I2C_setClockConfig)
                  00005090    00000026     libc.a : strspn.c.obj (.text.strspn)
                  000050b6    00000002     --HOLE-- [fill = 0]
                  000050b8    00000024     libclang_rt.builtins.a : muldi3.S.obj (.text.__muldi3)
                  000050dc    00000024     empty.o (.text.main)
                  00005100    00000024     libc.a : strcspn.c.obj (.text.strcspn)
                  00005124    00000022            : memccpy.c.obj (.text.memccpy)
                  00005146    00000002     --HOLE-- [fill = 0]
                  00005148    00000020     MSPM0G_Library.lib : Timer_Timeout.o (.text.DL_Timer_setCounterValueAfterEnable)
                  00005168    00000020     maini2c.o (.text.differential_voltage_measurement)
                  00005188    00000020     libc.a : memcmp.c.obj (.text.memcmp)
                  000051a8    0000001e     libclang_rt.builtins.a : ashldi3.S.obj (.text.__ashldi3)
                  000051c6    00000002     --HOLE-- [fill = 0]
                  000051c8    0000001c     MSPM0G_Library.lib : I2C_Controller.o (.text.DL_I2C_isControllerRXFIFOEmpty)
                  000051e4    0000001c                        : Timer_Timeout.o (.text.DL_Timer_disableInterrupt)
                  00005200    0000001c                        : Timer_Timeout.o (.text.DL_Timer_enableInterrupt)
                  0000521c    0000001c     driverlib.a : dl_timer.o (.text.DL_Timer_setClockConfig)
                  00005238    0000001c     delay_timer.o (.text.Delay_Timer_Get)
                  00005254    0000001c     MSPM0G_Library.lib : UART_Target.o (.text.UART_Target_getState)
                  00005270    00000018                        : SPI_block_transfer.o (.text.DL_GPIO_setPins)
                  00005288    00000018                        : Timer_Timeout.o (.text.DL_Timer_clearInterruptStatus)
                  000052a0    00000018                        : Timer_Timeout.o (.text.DL_Timer_setLoadValue)
                  000052b8    00000018                        : Timer_Timeout.o (.text.DL_Timer_startCounter)
                  000052d0    00000018                        : Timer_Timeout.o (.text.DL_Timer_stopCounter)
                  000052e8    00000018     libc.a : sprintf.c.obj (.text._outs)
                  00005300    00000016     MSPM0G_Library.lib : SPI_block_transfer.o (.text.DL_SPI_transmitData8)
                  00005316    00000016     delay_timer.o (.text.Delay_Timer_IRQ)
                  0000532c    00000014     MSPM0G_Library.lib : SPI_block_transfer.o (.text.DL_GPIO_clearPins)
                  00005340    00000014                        : I2C_Controller.o (.text.DL_I2C_getControllerStatus)
                  00005354    00000014                        : I2C_Controller.o (.text.DL_I2C_receiveControllerData)
                  00005368    00000014                        : SPI_block_transfer.o (.text.DL_SPI_receiveData8)
                  0000537c    00000014     delay_timer.o (.text.Delay_Timer_Start)
                  00005390    00000014     MSPM0G_Library.lib : SPI_block_transfer.o (.text.SPI_Controller_Set_CS_High)
                  000053a4    00000014                        : SPI_block_transfer.o (.text.SPI_Controller_Set_CS_Low)
                  000053b8    00000014     libclang_rt.builtins.a : aeabi_uldivmod.S.obj (.text.__aeabi_uldivmod)
                  000053cc    00000012     MSPM0G_Library.lib : I2C_Controller.o (.text.DL_I2C_getPendingInterrupt)
                  000053de    00000012                        : SPI_block_transfer.o (.text.DL_SPI_getPendingInterrupt)
                  000053f0    00000012     driverlib.a : dl_spi.o (.text.DL_SPI_setClockConfig)
                  00005402    00000012     MSPM0G_Library.lib : Timer_Timeout.o (.text.DL_Timer_getPendingInterrupt)
                  00005414    00000012                        : UART_Interface.o (.text.DL_UART_getPendingInterrupt)
                  00005426    00000012     driverlib.a : dl_uart.o (.text.DL_UART_setClockConfig)
                  00005438    00000012     libc.a : copy_decompress_none.c.obj (.text:decompress:none)
                  0000544a    00000002     --HOLE-- [fill = 0]
                  0000544c    00000010     app.o (.text.I2C0_IRQHandler)
                  0000545c    00000010     app.o (.text.I2C1_IRQHandler)
                  0000546c    00000010     MSPM0G_Library.lib : I2C_Controller.o (.text.I2C_Controller_Transaction_Done)
                  0000547c    00000010     app.o (.text.SPI0_IRQHandler)
                  0000548c    00000010     app.o (.text.TIMG0_IRQHandler)
                  0000549c    00000010     app.o (.text.TIMG6_IRQHandler)
                  000054ac    00000010     app.o (.text.TIMG7_IRQHandler)
                  000054bc    00000010     app.o (.text.UART0_IRQHandler)
                  000054cc    00000010     app.o (.text.UART3_IRQHandler)
                  000054dc    00000010     MSPM0G_Library.lib : UART_Interface.o (.text.defaultUartCallBack)
                  000054ec    00000010                        : UART_Interface.o (.text.defaultUartInprogressCallback)
                  000054fc    00000010     uart_mux.o (.text.uart_vmux_select)
                  0000550c    00000010     libc.a : wcslen.c.obj (.text.wcslen)
                  0000551c    00000010            : copy_zero_init.c.obj (.text:decompress:ZI)
                  0000552c    0000000e     libclang_rt.builtins.a : aeabi_memset.S.obj (.text.__aeabi_memset)
                  0000553a    0000000e     libc.a : _printfi.c.obj (.text.strlen)
                  00005548    0000000c     libclang_rt.builtins.a : aeabi_memset.S.obj (.text.__aeabi_memclr)
                  00005554    0000000c     MSPM0G_Library.lib : Timer_Timeout.o (.text.defaultTimerSingleTriggerCB)
                  00005560    0000000a     driverlib.a : dl_common.o (.text.DL_Common_delayCycles)
                  0000556a    0000000a     libc.a : sprintf.c.obj (.text._outc)
                  00005574    00000008            : aeabi_portable.c.obj (.text.__aeabi_errno_addr)
                  0000557c    00000008     libclang_rt.builtins.a : aeabi_memcpy.S.obj (.text.__aeabi_memcpy)
                  00005584    00000008     app.o (.text.app_init)
                  0000558c    00000004     startup_mspm0g350x_ticlang.o (.text.Reset_Handler)
                  00005590    00000004     libc.a : pre_init.c.obj (.text._system_pre_init)
                  00005594    00000004            : exit.c.obj (.text:abort)
                  00005598    00000008     --HOLE-- [fill = 0]

.cinit     0    00005cb0    00000030     
                  00005cb0    0000000c     (__TI_handler_table)
                  00005cbc    00000008     (.cinit..bss.load) [load image, compression = zero_init]
                  00005cc4    00000007     (.cinit..data.load) [load image, compression = lzss]
                  00005ccb    00000001     --HOLE-- [fill = 0]
                  00005ccc    00000010     (__TI_cinit_table)
                  00005cdc    00000004     --HOLE-- [fill = 0]

.rodata    0    000055a0    00000710     
                  000055a0    00000101     libc.a : aeabi_ctype.S.obj (.rodata:__aeabi_ctype_table_)
                  000056a1    00000003     ti_msp_dl_config.o (.rodata.gTIMER_0ClockConfig)
                  000056a4    00000060     measurement.o (.rodata.mux_table)
                  00005704    00000058     measurement.o (.rodata.vrcoil_table)
                  0000575c    00000023     uart_mux.o (.rodata.str1.118560724856761621641)
                  0000577f    00000001     --HOLE-- [fill = 0]
                  00005780    00000020     measurement.o (.rodata.rcoil_table)
                  000057a0    00000020     measurement.o (.rodata.uart_table)
                  000057c0    00000020     measurement.o (.rodata.usb_table)
                  000057e0    00000018     demo.o (.rodata.str1.152434890695747067831)
                  000057f8    00000017     demo.o (.rodata.str1.117758122268410486081)
                  0000580f    00000017     demo.o (.rodata.str1.124947527778155086771)
                  00005826    00000017     demo.o (.rodata.str1.175610656957462795911)
                  0000583d    00000016     demo.o (.rodata.str1.102132621092991790011)
                  00005853    00000016     measurement.o (.rodata.str1.113800279036790553271)
                  00005869    00000016     demo.o (.rodata.str1.118601201060028200171)
                  0000587f    00000016     measurement.o (.rodata.str1.83559283470778216181)
                  00005895    00000016     demo.o (.rodata.str1.93154539074273923671)
                  000058ab    00000015     measurement.o (.rodata.str1.102214408959654304761)
                  000058c0    00000015     demo.o (.rodata.str1.130525036266970861171)
                  000058d5    00000003     ti_msp_dl_config.o (.rodata.gTIMER_1ClockConfig)
                  000058d8    00000014     ti_msp_dl_config.o (.rodata.gTIMER_0TimerConfig)
                  000058ec    00000014     ti_msp_dl_config.o (.rodata.gTIMER_1TimerConfig)
                  00005900    00000014     ti_msp_dl_config.o (.rodata.gTIMER_2TimerConfig)
                  00005914    00000014     test.o (.rodata.str1.102283361238553834451)
                  00005928    00000014     measurement.o (.rodata.str1.165861782887955245661)
                  0000593c    00000014     measurement.o (.rodata.str1.20889753401612334321)
                  00005950    00000014     measurement.o (.rodata.str1.60353518138279377091)
                  00005964    00000013     test.o (.rodata.str1.29332152423430807291)
                  00005977    00000013     measurement.o (.rodata.str1.37743075164861735401)
                  0000598a    00000012     usb.o (.rodata.invalid_cmd)
                  0000599c    00000012     app.o (.rodata.str1.112458129122677307381)
                  000059ae    00000012     app.o (.rodata.str1.115467379878751397891)
                  000059c0    00000012     test.o (.rodata.str1.3423745806992322001)
                  000059d2    00000011     libc.a : _printfi.c.obj (.rodata.str1.103488685894817597201)
                  000059e3    00000011     test.o (.rodata.str1.11889174283907417271)
                  000059f4    00000011     test.o (.rodata.str1.126627747468731630901)
                  00005a05    00000011     libc.a : _printfi.c.obj (.rodata.str1.153638888446227384661)
                  00005a16    00000011     test.o (.rodata.str1.78157876389108665751)
                  00005a27    0000000f     measurement.o (.rodata.str1.131406873746924472461)
                  00005a36    0000000f     measurement.o (.rodata.str1.1352979262636750221)
                  00005a45    0000000f     test.o (.rodata.str1.15090804630291111921)
                  00005a54    0000000e     measurement.o (.rodata.str1.121307941626713367071)
                  00005a62    0000000e     measurement.o (.rodata.str1.136055576646320003791)
                  00005a70    0000000e     measurement.o (.rodata.str1.139899467999602070221)
                  00005a7e    0000000e     measurement.o (.rodata.str1.157520523233561024701)
                  00005a8c    0000000e     measurement.o (.rodata.str1.170345836214082999301)
                  00005a9a    0000000e     measurement.o (.rodata.str1.175837335340980822901)
                  00005aa8    0000000e     measurement.o (.rodata.str1.179019104344534884381)
                  00005ab6    0000000e     measurement.o (.rodata.str1.23939934288821651991)
                  00005ac4    0000000e     test.o (.rodata.str1.39661457835044961721)
                  00005ad2    0000000e     measurement.o (.rodata.str1.45899260157397172671)
                  00005ae0    0000000e     measurement.o (.rodata.str1.6739221197576344871)
                  00005aee    0000000e     measurement.o (.rodata.str1.70066229570190111501)
                  00005afc    0000000e     measurement.o (.rodata.str1.75692778144762755341)
                  00005b0a    0000000e     measurement.o (.rodata.str1.8845599477796337621)
                  00005b18    0000000e     measurement.o (.rodata.str1.91552349781554375091)
                  00005b26    0000000c     measurement.o (.rodata.str1.1483115773298423801)
                  00005b32    0000000b     measurement.o (.rodata.str1.115195607741549956811)
                  00005b3d    0000000b     measurement.o (.rodata.str1.37831994660612320281)
                  00005b48    0000000b     measurement.o (.rodata.str1.58218121137635417931)
                  00005b53    00000001     --HOLE-- [fill = 0]
                  00005b54    0000000a     ti_msp_dl_config.o (.rodata.gSPI_0_config)
                  00005b5e    0000000a     ti_msp_dl_config.o (.rodata.gUART_0Config)
                  00005b68    0000000a     ti_msp_dl_config.o (.rodata.gUART_3Config)
                  00005b72    0000000a     measurement.o (.rodata.str1.121682149984402573241)
                  00005b7c    0000000a     measurement.o (.rodata.str1.122415331534047387711)
                  00005b86    0000000a     measurement.o (.rodata.str1.127730691181652296071)
                  00005b90    0000000a     measurement.o (.rodata.str1.129233683150386070781)
                  00005b9a    0000000a     measurement.o (.rodata.str1.138967332289055316751)
                  00005ba4    0000000a     measurement.o (.rodata.str1.153907093121212498701)
                  00005bae    0000000a     measurement.o (.rodata.str1.16861872493964242221)
                  00005bb8    0000000a     measurement.o (.rodata.str1.38152345548893011161)
                  00005bc2    0000000a     measurement.o (.rodata.str1.45750034140004442161)
                  00005bcc    0000000a     measurement.o (.rodata.str1.76280438296781381521)
                  00005bd6    0000000a     measurement.o (.rodata.str1.98556863556729119661)
                  00005be0    00000009     measurement.o (.rodata.str1.1217195836761136881)
                  00005be9    00000009     measurement.o (.rodata.str1.136291274248634959131)
                  00005bf2    00000009     measurement.o (.rodata.str1.136603149743655547941)
                  00005bfb    00000009     measurement.o (.rodata.str1.44348822642843846581)
                  00005c04    00000009     measurement.o (.rodata.str1.60784405668290656121)
                  00005c0d    00000008     measurement.o (.rodata.str1.145507699984838106301)
                  00005c15    00000008     measurement.o (.rodata.str1.41018347950312538361)
                  00005c1d    00000008     measurement.o (.rodata.str1.59351012768855232331)
                  00005c25    00000008     measurement.o (.rodata.str1.85438850648943969081)
                  00005c2d    00000007     measurement.o (.rodata.str1.86711453414650685811)
                  00005c34    00000006     demo.o (.rodata.str1.36561036762882576081)
                  00005c3a    00000005     demo.o (.rodata.str1.109204494071162588431)
                  00005c3f    00000005     measurement.o (.rodata.str1.122002902253781501761)
                  00005c44    00000005     test.o (.rodata.str1.13031447038367229581)
                  00005c49    00000005     measurement.o (.rodata.str1.147646754363303180201)
                  00005c4e    00000005     measurement.o (.rodata.str1.15568180766838968481)
                  00005c53    00000005     measurement.o (.rodata.str1.46578351556143341521)
                  00005c58    00000005     uart_mux.o (.rodata.str1.5759080618715589611)
                  00005c5d    00000005     app.o (.rodata.str1.91024950347392736991)
                  00005c62    00000005     app.o (.rodata.str1.9803400861254684601)
                  00005c67    00000004     test.o (.rodata.str1.122056543781436815241)
                  00005c6b    00000004     app.o (.rodata.str1.144966739553529159871)
                  00005c6f    00000004     measurement.o (.rodata.str1.149992609013317456391)
                  00005c73    00000004     test.o (.rodata.str1.163203285618029998951)
                  00005c77    00000004     demo.o (.rodata.str1.18903169700812761801)
                  00005c7b    00000004     measurement.o (.rodata.str1.25189297901772469601)
                  00005c7f    00000004     measurement.o (.rodata.str1.29717263840051815811)
                  00005c83    00000004     test.o (.rodata.str1.50249234068077314091)
                  00005c87    00000004     demo.o (.rodata.str1.51139020614829504981)
                  00005c8b    00000004     test.o (.rodata.str1.60604365682032904051)
                  00005c8f    00000004     test.o (.rodata.str1.80841809696236772891)
                  00005c93    00000004     demo.o (.rodata.str1.85085578000718662881)
                  00005c97    00000003     ti_msp_dl_config.o (.rodata.gTIMER_2ClockConfig)
                  00005c9a    00000003     demo.o (.rodata.str1.56452010809220114001)
                  00005c9d    00000002     ti_msp_dl_config.o (.rodata.gDaughter_I2CClockConfig)
                  00005c9f    00000002     ti_msp_dl_config.o (.rodata.gMaster_I2CClockConfig)
                  00005ca1    00000002     ti_msp_dl_config.o (.rodata.gSPI_0_clockConfig)
                  00005ca3    00000002     ti_msp_dl_config.o (.rodata.gUART_0ClockConfig)
                  00005ca5    00000002     ti_msp_dl_config.o (.rodata.gUART_3ClockConfig)
                  00005ca7    00000002     dynamic_parser.o (.rodata.str1.24641456576799527221)
                  00005ca9    00000007     --HOLE-- [fill = 0]

.init_array 
*          0    00000000    00000000     UNINITIALIZED

.binit     0    00000000    00000000     

.bss       0    20200000    00001598     UNINITIALIZED
                  20200000    000013ac     (.common:USB_DATA)
                  202013ac    00000048     (.common:glUartTarget)
                  202013f4    00000038     (.common:ADC)
                  2020142c    00000034     (.common:UART_MUX)
                  20201460    00000034     (.common:USB_UART)
                  20201494    00000030     (.common:gUART_3Backup)
                  202014c4    00000024     (.common:UART_MUX_Timeout)
                  202014e8    00000024     (.common:USB_BUFFER)
                  2020150c    00000024     (.common:USB_Timeout)
                  20201530    00000020     (.common:Daughter_I2C)
                  20201550    00000020     (.common:Master_MCU)
                  20201570    00000010     i2c_common.o (.bss.tx_buffer)
                  20201580    00000010     i2c_common.o (.bss.verify_data)
                  20201590    00000004     (.common:executing_command)
                  20201594    00000003     (.common:glUartTargetIndexFromTimerIndex)
                  20201597    00000001     (.common:result)

.data      0    20201598    00000008     UNINITIALIZED
                  20201598    00000004     libc.a : aeabi_portable.c.obj (.data.__aeabi_errno)
                  2020159c    00000004            : strtok.c.obj (.data.last_end)

.stack     0    20207e00    00000200     UNINITIALIZED
                  20207e00    00000004     libc.a : boot_cortex_m.c.obj (.stack)
                  20207e04    000001fc     --HOLE--

__llvm_prf_cnts 
*          0    20200000    00000000     UNINITIALIZED

__llvm_prf_bits 
*          0    20200000    00000000     UNINITIALIZED

MODULE SUMMARY

       Module                         code    ro data   rw data
       ------                         ----    -------   -------
    .\
       adc_spi.o                      552     0         5372   
       measurement.o                  4160    921       0      
       maini2c.o                      1808    0         0      
       ti_msp_dl_config.o             1200    109       48     
       dynamic_parser.o               692     2         0      
       usb.o                          652     18        0      
       i2c_common.o                   624     0         32     
       test.o                         432     162       1      
       demo.o                         376     206       0      
       uart_mux.o                     532     40        0      
       app.o                          264     50        0      
       usb_mux.o                      300     0         0      
       delay_timer.o                  222     0         0      
       startup_mspm0g350x_ticlang.o   6       192       0      
       empty.o                        36      0         0      
    +--+------------------------------+-------+---------+---------+
       Total:                         11856   1700      5453   
                                                               
    C:/ti/mspm0_sdk_2_00_00_03/source/ti/driverlib/lib/ticlang/m0p/mspm0g1x0x_g3x0x/driverlib.a
       dl_timer.o                     260     0         0      
       dl_uart.o                      258     0         0      
       dl_i2c.o                       192     0         0      
       dl_spi.o                       170     0         0      
       dl_common.o                    10      0         0      
    +--+------------------------------+-------+---------+---------+
       Total:                         890     0         0      
                                                               
    C:\ti\ccstheia151\ccs\tools\compiler\ti-cgt-armllvm_4.0.0.LTS\lib\armv6m-ti-none-eabi/c/libc.a
       _printfi.c.obj                 2166    34        0      
       aeabi_ctype.S.obj              0       257       0      
       memcpy16.S.obj                 154     0         0      
       strcmp-armv6m.S.obj            136     0         0      
       copy_decompress_lzss.c.obj     124     0         0      
       memset16.S.obj                 98      0         0      
       sprintf.c.obj                  90      0         0      
       strtok.c.obj                   72      0         4      
       atoi.c.obj                     64      0         0      
       autoinit.c.obj                 60      0         0      
       boot_cortex_m.c.obj            40      0         0      
       strspn.c.obj                   38      0         0      
       strcspn.c.obj                  36      0         0      
       memccpy.c.obj                  34      0         0      
       memcmp.c.obj                   32      0         0      
       copy_decompress_none.c.obj     18      0         0      
       copy_zero_init.c.obj           16      0         0      
       wcslen.c.obj                   16      0         0      
       aeabi_portable.c.obj           8       0         4      
       exit.c.obj                     4       0         0      
       pre_init.c.obj                 4       0         0      
    +--+------------------------------+-------+---------+---------+
       Total:                         3210    291       8      
                                                               
    C:\ti\ccstheia151\ccs\tools\compiler\ti-cgt-armllvm_4.0.0.LTS\lib\armv6m-ti-none-eabi/libclang_rt.builtins.a
       udivmoddi4.S.obj               162     0         0      
       aeabi_uidivmod.S.obj           64      0         0      
       muldsi3.S.obj                  58      0         0      
       muldi3.S.obj                   36      0         0      
       ashldi3.S.obj                  30      0         0      
       aeabi_memset.S.obj             26      0         0      
       aeabi_uldivmod.S.obj           20      0         0      
       aeabi_memcpy.S.obj             8       0         0      
       aeabi_div0.c.obj               4       0         0      
    +--+------------------------------+-------+---------+---------+
       Total:                         408     0         0      
                                                               
    D:/Metron_firmware/MSPM0G_Library/Debug/MSPM0G_Library.lib
       UART_Interface.o               2194    0         0      
       SPI_block_transfer.o           852     0         0      
       Timer_Timeout.o                826     0         0      
       I2C_Controller.o               788     0         0      
       UART_Target.o                  672     0         75     
    +--+------------------------------+-------+---------+---------+
       Total:                         5332    0         75     
                                                               
       Stack:                         0       0         512    
       Linker Generated:              0       43        0      
    +--+------------------------------+-------+---------+---------+
       Grand Total:                   21696   2034      6048   


LINKER GENERATED COPY TABLES

__TI_cinit_table @ 00005ccc records: 2, size/record: 8, table size: 16
	.bss: load addr=00005cbc, load size=00000008 bytes, run addr=20200000, run size=00001598 bytes, compression=zero_init
	.data: load addr=00005cc4, load size=00000007 bytes, run addr=20201598, run size=00000008 bytes, compression=lzss


LINKER GENERATED HANDLER TABLE

__TI_handler_table @ 00005cb0 records: 3, size/record: 4, table size: 12
	index: 0, handler: __TI_decompress_lzss
	index: 1, handler: __TI_decompress_none
	index: 2, handler: __TI_zero_init


GLOBAL SYMBOLS: SORTED ALPHABETICALLY BY Name 

address   name                            
-------   ----                            
00001ead  AD4115_ReadSingleChannel        
202013f4  ADC                             
000024db  ADC0_IRQHandler                 
000024db  ADC1_IRQHandler                 
000024db  AES_IRQHandler                  
00005594  C$$EXIT                         
000024db  CANFD0_IRQHandler               
000024db  DAC0_IRQHandler                 
00005561  DL_Common_delayCycles           
00004355  DL_I2C_fillControllerTXFIFO     
000048bd  DL_I2C_flushTargetTXFIFO        
0000506b  DL_I2C_setClockConfig           
000044bd  DL_SPI_drainRXFIFO8             
00004775  DL_SPI_init                     
000053f1  DL_SPI_setClockConfig           
0000304d  DL_Timer_initTimerMode          
0000521d  DL_Timer_setClockConfig         
00004511  DL_UART_drainRXFIFO             
00004565  DL_UART_fillTXFIFO              
00004655  DL_UART_init                    
00005427  DL_UART_setClockConfig          
000024db  DMA_IRQHandler                  
20201530  Daughter_I2C                    
000024db  Default_Handler                 
00005239  Delay_Timer_Get                 
00005317  Delay_Timer_IRQ                 
00003a4d  Delay_Timer_Initialize          
0000537d  Delay_Timer_Start               
000024db  GROUP0_IRQHandler               
000024db  GROUP1_IRQHandler               
000024db  HardFault_Handler               
0000544d  I2C0_IRQHandler                 
0000545d  I2C1_IRQHandler                 
00002f4d  I2C_Controller_IRQ              
0000472d  I2C_Controller_Start_Receive    
00004011  I2C_Controller_Start_Transmit   
0000546d  I2C_Controller_Transaction_Done 
20201550  Master_MCU                      
000024db  NMI_Handler                     
000024db  PendSV_Handler                  
000024db  RTC_IRQHandler                  
0000558d  Reset_Handler                   
0000547d  SPI0_IRQHandler                 
000024db  SPI1_IRQHandler                 
00002991  SPI_Block_IRQ                   
00005391  SPI_Controller_Set_CS_High      
000053a5  SPI_Controller_Set_CS_Low       
0000321d  SPI_Transact_block              
000024db  SVC_Handler                     
0000415d  SYSCFG_DL_Daughter_I2C_init     
000033d5  SYSCFG_DL_GPIO_init             
000041c5  SYSCFG_DL_Master_I2C_init       
0000440d  SYSCFG_DL_SPI_0_init            
000047fd  SYSCFG_DL_SYSCTL_init           
000048f9  SYSCFG_DL_TIMER_0_init          
00004a99  SYSCFG_DL_TIMER_1_init          
00004935  SYSCFG_DL_TIMER_2_init          
00003ae5  SYSCFG_DL_UART_0_init           
00003b75  SYSCFG_DL_UART_3_init           
00004971  SYSCFG_DL_init                  
00003c91  SYSCFG_DL_initPower             
000024db  SysTick_Handler                 
000024db  TIMA0_IRQHandler                
000024db  TIMA1_IRQHandler                
0000548d  TIMG0_IRQHandler                
000024db  TIMG12_IRQHandler               
0000549d  TIMG6_IRQHandler                
000054ad  TIMG7_IRQHandler                
000024db  TIMG8_IRQHandler                
00004e11  Timer_Timeout_IRQ               
00002e4d  Timer_Timeout_Inialize          
00004b09  Timer_Timeout_Start             
000043b3  Timer_Timeout_Time_Set          
00004e3b  Timer_Timeout_reStart           
000054bd  UART0_IRQHandler                
000024db  UART1_IRQHandler                
000024db  UART2_IRQHandler                
000054cd  UART3_IRQHandler                
000022fd  UART_Interface_IRQ              
00002699  UART_Interface_Initialize       
00003737  UART_Interface_Start_Receive    
000035f1  UART_Interface_Start_Transmit   
00004b3f  UART_Interface_Stop_Receive     
2020142c  UART_MUX                        
202014c4  UART_MUX_Timeout                
0000422d  UART_Target_AssignCallBacks     
00004081  UART_Target_Initialize          
00004609  UART_Target_Receive             
000049ad  UART_Target_Transmit            
00005255  UART_Target_getState            
00003f25  UART_rxDMA_Initialize           
00003f9d  UART_txDMA_Initialize           
202014e8  USB_BUFFER                      
20200000  USB_DATA                        
2020150c  USB_Timeout                     
20201460  USB_UART                        
20208000  __STACK_END                     
00000200  __STACK_SIZE                    
00000000  __TI_ATRegion0_region_sz        
00000000  __TI_ATRegion0_src_addr         
00000000  __TI_ATRegion0_trg_addr         
00000000  __TI_ATRegion1_region_sz        
00000000  __TI_ATRegion1_src_addr         
00000000  __TI_ATRegion1_trg_addr         
00000000  __TI_ATRegion2_region_sz        
00000000  __TI_ATRegion2_src_addr         
00000000  __TI_ATRegion2_trg_addr         
00005ccc  __TI_CINIT_Base                 
00005cdc  __TI_CINIT_Limit                
00005cdc  __TI_CINIT_Warm                 
00005cb0  __TI_Handler_Table_Base         
00005cbc  __TI_Handler_Table_Limit        
000049e9  __TI_auto_init_nobinit_nopinit  
00003ea9  __TI_decompress_lzss            
00005439  __TI_decompress_none            
ffffffff  __TI_pprof_out_hndl             
00000959  __TI_printfi_nofloat            
ffffffff  __TI_prof_data_size             
ffffffff  __TI_prof_data_start            
00000000  __TI_static_base__              
0000551d  __TI_zero_init                  
000055a0  __aeabi_ctype_table_            
000055a0  __aeabi_ctype_table_C           
20201598  __aeabi_errno                   
00005575  __aeabi_errno_addr              
00002ad3  __aeabi_idiv0                   
0000304b  __aeabi_ldiv0                   
000051a9  __aeabi_llsl                    
000050b9  __aeabi_lmul                    
00005549  __aeabi_memclr                  
00005549  __aeabi_memclr4                 
00005549  __aeabi_memclr8                 
0000557d  __aeabi_memcpy                  
0000557d  __aeabi_memcpy4                 
0000557d  __aeabi_memcpy8                 
0000552d  __aeabi_memset                  
0000552d  __aeabi_memset4                 
0000552d  __aeabi_memset8                 
0000483d  __aeabi_uidiv                   
0000483d  __aeabi_uidivmod                
000053b9  __aeabi_uldivmod                
000051a9  __ashldi3                       
ffffffff  __binit__                       
UNDEFED   __mpu_init                      
000050b9  __muldi3                        
00004a25  __muldsi3                       
20207e00  __stack                         
20200000  __start___llvm_prf_bits         
20200000  __start___llvm_prf_cnts         
20200000  __stop___llvm_prf_bits          
20200000  __stop___llvm_prf_cnts          
00003695  __udivmoddi4                    
00004fd1  _c_int00_noargs                 
UNDEFED   _system_post_cinit              
00005591  _system_pre_init                
00005595  abort                           
00005585  app_init                        
0000487d  atoi                            
ffffffff  binit                           
00003e29  command_dispatcher              
00005555  defaultTimerSingleTriggerCB     
000054dd  defaultUartCallBack             
000054ed  defaultUartInprogressCallback   
000047b9  demo_command_handler            
00005169  differential_voltage_measurement
00001991  dynamic_parse                   
20201590  executing_command               
20201494  gUART_3Backup                   
00004465  getControllerStatus             
202013ac  glUartTarget                    
20201594  glUartTargetIndexFromTimerIndex 
0000283d  i2c_read                        
00002d31  i2c_write_verify                
00000000  interruptVectors                
00002ad5  led_demo_handler                
000050dd  main                            
00003489  measurement_command_handler     
00005125  memccpy                         
00005189  memcmp                          
000039b1  memcpy                          
00004291  memset                          
00003879  multiple_voltage_measurement    
000032f9  process_usb_command             
000000c1  resistance_handler              
00001c45  resistance_measurement          
20201597  result                          
000011c1  single_voltage_measurement      
00004ad1  sprintf                         
00003da1  strcmp                          
00005101  strcspn                         
00005091  strspn                          
0000469d  strtok                          
00004cd1  targetRxDoneCb                  
000040f1  targetRxInProgressCb            
00004d01  targetTxDoneCb                  
00004fa9  targetTxInProgressCb            
000042f5  test_command_handler            
00004ba9  timerCallback                   
000024dd  uart_loopback_start             
000046e5  uart_rmux_select                
0000353d  uart_test_handler               
000054fd  uart_vmux_select                
00002c09  usb_fsm                         
000037d9  usb_function_test               
00003d19  usb_init                        
00003c05  usb_resistance_test             
00003915  usb_test_handler                
000015ad  voltage_diff_handler            
00003135  voltage_multiple_handler        
000020d5  voltage_single_handler          
00004e65  waitForControllerToIdle         
0000550d  wcslen                          


GLOBAL SYMBOLS: SORTED BY Symbol Address 

address   name                            
-------   ----                            
00000000  __TI_ATRegion0_region_sz        
00000000  __TI_ATRegion0_src_addr         
00000000  __TI_ATRegion0_trg_addr         
00000000  __TI_ATRegion1_region_sz        
00000000  __TI_ATRegion1_src_addr         
00000000  __TI_ATRegion1_trg_addr         
00000000  __TI_ATRegion2_region_sz        
00000000  __TI_ATRegion2_src_addr         
00000000  __TI_ATRegion2_trg_addr         
00000000  __TI_static_base__              
00000000  interruptVectors                
000000c1  resistance_handler              
00000200  __STACK_SIZE                    
00000959  __TI_printfi_nofloat            
000011c1  single_voltage_measurement      
000015ad  voltage_diff_handler            
00001991  dynamic_parse                   
00001c45  resistance_measurement          
00001ead  AD4115_ReadSingleChannel        
000020d5  voltage_single_handler          
000022fd  UART_Interface_IRQ              
000024db  ADC0_IRQHandler                 
000024db  ADC1_IRQHandler                 
000024db  AES_IRQHandler                  
000024db  CANFD0_IRQHandler               
000024db  DAC0_IRQHandler                 
000024db  DMA_IRQHandler                  
000024db  Default_Handler                 
000024db  GROUP0_IRQHandler               
000024db  GROUP1_IRQHandler               
000024db  HardFault_Handler               
000024db  NMI_Handler                     
000024db  PendSV_Handler                  
000024db  RTC_IRQHandler                  
000024db  SPI1_IRQHandler                 
000024db  SVC_Handler                     
000024db  SysTick_Handler                 
000024db  TIMA0_IRQHandler                
000024db  TIMA1_IRQHandler                
000024db  TIMG12_IRQHandler               
000024db  TIMG8_IRQHandler                
000024db  UART1_IRQHandler                
000024db  UART2_IRQHandler                
000024dd  uart_loopback_start             
00002699  UART_Interface_Initialize       
0000283d  i2c_read                        
00002991  SPI_Block_IRQ                   
00002ad3  __aeabi_idiv0                   
00002ad5  led_demo_handler                
00002c09  usb_fsm                         
00002d31  i2c_write_verify                
00002e4d  Timer_Timeout_Inialize          
00002f4d  I2C_Controller_IRQ              
0000304b  __aeabi_ldiv0                   
0000304d  DL_Timer_initTimerMode          
00003135  voltage_multiple_handler        
0000321d  SPI_Transact_block              
000032f9  process_usb_command             
000033d5  SYSCFG_DL_GPIO_init             
00003489  measurement_command_handler     
0000353d  uart_test_handler               
000035f1  UART_Interface_Start_Transmit   
00003695  __udivmoddi4                    
00003737  UART_Interface_Start_Receive    
000037d9  usb_function_test               
00003879  multiple_voltage_measurement    
00003915  usb_test_handler                
000039b1  memcpy                          
00003a4d  Delay_Timer_Initialize          
00003ae5  SYSCFG_DL_UART_0_init           
00003b75  SYSCFG_DL_UART_3_init           
00003c05  usb_resistance_test             
00003c91  SYSCFG_DL_initPower             
00003d19  usb_init                        
00003da1  strcmp                          
00003e29  command_dispatcher              
00003ea9  __TI_decompress_lzss            
00003f25  UART_rxDMA_Initialize           
00003f9d  UART_txDMA_Initialize           
00004011  I2C_Controller_Start_Transmit   
00004081  UART_Target_Initialize          
000040f1  targetRxInProgressCb            
0000415d  SYSCFG_DL_Daughter_I2C_init     
000041c5  SYSCFG_DL_Master_I2C_init       
0000422d  UART_Target_AssignCallBacks     
00004291  memset                          
000042f5  test_command_handler            
00004355  DL_I2C_fillControllerTXFIFO     
000043b3  Timer_Timeout_Time_Set          
0000440d  SYSCFG_DL_SPI_0_init            
00004465  getControllerStatus             
000044bd  DL_SPI_drainRXFIFO8             
00004511  DL_UART_drainRXFIFO             
00004565  DL_UART_fillTXFIFO              
00004609  UART_Target_Receive             
00004655  DL_UART_init                    
0000469d  strtok                          
000046e5  uart_rmux_select                
0000472d  I2C_Controller_Start_Receive    
00004775  DL_SPI_init                     
000047b9  demo_command_handler            
000047fd  SYSCFG_DL_SYSCTL_init           
0000483d  __aeabi_uidiv                   
0000483d  __aeabi_uidivmod                
0000487d  atoi                            
000048bd  DL_I2C_flushTargetTXFIFO        
000048f9  SYSCFG_DL_TIMER_0_init          
00004935  SYSCFG_DL_TIMER_2_init          
00004971  SYSCFG_DL_init                  
000049ad  UART_Target_Transmit            
000049e9  __TI_auto_init_nobinit_nopinit  
00004a25  __muldsi3                       
00004a99  SYSCFG_DL_TIMER_1_init          
00004ad1  sprintf                         
00004b09  Timer_Timeout_Start             
00004b3f  UART_Interface_Stop_Receive     
00004ba9  timerCallback                   
00004cd1  targetRxDoneCb                  
00004d01  targetTxDoneCb                  
00004e11  Timer_Timeout_IRQ               
00004e3b  Timer_Timeout_reStart           
00004e65  waitForControllerToIdle         
00004fa9  targetTxInProgressCb            
00004fd1  _c_int00_noargs                 
0000506b  DL_I2C_setClockConfig           
00005091  strspn                          
000050b9  __aeabi_lmul                    
000050b9  __muldi3                        
000050dd  main                            
00005101  strcspn                         
00005125  memccpy                         
00005169  differential_voltage_measurement
00005189  memcmp                          
000051a9  __aeabi_llsl                    
000051a9  __ashldi3                       
0000521d  DL_Timer_setClockConfig         
00005239  Delay_Timer_Get                 
00005255  UART_Target_getState            
00005317  Delay_Timer_IRQ                 
0000537d  Delay_Timer_Start               
00005391  SPI_Controller_Set_CS_High      
000053a5  SPI_Controller_Set_CS_Low       
000053b9  __aeabi_uldivmod                
000053f1  DL_SPI_setClockConfig           
00005427  DL_UART_setClockConfig          
00005439  __TI_decompress_none            
0000544d  I2C0_IRQHandler                 
0000545d  I2C1_IRQHandler                 
0000546d  I2C_Controller_Transaction_Done 
0000547d  SPI0_IRQHandler                 
0000548d  TIMG0_IRQHandler                
0000549d  TIMG6_IRQHandler                
000054ad  TIMG7_IRQHandler                
000054bd  UART0_IRQHandler                
000054cd  UART3_IRQHandler                
000054dd  defaultUartCallBack             
000054ed  defaultUartInprogressCallback   
000054fd  uart_vmux_select                
0000550d  wcslen                          
0000551d  __TI_zero_init                  
0000552d  __aeabi_memset                  
0000552d  __aeabi_memset4                 
0000552d  __aeabi_memset8                 
00005549  __aeabi_memclr                  
00005549  __aeabi_memclr4                 
00005549  __aeabi_memclr8                 
00005555  defaultTimerSingleTriggerCB     
00005561  DL_Common_delayCycles           
00005575  __aeabi_errno_addr              
0000557d  __aeabi_memcpy                  
0000557d  __aeabi_memcpy4                 
0000557d  __aeabi_memcpy8                 
00005585  app_init                        
0000558d  Reset_Handler                   
00005591  _system_pre_init                
00005594  C$$EXIT                         
00005595  abort                           
000055a0  __aeabi_ctype_table_            
000055a0  __aeabi_ctype_table_C           
00005cb0  __TI_Handler_Table_Base         
00005cbc  __TI_Handler_Table_Limit        
00005ccc  __TI_CINIT_Base                 
00005cdc  __TI_CINIT_Limit                
00005cdc  __TI_CINIT_Warm                 
20200000  USB_DATA                        
20200000  __start___llvm_prf_bits         
20200000  __start___llvm_prf_cnts         
20200000  __stop___llvm_prf_bits          
20200000  __stop___llvm_prf_cnts          
202013ac  glUartTarget                    
202013f4  ADC                             
2020142c  UART_MUX                        
20201460  USB_UART                        
20201494  gUART_3Backup                   
202014c4  UART_MUX_Timeout                
202014e8  USB_BUFFER                      
2020150c  USB_Timeout                     
20201530  Daughter_I2C                    
20201550  Master_MCU                      
20201590  executing_command               
20201594  glUartTargetIndexFromTimerIndex 
20201597  result                          
20201598  __aeabi_errno                   
20207e00  __stack                         
20208000  __STACK_END                     
ffffffff  __TI_pprof_out_hndl             
ffffffff  __TI_prof_data_size             
ffffffff  __TI_prof_data_start            
ffffffff  __binit__                       
ffffffff  binit                           
UNDEFED   __mpu_init                      
UNDEFED   _system_post_cinit              

[212 symbols]
