<?xml version="1.0" encoding="ISO-8859-1" ?>
<link_info>
   <banner>TI ARM Clang Linker PC v4.0.0.LTS</banner>
   <copyright>Copyright (c) 1996-2018 Texas Instruments Incorporated</copyright>
   <command_line>C:\ti\ccstheia151\ccs\tools\compiler\ti-cgt-armllvm_4.0.0.LTS\bin\tiarmlnk -IC:\ti\ccstheia151\ccs\tools\compiler\ti-cgt-armllvm_4.0.0.LTS\lib -o main.out -mmain.map -iC:/ti/mspm0_sdk_2_00_00_03/source -iD:/Metron_firmware/main -iD:/Metron_firmware/main/Debug/syscfg -iC:/ti/ccstheia151/ccs/tools/compiler/ti-cgt-armllvm_4.0.0.LTS/lib -iD:/Metron_firmware/MSPM0G_Library/Debug --diag_wrap=off --display_error_number --warn_sections --xml_link_info=main_linkInfo.xml --rom_model ./DB_board.o ./adc_spi.o ./app.o ./delay_timer.o ./demo.o ./dynamic_parser.o ./empty.o ./ti_msp_dl_config.o ./startup_mspm0g350x_ticlang.o ./i2c_common.o ./maini2c.o ./measurement.o ./test.o ./uart_mux.o ./usb.o ./usb_mux.o -l./device_linker.cmd -ldevice.cmd.genlibs -llibc.a -lMSPM0G_Library.lib --start-group -llibc++.a -llibc++abi.a -llibc.a -llibsys.a -llibsysbm.a -llibclang_rt.builtins.a -llibclang_rt.profile.a --end-group --cg_opt_level=2</command_line>
   <link_time>0x6a2b92e4</link_time>
   <link_errors>0x0</link_errors>
   <output_file>D:\Metron_firmware\main\Debug\main.out</output_file>
   <entry_point>
      <name>_c_int00_noargs</name>
      <address>0x4fd1</address>
   </entry_point>
   <input_file_list>
      <input_file id="fl-1">
         <path>D:\Metron_firmware\main\Debug\.\</path>
         <kind>object</kind>
         <file>DB_board.o</file>
         <name>DB_board.o</name>
      </input_file>
      <input_file id="fl-2">
         <path>D:\Metron_firmware\main\Debug\.\</path>
         <kind>object</kind>
         <file>adc_spi.o</file>
         <name>adc_spi.o</name>
      </input_file>
      <input_file id="fl-3">
         <path>D:\Metron_firmware\main\Debug\.\</path>
         <kind>object</kind>
         <file>app.o</file>
         <name>app.o</name>
      </input_file>
      <input_file id="fl-4">
         <path>D:\Metron_firmware\main\Debug\.\</path>
         <kind>object</kind>
         <file>delay_timer.o</file>
         <name>delay_timer.o</name>
      </input_file>
      <input_file id="fl-5">
         <path>D:\Metron_firmware\main\Debug\.\</path>
         <kind>object</kind>
         <file>demo.o</file>
         <name>demo.o</name>
      </input_file>
      <input_file id="fl-6">
         <path>D:\Metron_firmware\main\Debug\.\</path>
         <kind>object</kind>
         <file>dynamic_parser.o</file>
         <name>dynamic_parser.o</name>
      </input_file>
      <input_file id="fl-7">
         <path>D:\Metron_firmware\main\Debug\.\</path>
         <kind>object</kind>
         <file>empty.o</file>
         <name>empty.o</name>
      </input_file>
      <input_file id="fl-8">
         <path>D:\Metron_firmware\main\Debug\.\</path>
         <kind>object</kind>
         <file>ti_msp_dl_config.o</file>
         <name>ti_msp_dl_config.o</name>
      </input_file>
      <input_file id="fl-9">
         <path>D:\Metron_firmware\main\Debug\.\</path>
         <kind>object</kind>
         <file>startup_mspm0g350x_ticlang.o</file>
         <name>startup_mspm0g350x_ticlang.o</name>
      </input_file>
      <input_file id="fl-a">
         <path>D:\Metron_firmware\main\Debug\.\</path>
         <kind>object</kind>
         <file>i2c_common.o</file>
         <name>i2c_common.o</name>
      </input_file>
      <input_file id="fl-b">
         <path>D:\Metron_firmware\main\Debug\.\</path>
         <kind>object</kind>
         <file>maini2c.o</file>
         <name>maini2c.o</name>
      </input_file>
      <input_file id="fl-c">
         <path>D:\Metron_firmware\main\Debug\.\</path>
         <kind>object</kind>
         <file>measurement.o</file>
         <name>measurement.o</name>
      </input_file>
      <input_file id="fl-d">
         <path>D:\Metron_firmware\main\Debug\.\</path>
         <kind>object</kind>
         <file>test.o</file>
         <name>test.o</name>
      </input_file>
      <input_file id="fl-e">
         <path>D:\Metron_firmware\main\Debug\.\</path>
         <kind>object</kind>
         <file>uart_mux.o</file>
         <name>uart_mux.o</name>
      </input_file>
      <input_file id="fl-f">
         <path>D:\Metron_firmware\main\Debug\.\</path>
         <kind>object</kind>
         <file>usb.o</file>
         <name>usb.o</name>
      </input_file>
      <input_file id="fl-10">
         <path>D:\Metron_firmware\main\Debug\.\</path>
         <kind>object</kind>
         <file>usb_mux.o</file>
         <name>usb_mux.o</name>
      </input_file>
      <input_file id="fl-1e">
         <path>D:\Metron_firmware\main\Debug\</path>
         <kind>object</kind>
         <file>&lt;internal&gt;</file>
         <name>&lt;internal&gt;</name>
      </input_file>
      <input_file id="fl-1f">
         <path>C:\ti\mspm0_sdk_2_00_00_03\source\ti\driverlib\lib\ticlang\m0p\mspm0g1x0x_g3x0x\</path>
         <kind>archive</kind>
         <file>driverlib.a</file>
         <name>dl_common.o</name>
      </input_file>
      <input_file id="fl-20">
         <path>C:\ti\mspm0_sdk_2_00_00_03\source\ti\driverlib\lib\ticlang\m0p\mspm0g1x0x_g3x0x\</path>
         <kind>archive</kind>
         <file>driverlib.a</file>
         <name>dl_i2c.o</name>
      </input_file>
      <input_file id="fl-21">
         <path>C:\ti\mspm0_sdk_2_00_00_03\source\ti\driverlib\lib\ticlang\m0p\mspm0g1x0x_g3x0x\</path>
         <kind>archive</kind>
         <file>driverlib.a</file>
         <name>dl_spi.o</name>
      </input_file>
      <input_file id="fl-22">
         <path>C:\ti\mspm0_sdk_2_00_00_03\source\ti\driverlib\lib\ticlang\m0p\mspm0g1x0x_g3x0x\</path>
         <kind>archive</kind>
         <file>driverlib.a</file>
         <name>dl_timer.o</name>
      </input_file>
      <input_file id="fl-23">
         <path>C:\ti\mspm0_sdk_2_00_00_03\source\ti\driverlib\lib\ticlang\m0p\mspm0g1x0x_g3x0x\</path>
         <kind>archive</kind>
         <file>driverlib.a</file>
         <name>dl_uart.o</name>
      </input_file>
      <input_file id="fl-38">
         <path>C:\ti\ccstheia151\ccs\tools\compiler\ti-cgt-armllvm_4.0.0.LTS\lib\armv6m-ti-none-eabi\c\</path>
         <kind>archive</kind>
         <file>libc.a</file>
         <name>sprintf.c.obj</name>
      </input_file>
      <input_file id="fl-39">
         <path>C:\ti\ccstheia151\ccs\tools\compiler\ti-cgt-armllvm_4.0.0.LTS\lib\armv6m-ti-none-eabi\c\</path>
         <kind>archive</kind>
         <file>libc.a</file>
         <name>strcmp-armv6m.S.obj</name>
      </input_file>
      <input_file id="fl-3a">
         <path>C:\ti\ccstheia151\ccs\tools\compiler\ti-cgt-armllvm_4.0.0.LTS\lib\armv6m-ti-none-eabi\c\</path>
         <kind>archive</kind>
         <file>libc.a</file>
         <name>memcmp.c.obj</name>
      </input_file>
      <input_file id="fl-3b">
         <path>C:\ti\ccstheia151\ccs\tools\compiler\ti-cgt-armllvm_4.0.0.LTS\lib\armv6m-ti-none-eabi\c\</path>
         <kind>archive</kind>
         <file>libc.a</file>
         <name>strtok.c.obj</name>
      </input_file>
      <input_file id="fl-3c">
         <path>C:\ti\ccstheia151\ccs\tools\compiler\ti-cgt-armllvm_4.0.0.LTS\lib\armv6m-ti-none-eabi\c\</path>
         <kind>archive</kind>
         <file>libc.a</file>
         <name>boot_cortex_m.c.obj</name>
      </input_file>
      <input_file id="fl-3d">
         <path>C:\ti\ccstheia151\ccs\tools\compiler\ti-cgt-armllvm_4.0.0.LTS\lib\armv6m-ti-none-eabi\c\</path>
         <kind>archive</kind>
         <file>libc.a</file>
         <name>mathacl_init.c.obj</name>
      </input_file>
      <input_file id="fl-3e">
         <path>C:\ti\ccstheia151\ccs\tools\compiler\ti-cgt-armllvm_4.0.0.LTS\lib\armv6m-ti-none-eabi\c\</path>
         <kind>archive</kind>
         <file>libc.a</file>
         <name>autoinit.c.obj</name>
      </input_file>
      <input_file id="fl-3f">
         <path>C:\ti\ccstheia151\ccs\tools\compiler\ti-cgt-armllvm_4.0.0.LTS\lib\armv6m-ti-none-eabi\c\</path>
         <kind>archive</kind>
         <file>libc.a</file>
         <name>pre_init.c.obj</name>
      </input_file>
      <input_file id="fl-40">
         <path>C:\ti\ccstheia151\ccs\tools\compiler\ti-cgt-armllvm_4.0.0.LTS\lib\armv6m-ti-none-eabi\c\</path>
         <kind>archive</kind>
         <file>libc.a</file>
         <name>cpy_tbl.c.obj</name>
      </input_file>
      <input_file id="fl-41">
         <path>C:\ti\ccstheia151\ccs\tools\compiler\ti-cgt-armllvm_4.0.0.LTS\lib\armv6m-ti-none-eabi\c\</path>
         <kind>archive</kind>
         <file>libc.a</file>
         <name>copy_zero_init.c.obj</name>
      </input_file>
      <input_file id="fl-42">
         <path>C:\ti\ccstheia151\ccs\tools\compiler\ti-cgt-armllvm_4.0.0.LTS\lib\armv6m-ti-none-eabi\c\</path>
         <kind>archive</kind>
         <file>libc.a</file>
         <name>copy_decompress_none.c.obj</name>
      </input_file>
      <input_file id="fl-43">
         <path>C:\ti\ccstheia151\ccs\tools\compiler\ti-cgt-armllvm_4.0.0.LTS\lib\armv6m-ti-none-eabi\c\</path>
         <kind>archive</kind>
         <file>libc.a</file>
         <name>copy_decompress_lzss.c.obj</name>
      </input_file>
      <input_file id="fl-44">
         <path>C:\ti\ccstheia151\ccs\tools\compiler\ti-cgt-armllvm_4.0.0.LTS\lib\armv6m-ti-none-eabi\c\</path>
         <kind>archive</kind>
         <file>libc.a</file>
         <name>_printfi.c.obj</name>
      </input_file>
      <input_file id="fl-45">
         <path>C:\ti\ccstheia151\ccs\tools\compiler\ti-cgt-armllvm_4.0.0.LTS\lib\armv6m-ti-none-eabi\c\</path>
         <kind>archive</kind>
         <file>libc.a</file>
         <name>wcslen.c.obj</name>
      </input_file>
      <input_file id="fl-46">
         <path>C:\ti\ccstheia151\ccs\tools\compiler\ti-cgt-armllvm_4.0.0.LTS\lib\armv6m-ti-none-eabi\c\</path>
         <kind>archive</kind>
         <file>libc.a</file>
         <name>s_frexp.c.obj</name>
      </input_file>
      <input_file id="fl-47">
         <path>C:\ti\ccstheia151\ccs\tools\compiler\ti-cgt-armllvm_4.0.0.LTS\lib\armv6m-ti-none-eabi\c\</path>
         <kind>archive</kind>
         <file>libc.a</file>
         <name>s_scalbn.c.obj</name>
      </input_file>
      <input_file id="fl-48">
         <path>C:\ti\ccstheia151\ccs\tools\compiler\ti-cgt-armllvm_4.0.0.LTS\lib\armv6m-ti-none-eabi\c\</path>
         <kind>archive</kind>
         <file>libc.a</file>
         <name>aeabi_portable.c.obj</name>
      </input_file>
      <input_file id="fl-49">
         <path>C:\ti\ccstheia151\ccs\tools\compiler\ti-cgt-armllvm_4.0.0.LTS\lib\armv6m-ti-none-eabi\c\</path>
         <kind>archive</kind>
         <file>libc.a</file>
         <name>exit.c.obj</name>
      </input_file>
      <input_file id="fl-4a">
         <path>C:\ti\ccstheia151\ccs\tools\compiler\ti-cgt-armllvm_4.0.0.LTS\lib\armv6m-ti-none-eabi\c\</path>
         <kind>archive</kind>
         <file>libc.a</file>
         <name>_lock.c.obj</name>
      </input_file>
      <input_file id="fl-4b">
         <path>C:\ti\ccstheia151\ccs\tools\compiler\ti-cgt-armllvm_4.0.0.LTS\lib\armv6m-ti-none-eabi\c\</path>
         <kind>archive</kind>
         <file>libc.a</file>
         <name>_ltoa.c.obj</name>
      </input_file>
      <input_file id="fl-4c">
         <path>C:\ti\ccstheia151\ccs\tools\compiler\ti-cgt-armllvm_4.0.0.LTS\lib\armv6m-ti-none-eabi\c\</path>
         <kind>archive</kind>
         <file>libc.a</file>
         <name>args_main.c.obj</name>
      </input_file>
      <input_file id="fl-4d">
         <path>C:\ti\ccstheia151\ccs\tools\compiler\ti-cgt-armllvm_4.0.0.LTS\lib\armv6m-ti-none-eabi\c\</path>
         <kind>archive</kind>
         <file>libc.a</file>
         <name>assert.c.obj</name>
      </input_file>
      <input_file id="fl-4e">
         <path>C:\ti\ccstheia151\ccs\tools\compiler\ti-cgt-armllvm_4.0.0.LTS\lib\armv6m-ti-none-eabi\c\</path>
         <kind>archive</kind>
         <file>libc.a</file>
         <name>atoi.c.obj</name>
      </input_file>
      <input_file id="fl-4f">
         <path>C:\ti\ccstheia151\ccs\tools\compiler\ti-cgt-armllvm_4.0.0.LTS\lib\armv6m-ti-none-eabi\c\</path>
         <kind>archive</kind>
         <file>libc.a</file>
         <name>defs.c.obj</name>
      </input_file>
      <input_file id="fl-50">
         <path>C:\ti\ccstheia151\ccs\tools\compiler\ti-cgt-armllvm_4.0.0.LTS\lib\armv6m-ti-none-eabi\c\</path>
         <kind>archive</kind>
         <file>libc.a</file>
         <name>memccpy.c.obj</name>
      </input_file>
      <input_file id="fl-51">
         <path>C:\ti\ccstheia151\ccs\tools\compiler\ti-cgt-armllvm_4.0.0.LTS\lib\armv6m-ti-none-eabi\c\</path>
         <kind>archive</kind>
         <file>libc.a</file>
         <name>memory.c.obj</name>
      </input_file>
      <input_file id="fl-52">
         <path>C:\ti\ccstheia151\ccs\tools\compiler\ti-cgt-armllvm_4.0.0.LTS\lib\armv6m-ti-none-eabi\c\</path>
         <kind>archive</kind>
         <file>libc.a</file>
         <name>strcspn.c.obj</name>
      </input_file>
      <input_file id="fl-53">
         <path>C:\ti\ccstheia151\ccs\tools\compiler\ti-cgt-armllvm_4.0.0.LTS\lib\armv6m-ti-none-eabi\c\</path>
         <kind>archive</kind>
         <file>libc.a</file>
         <name>strspn.c.obj</name>
      </input_file>
      <input_file id="fl-54">
         <path>C:\ti\ccstheia151\ccs\tools\compiler\ti-cgt-armllvm_4.0.0.LTS\lib\armv6m-ti-none-eabi\c\</path>
         <kind>archive</kind>
         <file>libc.a</file>
         <name>fflush.c.obj</name>
      </input_file>
      <input_file id="fl-55">
         <path>C:\ti\ccstheia151\ccs\tools\compiler\ti-cgt-armllvm_4.0.0.LTS\lib\armv6m-ti-none-eabi\c\</path>
         <kind>archive</kind>
         <file>libc.a</file>
         <name>fputs.c.obj</name>
      </input_file>
      <input_file id="fl-56">
         <path>C:\ti\ccstheia151\ccs\tools\compiler\ti-cgt-armllvm_4.0.0.LTS\lib\armv6m-ti-none-eabi\c\</path>
         <kind>archive</kind>
         <file>libc.a</file>
         <name>_io_perm.c.obj</name>
      </input_file>
      <input_file id="fl-57">
         <path>C:\ti\ccstheia151\ccs\tools\compiler\ti-cgt-armllvm_4.0.0.LTS\lib\armv6m-ti-none-eabi\c\</path>
         <kind>archive</kind>
         <file>libc.a</file>
         <name>setvbuf.c.obj</name>
      </input_file>
      <input_file id="fl-58">
         <path>C:\ti\ccstheia151\ccs\tools\compiler\ti-cgt-armllvm_4.0.0.LTS\lib\armv6m-ti-none-eabi\c\</path>
         <kind>archive</kind>
         <file>libc.a</file>
         <name>aeabi_ctype.S.obj</name>
      </input_file>
      <input_file id="fl-59">
         <path>C:\ti\ccstheia151\ccs\tools\compiler\ti-cgt-armllvm_4.0.0.LTS\lib\armv6m-ti-none-eabi\c\</path>
         <kind>archive</kind>
         <file>libc.a</file>
         <name>fopen.c.obj</name>
      </input_file>
      <input_file id="fl-5a">
         <path>C:\ti\ccstheia151\ccs\tools\compiler\ti-cgt-armllvm_4.0.0.LTS\lib\armv6m-ti-none-eabi\c\</path>
         <kind>archive</kind>
         <file>libc.a</file>
         <name>fseek.c.obj</name>
      </input_file>
      <input_file id="fl-5b">
         <path>C:\ti\ccstheia151\ccs\tools\compiler\ti-cgt-armllvm_4.0.0.LTS\lib\armv6m-ti-none-eabi\c\</path>
         <kind>archive</kind>
         <file>libc.a</file>
         <name>fclose.c.obj</name>
      </input_file>
      <input_file id="fl-5c">
         <path>D:\Metron_firmware\MSPM0G_Library\Debug\</path>
         <kind>archive</kind>
         <file>MSPM0G_Library.lib</file>
         <name>I2C_Controller.o</name>
      </input_file>
      <input_file id="fl-5d">
         <path>D:\Metron_firmware\MSPM0G_Library\Debug\</path>
         <kind>archive</kind>
         <file>MSPM0G_Library.lib</file>
         <name>SPI_block_transfer.o</name>
      </input_file>
      <input_file id="fl-5e">
         <path>D:\Metron_firmware\MSPM0G_Library\Debug\</path>
         <kind>archive</kind>
         <file>MSPM0G_Library.lib</file>
         <name>Timer_Timeout.o</name>
      </input_file>
      <input_file id="fl-5f">
         <path>D:\Metron_firmware\MSPM0G_Library\Debug\</path>
         <kind>archive</kind>
         <file>MSPM0G_Library.lib</file>
         <name>UART_Interface.o</name>
      </input_file>
      <input_file id="fl-60">
         <path>D:\Metron_firmware\MSPM0G_Library\Debug\</path>
         <kind>archive</kind>
         <file>MSPM0G_Library.lib</file>
         <name>UART_Target.o</name>
      </input_file>
      <input_file id="fl-f6">
         <path>C:\ti\ccstheia151\ccs\tools\compiler\ti-cgt-armllvm_4.0.0.LTS\lib\armv6m-ti-none-eabi\c\</path>
         <kind>archive</kind>
         <file>libsysbm.a</file>
         <name>write.c.obj</name>
      </input_file>
      <input_file id="fl-f7">
         <path>C:\ti\ccstheia151\ccs\tools\compiler\ti-cgt-armllvm_4.0.0.LTS\lib\armv6m-ti-none-eabi\c\</path>
         <kind>archive</kind>
         <file>libsysbm.a</file>
         <name>host_device.c.obj</name>
      </input_file>
      <input_file id="fl-f8">
         <path>C:\ti\ccstheia151\ccs\tools\compiler\ti-cgt-armllvm_4.0.0.LTS\lib\armv6m-ti-none-eabi\c\</path>
         <kind>archive</kind>
         <file>libsysbm.a</file>
         <name>remove.c.obj</name>
      </input_file>
      <input_file id="fl-f9">
         <path>C:\ti\ccstheia151\ccs\tools\compiler\ti-cgt-armllvm_4.0.0.LTS\lib\armv6m-ti-none-eabi\c\</path>
         <kind>archive</kind>
         <file>libsysbm.a</file>
         <name>open.c.obj</name>
      </input_file>
      <input_file id="fl-fa">
         <path>C:\ti\ccstheia151\ccs\tools\compiler\ti-cgt-armllvm_4.0.0.LTS\lib\armv6m-ti-none-eabi\c\</path>
         <kind>archive</kind>
         <file>libsysbm.a</file>
         <name>lseek.c.obj</name>
      </input_file>
      <input_file id="fl-fb">
         <path>C:\ti\ccstheia151\ccs\tools\compiler\ti-cgt-armllvm_4.0.0.LTS\lib\armv6m-ti-none-eabi\c\</path>
         <kind>archive</kind>
         <file>libsysbm.a</file>
         <name>close.c.obj</name>
      </input_file>
      <input_file id="fl-fc">
         <path>C:\ti\ccstheia151\ccs\tools\compiler\ti-cgt-armllvm_4.0.0.LTS\lib\armv6m-ti-none-eabi\c\</path>
         <kind>archive</kind>
         <file>libsysbm.a</file>
         <name>unlink.c.obj</name>
      </input_file>
      <input_file id="fl-fd">
         <path>C:\ti\ccstheia151\ccs\tools\compiler\ti-cgt-armllvm_4.0.0.LTS\lib\armv6m-ti-none-eabi\c\</path>
         <kind>archive</kind>
         <file>libsysbm.a</file>
         <name>hostclose.c.obj</name>
      </input_file>
      <input_file id="fl-fe">
         <path>C:\ti\ccstheia151\ccs\tools\compiler\ti-cgt-armllvm_4.0.0.LTS\lib\armv6m-ti-none-eabi\c\</path>
         <kind>archive</kind>
         <file>libsysbm.a</file>
         <name>hostlseek.c.obj</name>
      </input_file>
      <input_file id="fl-ff">
         <path>C:\ti\ccstheia151\ccs\tools\compiler\ti-cgt-armllvm_4.0.0.LTS\lib\armv6m-ti-none-eabi\c\</path>
         <kind>archive</kind>
         <file>libsysbm.a</file>
         <name>hostopen.c.obj</name>
      </input_file>
      <input_file id="fl-100">
         <path>C:\ti\ccstheia151\ccs\tools\compiler\ti-cgt-armllvm_4.0.0.LTS\lib\armv6m-ti-none-eabi\c\</path>
         <kind>archive</kind>
         <file>libsysbm.a</file>
         <name>hostread.c.obj</name>
      </input_file>
      <input_file id="fl-101">
         <path>C:\ti\ccstheia151\ccs\tools\compiler\ti-cgt-armllvm_4.0.0.LTS\lib\armv6m-ti-none-eabi\c\</path>
         <kind>archive</kind>
         <file>libsysbm.a</file>
         <name>hostrename.c.obj</name>
      </input_file>
      <input_file id="fl-102">
         <path>C:\ti\ccstheia151\ccs\tools\compiler\ti-cgt-armllvm_4.0.0.LTS\lib\armv6m-ti-none-eabi\c\</path>
         <kind>archive</kind>
         <file>libsysbm.a</file>
         <name>hostunlink.c.obj</name>
      </input_file>
      <input_file id="fl-103">
         <path>C:\ti\ccstheia151\ccs\tools\compiler\ti-cgt-armllvm_4.0.0.LTS\lib\armv6m-ti-none-eabi\c\</path>
         <kind>archive</kind>
         <file>libsysbm.a</file>
         <name>hostwrite.c.obj</name>
      </input_file>
      <input_file id="fl-104">
         <path>C:\ti\ccstheia151\ccs\tools\compiler\ti-cgt-armllvm_4.0.0.LTS\lib\armv6m-ti-none-eabi\c\</path>
         <kind>archive</kind>
         <file>libsysbm.a</file>
         <name>trgmsg.c.obj</name>
      </input_file>
      <input_file id="fl-105">
         <path>C:\ti\ccstheia151\ccs\tools\compiler\ti-cgt-armllvm_4.0.0.LTS\lib\armv6m-ti-none-eabi\</path>
         <kind>archive</kind>
         <file>libclang_rt.builtins.a</file>
         <name>adddf3.S.obj</name>
      </input_file>
      <input_file id="fl-106">
         <path>C:\ti\ccstheia151\ccs\tools\compiler\ti-cgt-armllvm_4.0.0.LTS\lib\armv6m-ti-none-eabi\</path>
         <kind>archive</kind>
         <file>libclang_rt.builtins.a</file>
         <name>muldf3.S.obj</name>
      </input_file>
      <input_file id="fl-107">
         <path>C:\ti\ccstheia151\ccs\tools\compiler\ti-cgt-armllvm_4.0.0.LTS\lib\armv6m-ti-none-eabi\</path>
         <kind>archive</kind>
         <file>libclang_rt.builtins.a</file>
         <name>muldsi3.S.obj</name>
      </input_file>
      <input_file id="fl-108">
         <path>C:\ti\ccstheia151\ccs\tools\compiler\ti-cgt-armllvm_4.0.0.LTS\lib\armv6m-ti-none-eabi\</path>
         <kind>archive</kind>
         <file>libclang_rt.builtins.a</file>
         <name>divdf3.S.obj</name>
      </input_file>
      <input_file id="fl-109">
         <path>C:\ti\ccstheia151\ccs\tools\compiler\ti-cgt-armllvm_4.0.0.LTS\lib\armv6m-ti-none-eabi\</path>
         <kind>archive</kind>
         <file>libclang_rt.builtins.a</file>
         <name>fixdfsi.S.obj</name>
      </input_file>
      <input_file id="fl-10a">
         <path>C:\ti\ccstheia151\ccs\tools\compiler\ti-cgt-armllvm_4.0.0.LTS\lib\armv6m-ti-none-eabi\</path>
         <kind>archive</kind>
         <file>libclang_rt.builtins.a</file>
         <name>floatsidf.S.obj</name>
      </input_file>
      <input_file id="fl-10b">
         <path>C:\ti\ccstheia151\ccs\tools\compiler\ti-cgt-armllvm_4.0.0.LTS\lib\armv6m-ti-none-eabi\</path>
         <kind>archive</kind>
         <file>libclang_rt.builtins.a</file>
         <name>muldi3.S.obj</name>
      </input_file>
      <input_file id="fl-10c">
         <path>C:\ti\ccstheia151\ccs\tools\compiler\ti-cgt-armllvm_4.0.0.LTS\lib\armv6m-ti-none-eabi\</path>
         <kind>archive</kind>
         <file>libclang_rt.builtins.a</file>
         <name>aeabi_dcmp.S.obj</name>
      </input_file>
      <input_file id="fl-10d">
         <path>C:\ti\ccstheia151\ccs\tools\compiler\ti-cgt-armllvm_4.0.0.LTS\lib\armv6m-ti-none-eabi\</path>
         <kind>archive</kind>
         <file>libclang_rt.builtins.a</file>
         <name>aeabi_idivmod.S.obj</name>
      </input_file>
      <input_file id="fl-10e">
         <path>C:\ti\ccstheia151\ccs\tools\compiler\ti-cgt-armllvm_4.0.0.LTS\lib\armv6m-ti-none-eabi\</path>
         <kind>archive</kind>
         <file>libclang_rt.builtins.a</file>
         <name>aeabi_memcpy.S.obj</name>
      </input_file>
      <input_file id="fl-10f">
         <path>C:\ti\ccstheia151\ccs\tools\compiler\ti-cgt-armllvm_4.0.0.LTS\lib\armv6m-ti-none-eabi\</path>
         <kind>archive</kind>
         <file>libclang_rt.builtins.a</file>
         <name>aeabi_memset.S.obj</name>
      </input_file>
      <input_file id="fl-110">
         <path>C:\ti\ccstheia151\ccs\tools\compiler\ti-cgt-armllvm_4.0.0.LTS\lib\armv6m-ti-none-eabi\</path>
         <kind>archive</kind>
         <file>libclang_rt.builtins.a</file>
         <name>aeabi_uidivmod.S.obj</name>
      </input_file>
      <input_file id="fl-111">
         <path>C:\ti\ccstheia151\ccs\tools\compiler\ti-cgt-armllvm_4.0.0.LTS\lib\armv6m-ti-none-eabi\</path>
         <kind>archive</kind>
         <file>libclang_rt.builtins.a</file>
         <name>aeabi_uldivmod.S.obj</name>
      </input_file>
      <input_file id="fl-112">
         <path>C:\ti\ccstheia151\ccs\tools\compiler\ti-cgt-armllvm_4.0.0.LTS\lib\armv6m-ti-none-eabi\</path>
         <kind>archive</kind>
         <file>libclang_rt.builtins.a</file>
         <name>udivmoddi4.S.obj</name>
      </input_file>
      <input_file id="fl-113">
         <path>C:\ti\ccstheia151\ccs\tools\compiler\ti-cgt-armllvm_4.0.0.LTS\lib\armv6m-ti-none-eabi\</path>
         <kind>archive</kind>
         <file>libclang_rt.builtins.a</file>
         <name>ashldi3.S.obj</name>
      </input_file>
      <input_file id="fl-114">
         <path>C:\ti\ccstheia151\ccs\tools\compiler\ti-cgt-armllvm_4.0.0.LTS\lib\armv6m-ti-none-eabi\</path>
         <kind>archive</kind>
         <file>libclang_rt.builtins.a</file>
         <name>comparedf2.c.obj</name>
      </input_file>
      <input_file id="fl-115">
         <path>C:\ti\ccstheia151\ccs\tools\compiler\ti-cgt-armllvm_4.0.0.LTS\lib\armv6m-ti-none-eabi\</path>
         <kind>archive</kind>
         <file>libclang_rt.builtins.a</file>
         <name>aeabi_div0.c.obj</name>
      </input_file>
      <input_file id="fl-116">
         <path>C:\ti\ccstheia151\ccs\tools\compiler\ti-cgt-armllvm_4.0.0.LTS\lib\armv6m-ti-none-eabi\c\</path>
         <kind>archive</kind>
         <file>libc.a</file>
         <name>getdevice.c.obj</name>
      </input_file>
      <input_file id="fl-117">
         <path>C:\ti\ccstheia151\ccs\tools\compiler\ti-cgt-armllvm_4.0.0.LTS\lib\armv6m-ti-none-eabi\c\</path>
         <kind>archive</kind>
         <file>libc.a</file>
         <name>memcpy16.S.obj</name>
      </input_file>
      <input_file id="fl-118">
         <path>C:\ti\ccstheia151\ccs\tools\compiler\ti-cgt-armllvm_4.0.0.LTS\lib\armv6m-ti-none-eabi\c\</path>
         <kind>archive</kind>
         <file>libc.a</file>
         <name>memset16.S.obj</name>
      </input_file>
   </input_file_list>
   <object_component_list>
      <object_component id="oc-18">
         <name>.intvecs</name>
         <load_address>0x0</load_address>
         <readonly>true</readonly>
         <run_address>0x0</run_address>
         <size>0xc0</size>
         <alignment>0x4</alignment>
         <input_file_ref idref="fl-9"/>
      </object_component>
      <object_component id="oc-1f0">
         <name>.text.resistance_handler</name>
         <load_address>0xc0</load_address>
         <readonly>true</readonly>
         <executable>true</executable>
         <run_address>0xc0</run_address>
         <size>0x898</size>
         <alignment>0x4</alignment>
         <input_file_ref idref="fl-c"/>
      </object_component>
      <object_component id="oc-285">
         <name>.text:__TI_printfi_nofloat</name>
         <load_address>0x958</load_address>
         <readonly>true</readonly>
         <executable>true</executable>
         <run_address>0x958</run_address>
         <size>0x868</size>
         <alignment>0x4</alignment>
         <input_file_ref idref="fl-44"/>
      </object_component>
      <object_component id="oc-236">
         <name>.text.single_voltage_measurement</name>
         <load_address>0x11c0</load_address>
         <readonly>true</readonly>
         <executable>true</executable>
         <run_address>0x11c0</run_address>
         <size>0x3ec</size>
         <alignment>0x4</alignment>
         <input_file_ref idref="fl-b"/>
      </object_component>
      <object_component id="oc-1f2">
         <name>.text.voltage_diff_handler</name>
         <load_address>0x15ac</load_address>
         <readonly>true</readonly>
         <executable>true</executable>
         <run_address>0x15ac</run_address>
         <size>0x3e4</size>
         <alignment>0x4</alignment>
         <input_file_ref idref="fl-c"/>
      </object_component>
      <object_component id="oc-188">
         <name>.text.dynamic_parse</name>
         <load_address>0x1990</load_address>
         <readonly>true</readonly>
         <executable>true</executable>
         <run_address>0x1990</run_address>
         <size>0x2b4</size>
         <alignment>0x4</alignment>
         <input_file_ref idref="fl-6"/>
      </object_component>
      <object_component id="oc-229">
         <name>.text.resistance_measurement</name>
         <load_address>0x1c44</load_address>
         <readonly>true</readonly>
         <executable>true</executable>
         <run_address>0x1c44</run_address>
         <size>0x268</size>
         <alignment>0x4</alignment>
         <input_file_ref idref="fl-b"/>
      </object_component>
      <object_component id="oc-26d">
         <name>.text.AD4115_ReadSingleChannel</name>
         <load_address>0x1eac</load_address>
         <readonly>true</readonly>
         <executable>true</executable>
         <run_address>0x1eac</run_address>
         <size>0x228</size>
         <alignment>0x4</alignment>
         <input_file_ref idref="fl-2"/>
      </object_component>
      <object_component id="oc-1f1">
         <name>.text.voltage_single_handler</name>
         <load_address>0x20d4</load_address>
         <readonly>true</readonly>
         <executable>true</executable>
         <run_address>0x20d4</run_address>
         <size>0x228</size>
         <alignment>0x4</alignment>
         <input_file_ref idref="fl-c"/>
      </object_component>
      <object_component id="oc-62">
         <name>.text.UART_Interface_IRQ</name>
         <load_address>0x22fc</load_address>
         <readonly>true</readonly>
         <executable>true</executable>
         <run_address>0x22fc</run_address>
         <size>0x1de</size>
         <alignment>0x4</alignment>
         <input_file_ref idref="fl-5f"/>
      </object_component>
      <object_component id="oc-33">
         <name>.text.Default_Handler</name>
         <load_address>0x24da</load_address>
         <readonly>true</readonly>
         <executable>true</executable>
         <run_address>0x24da</run_address>
         <size>0x2</size>
         <alignment>0x2</alignment>
         <input_file_ref idref="fl-9"/>
      </object_component>
      <object_component id="oc-278">
         <name>.text.uart_loopback_start</name>
         <load_address>0x24dc</load_address>
         <readonly>true</readonly>
         <executable>true</executable>
         <run_address>0x24dc</run_address>
         <size>0x1bc</size>
         <alignment>0x4</alignment>
         <input_file_ref idref="fl-e"/>
      </object_component>
      <object_component id="oc-17f">
         <name>.text.UART_Interface_Initialize</name>
         <load_address>0x2698</load_address>
         <readonly>true</readonly>
         <executable>true</executable>
         <run_address>0x2698</run_address>
         <size>0x1a4</size>
         <alignment>0x4</alignment>
         <input_file_ref idref="fl-5f"/>
      </object_component>
      <object_component id="oc-27c">
         <name>.text.i2c_read</name>
         <load_address>0x283c</load_address>
         <readonly>true</readonly>
         <executable>true</executable>
         <run_address>0x283c</run_address>
         <size>0x154</size>
         <alignment>0x4</alignment>
         <input_file_ref idref="fl-a"/>
      </object_component>
      <object_component id="oc-75">
         <name>.text.SPI_Block_IRQ</name>
         <load_address>0x2990</load_address>
         <readonly>true</readonly>
         <executable>true</executable>
         <run_address>0x2990</run_address>
         <size>0x142</size>
         <alignment>0x4</alignment>
         <input_file_ref idref="fl-5d"/>
      </object_component>
      <object_component id="oc-1d1">
         <name>.text.__aeabi_idiv0</name>
         <load_address>0x2ad2</load_address>
         <readonly>true</readonly>
         <executable>true</executable>
         <run_address>0x2ad2</run_address>
         <size>0x2</size>
         <alignment>0x2</alignment>
         <input_file_ref idref="fl-115"/>
      </object_component>
      <object_component id="oc-1fe">
         <name>.text.led_demo_handler</name>
         <load_address>0x2ad4</load_address>
         <readonly>true</readonly>
         <executable>true</executable>
         <run_address>0x2ad4</run_address>
         <size>0x134</size>
         <alignment>0x4</alignment>
         <input_file_ref idref="fl-5"/>
      </object_component>
      <object_component id="oc-10b">
         <name>.text.usb_fsm</name>
         <load_address>0x2c08</load_address>
         <readonly>true</readonly>
         <executable>true</executable>
         <run_address>0x2c08</run_address>
         <size>0x128</size>
         <alignment>0x4</alignment>
         <input_file_ref idref="fl-f"/>
      </object_component>
      <object_component id="oc-26f">
         <name>.text.i2c_write_verify</name>
         <load_address>0x2d30</load_address>
         <readonly>true</readonly>
         <executable>true</executable>
         <run_address>0x2d30</run_address>
         <size>0x11c</size>
         <alignment>0x4</alignment>
         <input_file_ref idref="fl-a"/>
      </object_component>
      <object_component id="oc-180">
         <name>.text.Timer_Timeout_Inialize</name>
         <load_address>0x2e4c</load_address>
         <readonly>true</readonly>
         <executable>true</executable>
         <run_address>0x2e4c</run_address>
         <size>0x100</size>
         <alignment>0x4</alignment>
         <input_file_ref idref="fl-5e"/>
      </object_component>
      <object_component id="oc-89">
         <name>.text.I2C_Controller_IRQ</name>
         <load_address>0x2f4c</load_address>
         <readonly>true</readonly>
         <executable>true</executable>
         <run_address>0x2f4c</run_address>
         <size>0xfe</size>
         <alignment>0x4</alignment>
         <input_file_ref idref="fl-5c"/>
      </object_component>
      <object_component id="oc-30a">
         <name>.text.__aeabi_ldiv0</name>
         <load_address>0x304a</load_address>
         <readonly>true</readonly>
         <executable>true</executable>
         <run_address>0x304a</run_address>
         <size>0x2</size>
         <alignment>0x2</alignment>
         <input_file_ref idref="fl-115"/>
      </object_component>
      <object_component id="oc-166">
         <name>.text.DL_Timer_initTimerMode</name>
         <load_address>0x304c</load_address>
         <readonly>true</readonly>
         <executable>true</executable>
         <run_address>0x304c</run_address>
         <size>0xe8</size>
         <alignment>0x4</alignment>
         <input_file_ref idref="fl-22"/>
      </object_component>
      <object_component id="oc-1ef">
         <name>.text.voltage_multiple_handler</name>
         <load_address>0x3134</load_address>
         <readonly>true</readonly>
         <executable>true</executable>
         <run_address>0x3134</run_address>
         <size>0xe8</size>
         <alignment>0x4</alignment>
         <input_file_ref idref="fl-c"/>
      </object_component>
      <object_component id="oc-279">
         <name>.text.SPI_Transact_block</name>
         <load_address>0x321c</load_address>
         <readonly>true</readonly>
         <executable>true</executable>
         <run_address>0x321c</run_address>
         <size>0xdc</size>
         <alignment>0x2</alignment>
         <input_file_ref idref="fl-5d"/>
      </object_component>
      <object_component id="oc-14c">
         <name>.text.process_usb_command</name>
         <load_address>0x32f8</load_address>
         <readonly>true</readonly>
         <executable>true</executable>
         <run_address>0x32f8</run_address>
         <size>0xdc</size>
         <alignment>0x4</alignment>
         <input_file_ref idref="fl-f"/>
      </object_component>
      <object_component id="oc-137">
         <name>.text.SYSCFG_DL_GPIO_init</name>
         <load_address>0x33d4</load_address>
         <readonly>true</readonly>
         <executable>true</executable>
         <run_address>0x33d4</run_address>
         <size>0xb4</size>
         <alignment>0x4</alignment>
         <input_file_ref idref="fl-8"/>
      </object_component>
      <object_component id="oc-1bf">
         <name>.text.measurement_command_handler</name>
         <load_address>0x3488</load_address>
         <readonly>true</readonly>
         <executable>true</executable>
         <run_address>0x3488</run_address>
         <size>0xb4</size>
         <alignment>0x4</alignment>
         <input_file_ref idref="fl-c"/>
      </object_component>
      <object_component id="oc-1fa">
         <name>.text.uart_test_handler</name>
         <load_address>0x353c</load_address>
         <readonly>true</readonly>
         <executable>true</executable>
         <run_address>0x353c</run_address>
         <size>0xb4</size>
         <alignment>0x4</alignment>
         <input_file_ref idref="fl-d"/>
      </object_component>
      <object_component id="oc-18e">
         <name>.text.UART_Interface_Start_Transmit</name>
         <load_address>0x35f0</load_address>
         <readonly>true</readonly>
         <executable>true</executable>
         <run_address>0x35f0</run_address>
         <size>0xa4</size>
         <alignment>0x2</alignment>
         <input_file_ref idref="fl-5f"/>
      </object_component>
      <object_component id="oc-2d5">
         <name>.text</name>
         <load_address>0x3694</load_address>
         <readonly>true</readonly>
         <executable>true</executable>
         <run_address>0x3694</run_address>
         <size>0xa2</size>
         <alignment>0x4</alignment>
         <input_file_ref idref="fl-112"/>
      </object_component>
      <object_component id="oc-187">
         <name>.text.UART_Interface_Start_Receive</name>
         <load_address>0x3736</load_address>
         <readonly>true</readonly>
         <executable>true</executable>
         <run_address>0x3736</run_address>
         <size>0xa0</size>
         <alignment>0x2</alignment>
         <input_file_ref idref="fl-5f"/>
      </object_component>
      <object_component id="oc-24f">
         <name>.text.usb_function_test</name>
         <load_address>0x37d8</load_address>
         <readonly>true</readonly>
         <executable>true</executable>
         <run_address>0x37d8</run_address>
         <size>0xa0</size>
         <alignment>0x4</alignment>
         <input_file_ref idref="fl-10"/>
      </object_component>
      <object_component id="oc-20e">
         <name>.text.multiple_voltage_measurement</name>
         <load_address>0x3878</load_address>
         <readonly>true</readonly>
         <executable>true</executable>
         <run_address>0x3878</run_address>
         <size>0x9c</size>
         <alignment>0x2</alignment>
         <input_file_ref idref="fl-b"/>
      </object_component>
      <object_component id="oc-1f9">
         <name>.text.usb_test_handler</name>
         <load_address>0x3914</load_address>
         <readonly>true</readonly>
         <executable>true</executable>
         <run_address>0x3914</run_address>
         <size>0x9c</size>
         <alignment>0x4</alignment>
         <input_file_ref idref="fl-d"/>
      </object_component>
      <object_component id="oc-100">
         <name>.text:memcpy</name>
         <load_address>0x39b0</load_address>
         <readonly>true</readonly>
         <executable>true</executable>
         <run_address>0x39b0</run_address>
         <size>0x9a</size>
         <alignment>0x1</alignment>
         <input_file_ref idref="fl-117"/>
      </object_component>
      <object_component id="oc-182">
         <name>.text.Delay_Timer_Initialize</name>
         <load_address>0x3a4c</load_address>
         <readonly>true</readonly>
         <executable>true</executable>
         <run_address>0x3a4c</run_address>
         <size>0x98</size>
         <alignment>0x4</alignment>
         <input_file_ref idref="fl-4"/>
      </object_component>
      <object_component id="oc-13e">
         <name>.text.SYSCFG_DL_UART_0_init</name>
         <load_address>0x3ae4</load_address>
         <readonly>true</readonly>
         <executable>true</executable>
         <run_address>0x3ae4</run_address>
         <size>0x90</size>
         <alignment>0x4</alignment>
         <input_file_ref idref="fl-8"/>
      </object_component>
      <object_component id="oc-13f">
         <name>.text.SYSCFG_DL_UART_3_init</name>
         <load_address>0x3b74</load_address>
         <readonly>true</readonly>
         <executable>true</executable>
         <run_address>0x3b74</run_address>
         <size>0x90</size>
         <alignment>0x4</alignment>
         <input_file_ref idref="fl-8"/>
      </object_component>
      <object_component id="oc-272">
         <name>.text.usb_resistance_test</name>
         <load_address>0x3c04</load_address>
         <readonly>true</readonly>
         <executable>true</executable>
         <run_address>0x3c04</run_address>
         <size>0x8c</size>
         <alignment>0x4</alignment>
         <input_file_ref idref="fl-10"/>
      </object_component>
      <object_component id="oc-135">
         <name>.text.SYSCFG_DL_initPower</name>
         <load_address>0x3c90</load_address>
         <readonly>true</readonly>
         <executable>true</executable>
         <run_address>0x3c90</run_address>
         <size>0x88</size>
         <alignment>0x4</alignment>
         <input_file_ref idref="fl-8"/>
      </object_component>
      <object_component id="oc-144">
         <name>.text.usb_init</name>
         <load_address>0x3d18</load_address>
         <readonly>true</readonly>
         <executable>true</executable>
         <run_address>0x3d18</run_address>
         <size>0x88</size>
         <alignment>0x4</alignment>
         <input_file_ref idref="fl-f"/>
      </object_component>
      <object_component id="oc-1bb">
         <name>.text:strcmp</name>
         <load_address>0x3da0</load_address>
         <readonly>true</readonly>
         <executable>true</executable>
         <run_address>0x3da0</run_address>
         <size>0x88</size>
         <alignment>0x10</alignment>
         <input_file_ref idref="fl-39"/>
      </object_component>
      <object_component id="oc-18c">
         <name>.text.command_dispatcher</name>
         <load_address>0x3e28</load_address>
         <readonly>true</readonly>
         <executable>true</executable>
         <run_address>0x3e28</run_address>
         <size>0x80</size>
         <alignment>0x4</alignment>
         <input_file_ref idref="fl-3"/>
      </object_component>
      <object_component id="oc-1c">
         <name>.text:decompress:lzss</name>
         <load_address>0x3ea8</load_address>
         <readonly>true</readonly>
         <executable>true</executable>
         <run_address>0x3ea8</run_address>
         <size>0x7c</size>
         <alignment>0x4</alignment>
         <input_file_ref idref="fl-43"/>
      </object_component>
      <object_component id="oc-1a1">
         <name>.text.UART_rxDMA_Initialize</name>
         <load_address>0x3f24</load_address>
         <readonly>true</readonly>
         <executable>true</executable>
         <run_address>0x3f24</run_address>
         <size>0x78</size>
         <alignment>0x4</alignment>
         <input_file_ref idref="fl-5f"/>
      </object_component>
      <object_component id="oc-1a2">
         <name>.text.UART_txDMA_Initialize</name>
         <load_address>0x3f9c</load_address>
         <readonly>true</readonly>
         <executable>true</executable>
         <run_address>0x3f9c</run_address>
         <size>0x74</size>
         <alignment>0x2</alignment>
         <input_file_ref idref="fl-5f"/>
      </object_component>
      <object_component id="oc-27a">
         <name>.text.I2C_Controller_Start_Transmit</name>
         <load_address>0x4010</load_address>
         <readonly>true</readonly>
         <executable>true</executable>
         <run_address>0x4010</run_address>
         <size>0x70</size>
         <alignment>0x2</alignment>
         <input_file_ref idref="fl-5c"/>
      </object_component>
      <object_component id="oc-181">
         <name>.text.UART_Target_Initialize</name>
         <load_address>0x4080</load_address>
         <readonly>true</readonly>
         <executable>true</executable>
         <run_address>0x4080</run_address>
         <size>0x70</size>
         <alignment>0x4</alignment>
         <input_file_ref idref="fl-60"/>
      </object_component>
      <object_component id="oc-1df">
         <name>.text.targetRxInProgressCb</name>
         <load_address>0x40f0</load_address>
         <readonly>true</readonly>
         <executable>true</executable>
         <run_address>0x40f0</run_address>
         <size>0x6c</size>
         <alignment>0x4</alignment>
         <input_file_ref idref="fl-60"/>
      </object_component>
      <object_component id="oc-13c">
         <name>.text.SYSCFG_DL_Daughter_I2C_init</name>
         <load_address>0x415c</load_address>
         <readonly>true</readonly>
         <executable>true</executable>
         <run_address>0x415c</run_address>
         <size>0x68</size>
         <alignment>0x4</alignment>
         <input_file_ref idref="fl-8"/>
      </object_component>
      <object_component id="oc-13d">
         <name>.text.SYSCFG_DL_Master_I2C_init</name>
         <load_address>0x41c4</load_address>
         <readonly>true</readonly>
         <executable>true</executable>
         <run_address>0x41c4</run_address>
         <size>0x68</size>
         <alignment>0x4</alignment>
         <input_file_ref idref="fl-8"/>
      </object_component>
      <object_component id="oc-1ae">
         <name>.text.UART_Target_AssignCallBacks</name>
         <load_address>0x422c</load_address>
         <readonly>true</readonly>
         <executable>true</executable>
         <run_address>0x422c</run_address>
         <size>0x64</size>
         <alignment>0x4</alignment>
         <input_file_ref idref="fl-60"/>
      </object_component>
      <object_component id="oc-134">
         <name>.text:memset</name>
         <load_address>0x4290</load_address>
         <readonly>true</readonly>
         <executable>true</executable>
         <run_address>0x4290</run_address>
         <size>0x62</size>
         <alignment>0x1</alignment>
         <input_file_ref idref="fl-118"/>
      </object_component>
      <object_component id="oc-1c1">
         <name>.text.test_command_handler</name>
         <load_address>0x42f4</load_address>
         <readonly>true</readonly>
         <executable>true</executable>
         <run_address>0x42f4</run_address>
         <size>0x60</size>
         <alignment>0x4</alignment>
         <input_file_ref idref="fl-d"/>
      </object_component>
      <object_component id="oc-f2">
         <name>.text.DL_I2C_fillControllerTXFIFO</name>
         <load_address>0x4354</load_address>
         <readonly>true</readonly>
         <executable>true</executable>
         <run_address>0x4354</run_address>
         <size>0x5e</size>
         <alignment>0x2</alignment>
         <input_file_ref idref="fl-20"/>
      </object_component>
      <object_component id="oc-1ad">
         <name>.text.Timer_Timeout_Time_Set</name>
         <load_address>0x43b2</load_address>
         <readonly>true</readonly>
         <executable>true</executable>
         <run_address>0x43b2</run_address>
         <size>0x5a</size>
         <alignment>0x2</alignment>
         <input_file_ref idref="fl-5e"/>
      </object_component>
      <object_component id="oc-140">
         <name>.text.SYSCFG_DL_SPI_0_init</name>
         <load_address>0x440c</load_address>
         <readonly>true</readonly>
         <executable>true</executable>
         <run_address>0x440c</run_address>
         <size>0x58</size>
         <alignment>0x4</alignment>
         <input_file_ref idref="fl-8"/>
      </object_component>
      <object_component id="oc-12d">
         <name>.text.getControllerStatus</name>
         <load_address>0x4464</load_address>
         <readonly>true</readonly>
         <executable>true</executable>
         <run_address>0x4464</run_address>
         <size>0x58</size>
         <alignment>0x2</alignment>
         <input_file_ref idref="fl-5c"/>
      </object_component>
      <object_component id="oc-290">
         <name>.text.DL_SPI_drainRXFIFO8</name>
         <load_address>0x44bc</load_address>
         <readonly>true</readonly>
         <executable>true</executable>
         <run_address>0x44bc</run_address>
         <size>0x54</size>
         <alignment>0x4</alignment>
         <input_file_ref idref="fl-21"/>
      </object_component>
      <object_component id="oc-ab">
         <name>.text.DL_UART_drainRXFIFO</name>
         <load_address>0x4510</load_address>
         <readonly>true</readonly>
         <executable>true</executable>
         <run_address>0x4510</run_address>
         <size>0x54</size>
         <alignment>0x4</alignment>
         <input_file_ref idref="fl-23"/>
      </object_component>
      <object_component id="oc-b1">
         <name>.text.DL_UART_fillTXFIFO</name>
         <load_address>0x4564</load_address>
         <readonly>true</readonly>
         <executable>true</executable>
         <run_address>0x4564</run_address>
         <size>0x54</size>
         <alignment>0x4</alignment>
         <input_file_ref idref="fl-23"/>
      </object_component>
      <object_component id="oc-294">
         <name>.text.DL_I2C_startControllerTransfer</name>
         <load_address>0x45b8</load_address>
         <readonly>true</readonly>
         <executable>true</executable>
         <run_address>0x45b8</run_address>
         <size>0x50</size>
         <alignment>0x4</alignment>
         <input_file_ref idref="fl-5c"/>
      </object_component>
      <object_component id="oc-14a">
         <name>.text.UART_Target_Receive</name>
         <load_address>0x4608</load_address>
         <readonly>true</readonly>
         <executable>true</executable>
         <run_address>0x4608</run_address>
         <size>0x4c</size>
         <alignment>0x4</alignment>
         <input_file_ref idref="fl-60"/>
      </object_component>
      <object_component id="oc-171">
         <name>.text.DL_UART_init</name>
         <load_address>0x4654</load_address>
         <readonly>true</readonly>
         <executable>true</executable>
         <run_address>0x4654</run_address>
         <size>0x48</size>
         <alignment>0x4</alignment>
         <input_file_ref idref="fl-23"/>
      </object_component>
      <object_component id="oc-1b3">
         <name>.text.strtok</name>
         <load_address>0x469c</load_address>
         <readonly>true</readonly>
         <executable>true</executable>
         <run_address>0x469c</run_address>
         <size>0x48</size>
         <alignment>0x4</alignment>
         <input_file_ref idref="fl-3b"/>
      </object_component>
      <object_component id="oc-271">
         <name>.text.uart_rmux_select</name>
         <load_address>0x46e4</load_address>
         <readonly>true</readonly>
         <executable>true</executable>
         <run_address>0x46e4</run_address>
         <size>0x48</size>
         <alignment>0x4</alignment>
         <input_file_ref idref="fl-e"/>
      </object_component>
      <object_component id="oc-295">
         <name>.text.I2C_Controller_Start_Receive</name>
         <load_address>0x472c</load_address>
         <readonly>true</readonly>
         <executable>true</executable>
         <run_address>0x472c</run_address>
         <size>0x46</size>
         <alignment>0x2</alignment>
         <input_file_ref idref="fl-5c"/>
      </object_component>
      <object_component id="oc-17c">
         <name>.text.DL_SPI_init</name>
         <load_address>0x4774</load_address>
         <readonly>true</readonly>
         <executable>true</executable>
         <run_address>0x4774</run_address>
         <size>0x44</size>
         <alignment>0x4</alignment>
         <input_file_ref idref="fl-21"/>
      </object_component>
      <object_component id="oc-1c3">
         <name>.text.demo_command_handler</name>
         <load_address>0x47b8</load_address>
         <readonly>true</readonly>
         <executable>true</executable>
         <run_address>0x47b8</run_address>
         <size>0x44</size>
         <alignment>0x4</alignment>
         <input_file_ref idref="fl-5"/>
      </object_component>
      <object_component id="oc-138">
         <name>.text.SYSCFG_DL_SYSCTL_init</name>
         <load_address>0x47fc</load_address>
         <readonly>true</readonly>
         <executable>true</executable>
         <run_address>0x47fc</run_address>
         <size>0x40</size>
         <alignment>0x4</alignment>
         <input_file_ref idref="fl-8"/>
      </object_component>
      <object_component id="oc-1a5">
         <name>.text.__aeabi_uidivmod</name>
         <load_address>0x483c</load_address>
         <readonly>true</readonly>
         <executable>true</executable>
         <run_address>0x483c</run_address>
         <size>0x40</size>
         <alignment>0x4</alignment>
         <input_file_ref idref="fl-110"/>
      </object_component>
      <object_component id="oc-29f">
         <name>.text.atoi</name>
         <load_address>0x487c</load_address>
         <readonly>true</readonly>
         <executable>true</executable>
         <run_address>0x487c</run_address>
         <size>0x40</size>
         <alignment>0x4</alignment>
         <input_file_ref idref="fl-4e"/>
      </object_component>
      <object_component id="oc-293">
         <name>.text.DL_I2C_flushTargetTXFIFO</name>
         <load_address>0x48bc</load_address>
         <readonly>true</readonly>
         <executable>true</executable>
         <run_address>0x48bc</run_address>
         <size>0x3c</size>
         <alignment>0x4</alignment>
         <input_file_ref idref="fl-20"/>
      </object_component>
      <object_component id="oc-139">
         <name>.text.SYSCFG_DL_TIMER_0_init</name>
         <load_address>0x48f8</load_address>
         <readonly>true</readonly>
         <executable>true</executable>
         <run_address>0x48f8</run_address>
         <size>0x3c</size>
         <alignment>0x4</alignment>
         <input_file_ref idref="fl-8"/>
      </object_component>
      <object_component id="oc-13b">
         <name>.text.SYSCFG_DL_TIMER_2_init</name>
         <load_address>0x4934</load_address>
         <readonly>true</readonly>
         <executable>true</executable>
         <run_address>0x4934</run_address>
         <size>0x3c</size>
         <alignment>0x4</alignment>
         <input_file_ref idref="fl-8"/>
      </object_component>
      <object_component id="oc-105">
         <name>.text.SYSCFG_DL_init</name>
         <load_address>0x4970</load_address>
         <readonly>true</readonly>
         <executable>true</executable>
         <run_address>0x4970</run_address>
         <size>0x3c</size>
         <alignment>0x4</alignment>
         <input_file_ref idref="fl-8"/>
      </object_component>
      <object_component id="oc-14d">
         <name>.text.UART_Target_Transmit</name>
         <load_address>0x49ac</load_address>
         <readonly>true</readonly>
         <executable>true</executable>
         <run_address>0x49ac</run_address>
         <size>0x3c</size>
         <alignment>0x4</alignment>
         <input_file_ref idref="fl-60"/>
      </object_component>
      <object_component id="oc-115">
         <name>.text:__TI_auto_init_nobinit_nopinit</name>
         <load_address>0x49e8</load_address>
         <readonly>true</readonly>
         <executable>true</executable>
         <run_address>0x49e8</run_address>
         <size>0x3c</size>
         <alignment>0x4</alignment>
         <input_file_ref idref="fl-3e"/>
      </object_component>
      <object_component id="oc-2d0">
         <name>.text.__muldsi3</name>
         <load_address>0x4a24</load_address>
         <readonly>true</readonly>
         <executable>true</executable>
         <run_address>0x4a24</run_address>
         <size>0x3a</size>
         <alignment>0x4</alignment>
         <input_file_ref idref="fl-107"/>
      </object_component>
      <object_component id="oc-1d0">
         <name>.text.DL_DMA_setTrigger</name>
         <load_address>0x4a60</load_address>
         <readonly>true</readonly>
         <executable>true</executable>
         <run_address>0x4a60</run_address>
         <size>0x38</size>
         <alignment>0x4</alignment>
         <input_file_ref idref="fl-5f"/>
      </object_component>
      <object_component id="oc-13a">
         <name>.text.SYSCFG_DL_TIMER_1_init</name>
         <load_address>0x4a98</load_address>
         <readonly>true</readonly>
         <executable>true</executable>
         <run_address>0x4a98</run_address>
         <size>0x38</size>
         <alignment>0x4</alignment>
         <input_file_ref idref="fl-8"/>
      </object_component>
      <object_component id="oc-237">
         <name>.text.sprintf</name>
         <load_address>0x4ad0</load_address>
         <readonly>true</readonly>
         <executable>true</executable>
         <run_address>0x4ad0</run_address>
         <size>0x38</size>
         <alignment>0x4</alignment>
         <input_file_ref idref="fl-38"/>
      </object_component>
      <object_component id="oc-205">
         <name>.text.Timer_Timeout_Start</name>
         <load_address>0x4b08</load_address>
         <readonly>true</readonly>
         <executable>true</executable>
         <run_address>0x4b08</run_address>
         <size>0x36</size>
         <alignment>0x2</alignment>
         <input_file_ref idref="fl-5e"/>
      </object_component>
      <object_component id="oc-207">
         <name>.text.UART_Interface_Stop_Receive</name>
         <load_address>0x4b3e</load_address>
         <readonly>true</readonly>
         <executable>true</executable>
         <run_address>0x4b3e</run_address>
         <size>0x36</size>
         <alignment>0x2</alignment>
         <input_file_ref idref="fl-5f"/>
      </object_component>
      <object_component id="oc-1cb">
         <name>.text.DL_DMA_configMode</name>
         <load_address>0x4b74</load_address>
         <readonly>true</readonly>
         <executable>true</executable>
         <run_address>0x4b74</run_address>
         <size>0x34</size>
         <alignment>0x2</alignment>
         <input_file_ref idref="fl-5f"/>
      </object_component>
      <object_component id="oc-1e1">
         <name>.text.timerCallback</name>
         <load_address>0x4ba8</load_address>
         <readonly>true</readonly>
         <executable>true</executable>
         <run_address>0x4ba8</run_address>
         <size>0x34</size>
         <alignment>0x4</alignment>
         <input_file_ref idref="fl-60"/>
      </object_component>
      <object_component id="oc-1cd">
         <name>.text.DL_DMA_setDestWidth</name>
         <load_address>0x4bdc</load_address>
         <readonly>true</readonly>
         <executable>true</executable>
         <run_address>0x4bdc</run_address>
         <size>0x32</size>
         <alignment>0x2</alignment>
         <input_file_ref idref="fl-5f"/>
      </object_component>
      <object_component id="oc-1cc">
         <name>.text.DL_DMA_setDestIncrement</name>
         <load_address>0x4c0e</load_address>
         <readonly>true</readonly>
         <executable>true</executable>
         <run_address>0x4c0e</run_address>
         <size>0x30</size>
         <alignment>0x2</alignment>
         <input_file_ref idref="fl-5f"/>
      </object_component>
      <object_component id="oc-1cf">
         <name>.text.DL_DMA_setSrcWidth</name>
         <load_address>0x4c3e</load_address>
         <readonly>true</readonly>
         <executable>true</executable>
         <run_address>0x4c3e</run_address>
         <size>0x30</size>
         <alignment>0x2</alignment>
         <input_file_ref idref="fl-5f"/>
      </object_component>
      <object_component id="oc-28e">
         <name>.text.DL_DMA_setTransferSize</name>
         <load_address>0x4c70</load_address>
         <readonly>true</readonly>
         <executable>true</executable>
         <run_address>0x4c70</run_address>
         <size>0x30</size>
         <alignment>0x4</alignment>
         <input_file_ref idref="fl-5d"/>
      </object_component>
      <object_component id="oc-1b1">
         <name>.text.DL_DMA_setTransferSize</name>
         <load_address>0x4ca0</load_address>
         <readonly>true</readonly>
         <executable>true</executable>
         <run_address>0x4ca0</run_address>
         <size>0x30</size>
         <alignment>0x4</alignment>
         <input_file_ref idref="fl-5f"/>
      </object_component>
      <object_component id="oc-1dd">
         <name>.text.targetRxDoneCb</name>
         <load_address>0x4cd0</load_address>
         <readonly>true</readonly>
         <executable>true</executable>
         <run_address>0x4cd0</run_address>
         <size>0x30</size>
         <alignment>0x4</alignment>
         <input_file_ref idref="fl-60"/>
      </object_component>
      <object_component id="oc-1de">
         <name>.text.targetTxDoneCb</name>
         <load_address>0x4d00</load_address>
         <readonly>true</readonly>
         <executable>true</executable>
         <run_address>0x4d00</run_address>
         <size>0x30</size>
         <alignment>0x4</alignment>
         <input_file_ref idref="fl-60"/>
      </object_component>
      <object_component id="oc-1ce">
         <name>.text.DL_DMA_setSrcIncrement</name>
         <load_address>0x4d30</load_address>
         <readonly>true</readonly>
         <executable>true</executable>
         <run_address>0x4d30</run_address>
         <size>0x2e</size>
         <alignment>0x2</alignment>
         <input_file_ref idref="fl-5f"/>
      </object_component>
      <object_component id="oc-1aa">
         <name>.text.__NVIC_ClearPendingIRQ</name>
         <load_address>0x4d60</load_address>
         <readonly>true</readonly>
         <executable>true</executable>
         <run_address>0x4d60</run_address>
         <size>0x2c</size>
         <alignment>0x4</alignment>
         <input_file_ref idref="fl-5e"/>
      </object_component>
      <object_component id="oc-19f">
         <name>.text.__NVIC_ClearPendingIRQ</name>
         <load_address>0x4d8c</load_address>
         <readonly>true</readonly>
         <executable>true</executable>
         <run_address>0x4d8c</run_address>
         <size>0x2c</size>
         <alignment>0x4</alignment>
         <input_file_ref idref="fl-5f"/>
      </object_component>
      <object_component id="oc-1ab">
         <name>.text.__NVIC_EnableIRQ</name>
         <load_address>0x4db8</load_address>
         <readonly>true</readonly>
         <executable>true</executable>
         <run_address>0x4db8</run_address>
         <size>0x2c</size>
         <alignment>0x4</alignment>
         <input_file_ref idref="fl-5e"/>
      </object_component>
      <object_component id="oc-1a0">
         <name>.text.__NVIC_EnableIRQ</name>
         <load_address>0x4de4</load_address>
         <readonly>true</readonly>
         <executable>true</executable>
         <run_address>0x4de4</run_address>
         <size>0x2c</size>
         <alignment>0x4</alignment>
         <input_file_ref idref="fl-5f"/>
      </object_component>
      <object_component id="oc-7c">
         <name>.text.Timer_Timeout_IRQ</name>
         <load_address>0x4e10</load_address>
         <readonly>true</readonly>
         <executable>true</executable>
         <run_address>0x4e10</run_address>
         <size>0x2a</size>
         <alignment>0x2</alignment>
         <input_file_ref idref="fl-5e"/>
      </object_component>
      <object_component id="oc-206">
         <name>.text.Timer_Timeout_reStart</name>
         <load_address>0x4e3a</load_address>
         <readonly>true</readonly>
         <executable>true</executable>
         <run_address>0x4e3a</run_address>
         <size>0x2a</size>
         <alignment>0x2</alignment>
         <input_file_ref idref="fl-5e"/>
      </object_component>
      <object_component id="oc-f8">
         <name>.text.waitForControllerToIdle</name>
         <load_address>0x4e64</load_address>
         <readonly>true</readonly>
         <executable>true</executable>
         <run_address>0x4e64</run_address>
         <size>0x2a</size>
         <alignment>0x2</alignment>
         <input_file_ref idref="fl-5c"/>
      </object_component>
      <object_component id="oc-2c1">
         <name>.text.DL_Common_updateReg</name>
         <load_address>0x4e8e</load_address>
         <readonly>true</readonly>
         <executable>true</executable>
         <run_address>0x4e8e</run_address>
         <size>0x28</size>
         <alignment>0x2</alignment>
         <input_file_ref idref="fl-5c"/>
      </object_component>
      <object_component id="oc-1d7">
         <name>.text.DL_Common_updateReg</name>
         <load_address>0x4eb6</load_address>
         <readonly>true</readonly>
         <executable>true</executable>
         <run_address>0x4eb6</run_address>
         <size>0x28</size>
         <alignment>0x2</alignment>
         <input_file_ref idref="fl-5e"/>
      </object_component>
      <object_component id="oc-201">
         <name>.text.DL_Common_updateReg</name>
         <load_address>0x4ede</load_address>
         <readonly>true</readonly>
         <executable>true</executable>
         <run_address>0x4ede</run_address>
         <size>0x28</size>
         <alignment>0x2</alignment>
         <input_file_ref idref="fl-5f"/>
      </object_component>
      <object_component id="oc-28d">
         <name>.text.DL_DMA_setDestAddr</name>
         <load_address>0x4f08</load_address>
         <readonly>true</readonly>
         <executable>true</executable>
         <run_address>0x4f08</run_address>
         <size>0x28</size>
         <alignment>0x4</alignment>
         <input_file_ref idref="fl-5d"/>
      </object_component>
      <object_component id="oc-1b0">
         <name>.text.DL_DMA_setDestAddr</name>
         <load_address>0x4f30</load_address>
         <readonly>true</readonly>
         <executable>true</executable>
         <run_address>0x4f30</run_address>
         <size>0x28</size>
         <alignment>0x4</alignment>
         <input_file_ref idref="fl-5f"/>
      </object_component>
      <object_component id="oc-292">
         <name>.text.DL_DMA_setSrcAddr</name>
         <load_address>0x4f58</load_address>
         <readonly>true</readonly>
         <executable>true</executable>
         <run_address>0x4f58</run_address>
         <size>0x28</size>
         <alignment>0x4</alignment>
         <input_file_ref idref="fl-5d"/>
      </object_component>
      <object_component id="oc-1ca">
         <name>.text.DL_DMA_setSrcAddr</name>
         <load_address>0x4f80</load_address>
         <readonly>true</readonly>
         <executable>true</executable>
         <run_address>0x4f80</run_address>
         <size>0x28</size>
         <alignment>0x4</alignment>
         <input_file_ref idref="fl-5f"/>
      </object_component>
      <object_component id="oc-1e0">
         <name>.text.targetTxInProgressCb</name>
         <load_address>0x4fa8</load_address>
         <readonly>true</readonly>
         <executable>true</executable>
         <run_address>0x4fa8</run_address>
         <size>0x28</size>
         <alignment>0x4</alignment>
         <input_file_ref idref="fl-60"/>
      </object_component>
      <object_component id="oc-5b">
         <name>.text:_c_int00_noargs</name>
         <load_address>0x4fd0</load_address>
         <readonly>true</readonly>
         <executable>true</executable>
         <run_address>0x4fd0</run_address>
         <size>0x28</size>
         <alignment>0x4</alignment>
         <input_file_ref idref="fl-3c"/>
      </object_component>
      <object_component id="oc-26c">
         <name>.text.DL_DMA_disableChannel</name>
         <load_address>0x4ff8</load_address>
         <readonly>true</readonly>
         <executable>true</executable>
         <run_address>0x4ff8</run_address>
         <size>0x26</size>
         <alignment>0x2</alignment>
         <input_file_ref idref="fl-5f"/>
      </object_component>
      <object_component id="oc-28f">
         <name>.text.DL_DMA_enableChannel</name>
         <load_address>0x501e</load_address>
         <readonly>true</readonly>
         <executable>true</executable>
         <run_address>0x501e</run_address>
         <size>0x26</size>
         <alignment>0x2</alignment>
         <input_file_ref idref="fl-5d"/>
      </object_component>
      <object_component id="oc-1b2">
         <name>.text.DL_DMA_enableChannel</name>
         <load_address>0x5044</load_address>
         <readonly>true</readonly>
         <executable>true</executable>
         <run_address>0x5044</run_address>
         <size>0x26</size>
         <alignment>0x2</alignment>
         <input_file_ref idref="fl-5f"/>
      </object_component>
      <object_component id="oc-16d">
         <name>.text.DL_I2C_setClockConfig</name>
         <load_address>0x506a</load_address>
         <readonly>true</readonly>
         <executable>true</executable>
         <run_address>0x506a</run_address>
         <size>0x26</size>
         <alignment>0x2</alignment>
         <input_file_ref idref="fl-20"/>
      </object_component>
      <object_component id="oc-1e2">
         <name>.text.strspn</name>
         <load_address>0x5090</load_address>
         <readonly>true</readonly>
         <executable>true</executable>
         <run_address>0x5090</run_address>
         <size>0x26</size>
         <alignment>0x2</alignment>
         <input_file_ref idref="fl-53"/>
      </object_component>
      <object_component id="oc-2ac">
         <name>.text.__muldi3</name>
         <load_address>0x50b8</load_address>
         <readonly>true</readonly>
         <executable>true</executable>
         <run_address>0x50b8</run_address>
         <size>0x24</size>
         <alignment>0x4</alignment>
         <input_file_ref idref="fl-10b"/>
      </object_component>
      <object_component id="oc-9d">
         <name>.text.main</name>
         <load_address>0x50dc</load_address>
         <readonly>true</readonly>
         <executable>true</executable>
         <run_address>0x50dc</run_address>
         <size>0x24</size>
         <alignment>0x4</alignment>
         <input_file_ref idref="fl-7"/>
      </object_component>
      <object_component id="oc-1e6">
         <name>.text.strcspn</name>
         <load_address>0x5100</load_address>
         <readonly>true</readonly>
         <executable>true</executable>
         <run_address>0x5100</run_address>
         <size>0x24</size>
         <alignment>0x2</alignment>
         <input_file_ref idref="fl-52"/>
      </object_component>
      <object_component id="oc-298">
         <name>.text.memccpy</name>
         <load_address>0x5124</load_address>
         <readonly>true</readonly>
         <executable>true</executable>
         <run_address>0x5124</run_address>
         <size>0x22</size>
         <alignment>0x2</alignment>
         <input_file_ref idref="fl-50"/>
      </object_component>
      <object_component id="oc-1a9">
         <name>.text.DL_Timer_setCounterValueAfterEnable</name>
         <load_address>0x5148</load_address>
         <readonly>true</readonly>
         <executable>true</executable>
         <run_address>0x5148</run_address>
         <size>0x20</size>
         <alignment>0x4</alignment>
         <input_file_ref idref="fl-5e"/>
      </object_component>
      <object_component id="oc-24c">
         <name>.text.differential_voltage_measurement</name>
         <load_address>0x5168</load_address>
         <readonly>true</readonly>
         <executable>true</executable>
         <run_address>0x5168</run_address>
         <size>0x20</size>
         <alignment>0x2</alignment>
         <input_file_ref idref="fl-b"/>
      </object_component>
      <object_component id="oc-287">
         <name>.text.memcmp</name>
         <load_address>0x5188</load_address>
         <readonly>true</readonly>
         <executable>true</executable>
         <run_address>0x5188</run_address>
         <size>0x20</size>
         <alignment>0x2</alignment>
         <input_file_ref idref="fl-3a"/>
      </object_component>
      <object_component id="oc-30b">
         <name>.text.__ashldi3</name>
         <load_address>0x51a8</load_address>
         <readonly>true</readonly>
         <executable>true</executable>
         <run_address>0x51a8</run_address>
         <size>0x1e</size>
         <alignment>0x4</alignment>
         <input_file_ref idref="fl-113"/>
      </object_component>
      <object_component id="oc-f0">
         <name>.text.DL_I2C_isControllerRXFIFOEmpty</name>
         <load_address>0x51c8</load_address>
         <readonly>true</readonly>
         <executable>true</executable>
         <run_address>0x51c8</run_address>
         <size>0x1c</size>
         <alignment>0x4</alignment>
         <input_file_ref idref="fl-5c"/>
      </object_component>
      <object_component id="oc-1db">
         <name>.text.DL_Timer_disableInterrupt</name>
         <load_address>0x51e4</load_address>
         <readonly>true</readonly>
         <executable>true</executable>
         <run_address>0x51e4</run_address>
         <size>0x1c</size>
         <alignment>0x4</alignment>
         <input_file_ref idref="fl-5e"/>
      </object_component>
      <object_component id="oc-1dc">
         <name>.text.DL_Timer_enableInterrupt</name>
         <load_address>0x5200</load_address>
         <readonly>true</readonly>
         <executable>true</executable>
         <run_address>0x5200</run_address>
         <size>0x1c</size>
         <alignment>0x4</alignment>
         <input_file_ref idref="fl-5e"/>
      </object_component>
      <object_component id="oc-160">
         <name>.text.DL_Timer_setClockConfig</name>
         <load_address>0x521c</load_address>
         <readonly>true</readonly>
         <executable>true</executable>
         <run_address>0x521c</run_address>
         <size>0x1c</size>
         <alignment>0x4</alignment>
         <input_file_ref idref="fl-22"/>
      </object_component>
      <object_component id="oc-14b">
         <name>.text.Delay_Timer_Get</name>
         <load_address>0x5238</load_address>
         <readonly>true</readonly>
         <executable>true</executable>
         <run_address>0x5238</run_address>
         <size>0x1c</size>
         <alignment>0x2</alignment>
         <input_file_ref idref="fl-4"/>
      </object_component>
      <object_component id="oc-145">
         <name>.text.UART_Target_getState</name>
         <load_address>0x5254</load_address>
         <readonly>true</readonly>
         <executable>true</executable>
         <run_address>0x5254</run_address>
         <size>0x1c</size>
         <alignment>0x4</alignment>
         <input_file_ref idref="fl-60"/>
      </object_component>
      <object_component id="oc-129">
         <name>.text.DL_GPIO_setPins</name>
         <load_address>0x5270</load_address>
         <readonly>true</readonly>
         <executable>true</executable>
         <run_address>0x5270</run_address>
         <size>0x18</size>
         <alignment>0x4</alignment>
         <input_file_ref idref="fl-5d"/>
      </object_component>
      <object_component id="oc-1d9">
         <name>.text.DL_Timer_clearInterruptStatus</name>
         <load_address>0x5288</load_address>
         <readonly>true</readonly>
         <executable>true</executable>
         <run_address>0x5288</run_address>
         <size>0x18</size>
         <alignment>0x4</alignment>
         <input_file_ref idref="fl-5e"/>
      </object_component>
      <object_component id="oc-1da">
         <name>.text.DL_Timer_setLoadValue</name>
         <load_address>0x52a0</load_address>
         <readonly>true</readonly>
         <executable>true</executable>
         <run_address>0x52a0</run_address>
         <size>0x18</size>
         <alignment>0x4</alignment>
         <input_file_ref idref="fl-5e"/>
      </object_component>
      <object_component id="oc-26b">
         <name>.text.DL_Timer_startCounter</name>
         <load_address>0x52b8</load_address>
         <readonly>true</readonly>
         <executable>true</executable>
         <run_address>0x52b8</run_address>
         <size>0x18</size>
         <alignment>0x4</alignment>
         <input_file_ref idref="fl-5e"/>
      </object_component>
      <object_component id="oc-1d8">
         <name>.text.DL_Timer_stopCounter</name>
         <load_address>0x52d0</load_address>
         <readonly>true</readonly>
         <executable>true</executable>
         <run_address>0x52d0</run_address>
         <size>0x18</size>
         <alignment>0x4</alignment>
         <input_file_ref idref="fl-5e"/>
      </object_component>
      <object_component id="oc-274">
         <name>.text._outs</name>
         <load_address>0x52e8</load_address>
         <readonly>true</readonly>
         <executable>true</executable>
         <run_address>0x52e8</run_address>
         <size>0x18</size>
         <alignment>0x2</alignment>
         <input_file_ref idref="fl-38"/>
      </object_component>
      <object_component id="oc-e6">
         <name>.text.DL_SPI_transmitData8</name>
         <load_address>0x5300</load_address>
         <readonly>true</readonly>
         <executable>true</executable>
         <run_address>0x5300</run_address>
         <size>0x16</size>
         <alignment>0x2</alignment>
         <input_file_ref idref="fl-5d"/>
      </object_component>
      <object_component id="oc-83">
         <name>.text.Delay_Timer_IRQ</name>
         <load_address>0x5316</load_address>
         <readonly>true</readonly>
         <executable>true</executable>
         <run_address>0x5316</run_address>
         <size>0x16</size>
         <alignment>0x2</alignment>
         <input_file_ref idref="fl-4"/>
      </object_component>
      <object_component id="oc-2c0">
         <name>.text.DL_GPIO_clearPins</name>
         <load_address>0x532c</load_address>
         <readonly>true</readonly>
         <executable>true</executable>
         <run_address>0x532c</run_address>
         <size>0x14</size>
         <alignment>0x2</alignment>
         <input_file_ref idref="fl-5d"/>
      </object_component>
      <object_component id="oc-12c">
         <name>.text.DL_I2C_getControllerStatus</name>
         <load_address>0x5340</load_address>
         <readonly>true</readonly>
         <executable>true</executable>
         <run_address>0x5340</run_address>
         <size>0x14</size>
         <alignment>0x4</alignment>
         <input_file_ref idref="fl-5c"/>
      </object_component>
      <object_component id="oc-f1">
         <name>.text.DL_I2C_receiveControllerData</name>
         <load_address>0x5354</load_address>
         <readonly>true</readonly>
         <executable>true</executable>
         <run_address>0x5354</run_address>
         <size>0x14</size>
         <alignment>0x4</alignment>
         <input_file_ref idref="fl-5c"/>
      </object_component>
      <object_component id="oc-e5">
         <name>.text.DL_SPI_receiveData8</name>
         <load_address>0x5368</load_address>
         <readonly>true</readonly>
         <executable>true</executable>
         <run_address>0x5368</run_address>
         <size>0x14</size>
         <alignment>0x4</alignment>
         <input_file_ref idref="fl-5d"/>
      </object_component>
      <object_component id="oc-183">
         <name>.text.Delay_Timer_Start</name>
         <load_address>0x537c</load_address>
         <readonly>true</readonly>
         <executable>true</executable>
         <run_address>0x537c</run_address>
         <size>0x14</size>
         <alignment>0x4</alignment>
         <input_file_ref idref="fl-4"/>
      </object_component>
      <object_component id="oc-e4">
         <name>.text.SPI_Controller_Set_CS_High</name>
         <load_address>0x5390</load_address>
         <readonly>true</readonly>
         <executable>true</executable>
         <run_address>0x5390</run_address>
         <size>0x14</size>
         <alignment>0x2</alignment>
         <input_file_ref idref="fl-5d"/>
      </object_component>
      <object_component id="oc-291">
[...]
      </symbol>
      <symbol id="sm-161">
         <name>differential_voltage_measurement</name>
         <value>0x5169</value>
         <object_component_ref idref="oc-24c"/>
      </symbol>
      <symbol id="sm-162">
         <name>multiple_voltage_measurement</name>
         <value>0x3879</value>
         <object_component_ref idref="oc-20e"/>
      </symbol>
      <symbol id="sm-163">
         <name>resistance_measurement</name>
         <value>0x1c45</value>
         <object_component_ref idref="oc-229"/>
      </symbol>
      <symbol id="sm-1bd">
         <name>measurement_command_handler</name>
         <value>0x3489</value>
         <object_component_ref idref="oc-1bf"/>
      </symbol>
      <symbol id="sm-1be">
         <name>voltage_multiple_handler</name>
         <value>0x3135</value>
         <object_component_ref idref="oc-1ef"/>
      </symbol>
      <symbol id="sm-1bf">
         <name>resistance_handler</name>
         <value>0xc1</value>
         <object_component_ref idref="oc-1f0"/>
      </symbol>
      <symbol id="sm-1c0">
         <name>voltage_single_handler</name>
         <value>0x20d5</value>
         <object_component_ref idref="oc-1f1"/>
      </symbol>
      <symbol id="sm-1c1">
         <name>voltage_diff_handler</name>
         <value>0x15ad</value>
         <object_component_ref idref="oc-1f2"/>
      </symbol>
      <symbol id="sm-1e0">
         <name>test_command_handler</name>
         <value>0x42f5</value>
         <object_component_ref idref="oc-1c1"/>
      </symbol>
      <symbol id="sm-1e1">
         <name>usb_test_handler</name>
         <value>0x3915</value>
         <object_component_ref idref="oc-1f9"/>
      </symbol>
      <symbol id="sm-1e2">
         <name>uart_test_handler</name>
         <value>0x353d</value>
         <object_component_ref idref="oc-1fa"/>
      </symbol>
      <symbol id="sm-1e3">
         <name>result</name>
         <value>0x20201597</value>
      </symbol>
      <symbol id="sm-1f7">
         <name>uart_loopback_start</name>
         <value>0x24dd</value>
         <object_component_ref idref="oc-278"/>
      </symbol>
      <symbol id="sm-1f8">
         <name>uart_vmux_select</name>
         <value>0x54fd</value>
         <object_component_ref idref="oc-258"/>
      </symbol>
      <symbol id="sm-1f9">
         <name>uart_rmux_select</name>
         <value>0x46e5</value>
         <object_component_ref idref="oc-271"/>
      </symbol>
      <symbol id="sm-20c">
         <name>usb_init</name>
         <value>0x3d19</value>
         <object_component_ref idref="oc-144"/>
      </symbol>
      <symbol id="sm-20d">
         <name>usb_fsm</name>
         <value>0x2c09</value>
         <object_component_ref idref="oc-10b"/>
      </symbol>
      <symbol id="sm-20e">
         <name>process_usb_command</name>
         <value>0x32f9</value>
         <object_component_ref idref="oc-14c"/>
      </symbol>
      <symbol id="sm-220">
         <name>usb_function_test</name>
         <value>0x37d9</value>
         <object_component_ref idref="oc-24f"/>
      </symbol>
      <symbol id="sm-221">
         <name>usb_resistance_test</name>
         <value>0x3c05</value>
         <object_component_ref idref="oc-272"/>
      </symbol>
      <symbol id="sm-222">
         <name>__TI_ATRegion0_src_addr</name>
         <value>0x0</value>
      </symbol>
      <symbol id="sm-223">
         <name>__TI_ATRegion0_trg_addr</name>
         <value>0x0</value>
      </symbol>
      <symbol id="sm-224">
         <name>__TI_ATRegion0_region_sz</name>
         <value>0x0</value>
      </symbol>
      <symbol id="sm-225">
         <name>__TI_ATRegion1_src_addr</name>
         <value>0x0</value>
      </symbol>
      <symbol id="sm-226">
         <name>__TI_ATRegion1_trg_addr</name>
         <value>0x0</value>
      </symbol>
      <symbol id="sm-227">
         <name>__TI_ATRegion1_region_sz</name>
         <value>0x0</value>
      </symbol>
      <symbol id="sm-228">
         <name>__TI_ATRegion2_src_addr</name>
         <value>0x0</value>
      </symbol>
      <symbol id="sm-229">
         <name>__TI_ATRegion2_trg_addr</name>
         <value>0x0</value>
      </symbol>
      <symbol id="sm-22a">
         <name>__TI_ATRegion2_region_sz</name>
         <value>0x0</value>
      </symbol>
      <symbol id="sm-233">
         <name>DL_Common_delayCycles</name>
         <value>0x5561</value>
         <object_component_ref idref="oc-15c"/>
      </symbol>
      <symbol id="sm-242">
         <name>DL_I2C_setClockConfig</name>
         <value>0x506b</value>
         <object_component_ref idref="oc-16d"/>
      </symbol>
      <symbol id="sm-243">
         <name>DL_I2C_fillControllerTXFIFO</name>
         <value>0x4355</value>
         <object_component_ref idref="oc-f2"/>
      </symbol>
      <symbol id="sm-244">
         <name>DL_I2C_flushTargetTXFIFO</name>
         <value>0x48bd</value>
         <object_component_ref idref="oc-293"/>
      </symbol>
      <symbol id="sm-254">
         <name>DL_SPI_init</name>
         <value>0x4775</value>
         <object_component_ref idref="oc-17c"/>
      </symbol>
      <symbol id="sm-255">
         <name>DL_SPI_setClockConfig</name>
         <value>0x53f1</value>
         <object_component_ref idref="oc-176"/>
      </symbol>
      <symbol id="sm-256">
         <name>DL_SPI_drainRXFIFO8</name>
         <value>0x44bd</value>
         <object_component_ref idref="oc-290"/>
      </symbol>
      <symbol id="sm-266">
         <name>DL_Timer_setClockConfig</name>
         <value>0x521d</value>
         <object_component_ref idref="oc-160"/>
      </symbol>
      <symbol id="sm-267">
         <name>DL_Timer_initTimerMode</name>
         <value>0x304d</value>
         <object_component_ref idref="oc-166"/>
      </symbol>
      <symbol id="sm-27a">
         <name>DL_UART_init</name>
         <value>0x4655</value>
         <object_component_ref idref="oc-171"/>
      </symbol>
      <symbol id="sm-27b">
         <name>DL_UART_setClockConfig</name>
         <value>0x5427</value>
         <object_component_ref idref="oc-170"/>
      </symbol>
      <symbol id="sm-27c">
         <name>DL_UART_drainRXFIFO</name>
         <value>0x4511</value>
         <object_component_ref idref="oc-ab"/>
      </symbol>
      <symbol id="sm-27d">
         <name>DL_UART_fillTXFIFO</name>
         <value>0x4565</value>
         <object_component_ref idref="oc-b1"/>
      </symbol>
      <symbol id="sm-28e">
         <name>sprintf</name>
         <value>0x4ad1</value>
         <object_component_ref idref="oc-237"/>
      </symbol>
      <symbol id="sm-296">
         <name>strcmp</name>
         <value>0x3da1</value>
         <object_component_ref idref="oc-1bb"/>
      </symbol>
      <symbol id="sm-29f">
         <name>memcmp</name>
         <value>0x5189</value>
         <object_component_ref idref="oc-287"/>
      </symbol>
      <symbol id="sm-2ab">
         <name>strtok</name>
         <value>0x469d</value>
         <object_component_ref idref="oc-1b3"/>
      </symbol>
      <symbol id="sm-2b6">
         <name>_c_int00_noargs</name>
         <value>0x4fd1</value>
         <object_component_ref idref="oc-5b"/>
      </symbol>
      <symbol id="sm-2b7">
         <name>__stack</name>
         <value>0x20207e00</value>
         <object_component_ref idref="oc-1a"/>
      </symbol>
      <symbol id="sm-2c3">
         <name>__TI_auto_init_nobinit_nopinit</name>
         <value>0x49e9</value>
         <object_component_ref idref="oc-115"/>
      </symbol>
      <symbol id="sm-2cb">
         <name>_system_pre_init</name>
         <value>0x5591</value>
         <object_component_ref idref="oc-99"/>
      </symbol>
      <symbol id="sm-2d6">
         <name>__TI_zero_init</name>
         <value>0x551d</value>
         <object_component_ref idref="oc-58"/>
      </symbol>
      <symbol id="sm-2df">
         <name>__TI_decompress_none</name>
         <value>0x5439</value>
         <object_component_ref idref="oc-20"/>
      </symbol>
      <symbol id="sm-2ea">
         <name>__TI_decompress_lzss</name>
         <value>0x3ea9</value>
         <object_component_ref idref="oc-1c"/>
      </symbol>
      <symbol id="sm-30c">
         <name>__TI_printfi_nofloat</name>
         <value>0x959</value>
         <object_component_ref idref="oc-285"/>
      </symbol>
      <symbol id="sm-315">
         <name>wcslen</name>
         <value>0x550d</value>
         <object_component_ref idref="oc-2a3"/>
      </symbol>
      <symbol id="sm-322">
         <name>__aeabi_errno_addr</name>
         <value>0x5575</value>
         <object_component_ref idref="oc-2a7"/>
      </symbol>
      <symbol id="sm-323">
         <name>__aeabi_errno</name>
         <value>0x20201598</value>
         <object_component_ref idref="oc-2cc"/>
      </symbol>
      <symbol id="sm-32d">
         <name>abort</name>
         <value>0x5595</value>
         <object_component_ref idref="oc-10e"/>
      </symbol>
      <symbol id="sm-32e">
         <name>C$$EXIT</name>
         <value>0x5594</value>
         <object_component_ref idref="oc-10e"/>
      </symbol>
      <symbol id="sm-33c">
         <name>atoi</name>
         <value>0x487d</value>
         <object_component_ref idref="oc-29f"/>
      </symbol>
      <symbol id="sm-346">
         <name>memccpy</name>
         <value>0x5125</value>
         <object_component_ref idref="oc-298"/>
      </symbol>
      <symbol id="sm-350">
         <name>strcspn</name>
         <value>0x5101</value>
         <object_component_ref idref="oc-1e6"/>
      </symbol>
      <symbol id="sm-359">
         <name>strspn</name>
         <value>0x5091</value>
         <object_component_ref idref="oc-1e2"/>
      </symbol>
      <symbol id="sm-35e">
         <name>__aeabi_ctype_table_</name>
         <value>0x55a0</value>
         <object_component_ref idref="oc-2c5"/>
      </symbol>
      <symbol id="sm-35f">
         <name>__aeabi_ctype_table_C</name>
         <value>0x55a0</value>
         <object_component_ref idref="oc-2c5"/>
      </symbol>
      <symbol id="sm-38d">
         <name>I2C_Controller_Start_Transmit</name>
         <value>0x4011</value>
         <object_component_ref idref="oc-27a"/>
      </symbol>
      <symbol id="sm-38e">
         <name>I2C_Controller_Start_Receive</name>
         <value>0x472d</value>
         <object_component_ref idref="oc-295"/>
      </symbol>
      <symbol id="sm-38f">
         <name>getControllerStatus</name>
         <value>0x4465</value>
         <object_component_ref idref="oc-12d"/>
      </symbol>
      <symbol id="sm-390">
         <name>waitForControllerToIdle</name>
         <value>0x4e65</value>
         <object_component_ref idref="oc-f8"/>
      </symbol>
      <symbol id="sm-391">
         <name>I2C_Controller_Transaction_Done</name>
         <value>0x546d</value>
         <object_component_ref idref="oc-27b"/>
      </symbol>
      <symbol id="sm-392">
         <name>I2C_Controller_IRQ</name>
         <value>0x2f4d</value>
         <object_component_ref idref="oc-89"/>
      </symbol>
      <symbol id="sm-3c3">
         <name>SPI_Controller_Set_CS_Low</name>
         <value>0x53a5</value>
         <object_component_ref idref="oc-291"/>
      </symbol>
      <symbol id="sm-3c4">
         <name>SPI_Controller_Set_CS_High</name>
         <value>0x5391</value>
         <object_component_ref idref="oc-e4"/>
      </symbol>
      <symbol id="sm-3c5">
         <name>SPI_Transact_block</name>
         <value>0x321d</value>
         <object_component_ref idref="oc-279"/>
      </symbol>
      <symbol id="sm-3c6">
         <name>SPI_Block_IRQ</name>
         <value>0x2991</value>
         <object_component_ref idref="oc-75"/>
      </symbol>
      <symbol id="sm-404">
         <name>defaultTimerSingleTriggerCB</name>
         <value>0x5555</value>
         <object_component_ref idref="oc-1ac"/>
      </symbol>
      <symbol id="sm-405">
         <name>Timer_Timeout_Inialize</name>
         <value>0x2e4d</value>
         <object_component_ref idref="oc-180"/>
      </symbol>
      <symbol id="sm-406">
         <name>Timer_Timeout_Time_Set</name>
         <value>0x43b3</value>
         <object_component_ref idref="oc-1ad"/>
      </symbol>
      <symbol id="sm-407">
         <name>Timer_Timeout_Start</name>
         <value>0x4b09</value>
         <object_component_ref idref="oc-205"/>
      </symbol>
      <symbol id="sm-408">
         <name>Timer_Timeout_reStart</name>
         <value>0x4e3b</value>
         <object_component_ref idref="oc-206"/>
      </symbol>
      <symbol id="sm-409">
         <name>Timer_Timeout_IRQ</name>
         <value>0x4e11</value>
         <object_component_ref idref="oc-7c"/>
      </symbol>
      <symbol id="sm-459">
         <name>defaultUartCallBack</name>
         <value>0x54dd</value>
         <object_component_ref idref="oc-1a3"/>
      </symbol>
      <symbol id="sm-45a">
         <name>defaultUartInprogressCallback</name>
         <value>0x54ed</value>
         <object_component_ref idref="oc-1a4"/>
      </symbol>
      <symbol id="sm-45b">
         <name>UART_rxDMA_Initialize</name>
         <value>0x3f25</value>
         <object_component_ref idref="oc-1a1"/>
      </symbol>
      <symbol id="sm-45c">
         <name>UART_txDMA_Initialize</name>
         <value>0x3f9d</value>
         <object_component_ref idref="oc-1a2"/>
      </symbol>
      <symbol id="sm-45d">
         <name>UART_Interface_Initialize</name>
         <value>0x2699</value>
         <object_component_ref idref="oc-17f"/>
      </symbol>
      <symbol id="sm-45e">
         <name>UART_Interface_Start_Transmit</name>
         <value>0x35f1</value>
         <object_component_ref idref="oc-18e"/>
      </symbol>
      <symbol id="sm-45f">
         <name>UART_Interface_Start_Receive</name>
         <value>0x3737</value>
         <object_component_ref idref="oc-187"/>
      </symbol>
      <symbol id="sm-460">
         <name>UART_Interface_IRQ</name>
         <value>0x22fd</value>
         <object_component_ref idref="oc-62"/>
      </symbol>
      <symbol id="sm-461">
         <name>UART_Interface_Stop_Receive</name>
         <value>0x4b3f</value>
         <object_component_ref idref="oc-207"/>
      </symbol>
      <symbol id="sm-486">
         <name>targetRxDoneCb</name>
         <value>0x4cd1</value>
         <object_component_ref idref="oc-1dd"/>
      </symbol>
      <symbol id="sm-487">
         <name>glUartTarget</name>
         <value>0x202013ac</value>
      </symbol>
      <symbol id="sm-488">
         <name>targetTxDoneCb</name>
         <value>0x4d01</value>
         <object_component_ref idref="oc-1de"/>
      </symbol>
      <symbol id="sm-489">
         <name>targetRxInProgressCb</name>
         <value>0x40f1</value>
         <object_component_ref idref="oc-1df"/>
      </symbol>
      <symbol id="sm-48a">
         <name>targetTxInProgressCb</name>
         <value>0x4fa9</value>
         <object_component_ref idref="oc-1e0"/>
      </symbol>
      <symbol id="sm-48b">
         <name>timerCallback</name>
         <value>0x4ba9</value>
         <object_component_ref idref="oc-1e1"/>
      </symbol>
      <symbol id="sm-48c">
         <name>glUartTargetIndexFromTimerIndex</name>
         <value>0x20201594</value>
      </symbol>
      <symbol id="sm-48d">
         <name>UART_Target_AssignCallBacks</name>
         <value>0x422d</value>
         <object_component_ref idref="oc-1ae"/>
      </symbol>
      <symbol id="sm-48e">
         <name>UART_Target_Initialize</name>
         <value>0x4081</value>
         <object_component_ref idref="oc-181"/>
      </symbol>
      <symbol id="sm-48f">
         <name>UART_Target_Receive</name>
         <value>0x4609</value>
         <object_component_ref idref="oc-14a"/>
      </symbol>
      <symbol id="sm-490">
         <name>UART_Target_Transmit</name>
         <value>0x49ad</value>
         <object_component_ref idref="oc-14d"/>
      </symbol>
      <symbol id="sm-491">
         <name>UART_Target_getState</name>
         <value>0x5255</value>
         <object_component_ref idref="oc-145"/>
      </symbol>
      <symbol id="sm-4a6">
         <name>__muldsi3</name>
         <value>0x4a25</value>
         <object_component_ref idref="oc-2d0"/>
      </symbol>
      <symbol id="sm-4ac">
         <name>__aeabi_lmul</name>
         <value>0x50b9</value>
         <object_component_ref idref="oc-2ac"/>
      </symbol>
      <symbol id="sm-4ad">
         <name>__muldi3</name>
         <value>0x50b9</value>
         <object_component_ref idref="oc-2ac"/>
      </symbol>
      <symbol id="sm-4b3">
         <name>__aeabi_memcpy</name>
         <value>0x557d</value>
         <object_component_ref idref="oc-4b"/>
      </symbol>
      <symbol id="sm-4b4">
         <name>__aeabi_memcpy4</name>
         <value>0x557d</value>
         <object_component_ref idref="oc-4b"/>
      </symbol>
      <symbol id="sm-4b5">
         <name>__aeabi_memcpy8</name>
         <value>0x557d</value>
         <object_component_ref idref="oc-4b"/>
      </symbol>
      <symbol id="sm-4be">
         <name>__aeabi_memset</name>
         <value>0x552d</value>
         <object_component_ref idref="oc-297"/>
      </symbol>
      <symbol id="sm-4bf">
         <name>__aeabi_memset4</name>
         <value>0x552d</value>
         <object_component_ref idref="oc-297"/>
      </symbol>
      <symbol id="sm-4c0">
         <name>__aeabi_memset8</name>
         <value>0x552d</value>
         <object_component_ref idref="oc-297"/>
      </symbol>
      <symbol id="sm-4c1">
         <name>__aeabi_memclr</name>
         <value>0x5549</value>
         <object_component_ref idref="oc-94"/>
      </symbol>
      <symbol id="sm-4c2">
         <name>__aeabi_memclr4</name>
         <value>0x5549</value>
         <object_component_ref idref="oc-94"/>
      </symbol>
      <symbol id="sm-4c3">
         <name>__aeabi_memclr8</name>
         <value>0x5549</value>
         <object_component_ref idref="oc-94"/>
      </symbol>
      <symbol id="sm-4c9">
         <name>__aeabi_uidiv</name>
         <value>0x483d</value>
         <object_component_ref idref="oc-1a5"/>
      </symbol>
      <symbol id="sm-4ca">
         <name>__aeabi_uidivmod</name>
         <value>0x483d</value>
         <object_component_ref idref="oc-1a5"/>
      </symbol>
      <symbol id="sm-4d0">
         <name>__aeabi_uldivmod</name>
         <value>0x53b9</value>
         <object_component_ref idref="oc-2b1"/>
      </symbol>
      <symbol id="sm-4d6">
         <name>__udivmoddi4</name>
         <value>0x3695</value>
         <object_component_ref idref="oc-2d5"/>
      </symbol>
      <symbol id="sm-4dc">
         <name>__aeabi_llsl</name>
         <value>0x51a9</value>
         <object_component_ref idref="oc-30b"/>
      </symbol>
      <symbol id="sm-4dd">
         <name>__ashldi3</name>
         <value>0x51a9</value>
         <object_component_ref idref="oc-30b"/>
      </symbol>
      <symbol id="sm-4ea">
         <name>__aeabi_idiv0</name>
         <value>0x2ad3</value>
         <object_component_ref idref="oc-1d1"/>
      </symbol>
      <symbol id="sm-4eb">
         <name>__aeabi_ldiv0</name>
         <value>0x304b</value>
         <object_component_ref idref="oc-30a"/>
      </symbol>
      <symbol id="sm-505">
         <name>memcpy</name>
         <value>0x39b1</value>
         <object_component_ref idref="oc-100"/>
      </symbol>
      <symbol id="sm-514">
         <name>memset</name>
         <value>0x4291</value>
         <object_component_ref idref="oc-134"/>
      </symbol>
      <symbol id="sm-515">
         <name>__TI_static_base__</name>
         <value>0x0</value>
      </symbol>
      <symbol id="sm-518">
         <name>__mpu_init</name>
         <value>0x0</value>
      </symbol>
      <symbol id="sm-519">
         <name>_system_post_cinit</name>
         <value>0x0</value>
      </symbol>
   </symbol_table>
   <title>Link successful</title>
</link_info>
