******************************************************************************
            TI ARM Clang Linker PC v4.0.0                      
******************************************************************************
>> Linked Thu Jun 18 23:44:40 2026

OUTPUT FILE NAME:   <main.out>
ENTRY POINT SYMBOL: "_c_int00_noargs"  address: 00006f05


MEMORY CONFIGURATION

         name            origin    length      used     unused   attr    fill
----------------------  --------  ---------  --------  --------  ----  --------
  FLASH                 00000000   00020000  00008290  00017d70  R  X
  SRAM                  20200000   00008000  00001799  00006867  RW X
  BCR_CONFIG            41c00000   00000080  00000000  00000080  R   
  BSL_CONFIG            41c00100   00000080  00000000  00000080  R   


SEGMENT ALLOCATION MAP

run origin  load origin   length   init length attrs members
----------  ----------- ---------- ----------- ----- -------
00000000    00000000    00008290   00008290    r-x
  00000000    00000000    000000c0   000000c0    r-- .intvecs
  000000c0    000000c0    00007b00   00007b00    r-x .text
  00007bc0    00007bc0    000006a0   000006a0    r-- .rodata
  00008260    00008260    00000030   00000030    r-- .cinit
20200000    20200000    00001599   00000000    rw-
  20200000    20200000    0000158c   00000000    rw- .bss
  2020158c    2020158c    0000000d   00000000    rw- .data
20207e00    20207e00    00000200   00000000    rw-
  20207e00    20207e00    00000200   00000000    rw- .stack


SECTION ALLOCATION MAP

 output                                  attributes/
section   page    origin      length       input sections
--------  ----  ----------  ----------   ----------------
.intvecs   0    00000000    000000c0     
                  00000000    000000c0     startup_mspm0g110x_ticlang.o (.intvecs)

.text      0    000000c0    00007b00     
                  000000c0    000009d0     libc.a : _printfi.c.obj (.text:__TI_printfi)
                  00000a90    000005a4     maini2c.o (.text.resistance_measurement)
                  00001034    000004c0     maini2c.o (.text.single_voltage_measurement)
                  000014f4    000002a0     measurement.o (.text.resistance_handler)
                  00001794    00000220     libc.a : _printfi.c.obj (.text._pconv_a)
                  000019b4    000001f4     usb.o (.text.usb_fsm)
                  00001ba8    000001de     MSPM0G_Library.lib : UART_Interface.o (.text.UART_Interface_IRQ)
                  00001d86    00000002     libclang_rt.builtins.a : aeabi_div0.c.obj (.text.__aeabi_idiv0)
                  00001d88    000001dc     libc.a : _printfi.c.obj (.text._pconv_g)
                  00001f64    000001a0     DB_board.o (.text.run_differential_fsm_tick)
                  00002104    00000192     libclang_rt.builtins.a : adddf3.S.obj (.text.adddf3_subdf3)
                  00002296    00000002                            : aeabi_div0.c.obj (.text.__aeabi_ldiv0)
                  00002298    0000017c     MSPM0G_Library.lib : UART_Interface.o (.text.UART_Interface_Initialize)
                  00002414    0000015c     ti_msp_dl_config.o (.text.SYSCFG_DL_GPIO_init)
                  00002570    0000013c     adc_spi.o (.text.AD4115_ReadSingleChannel)
                  000026ac    0000013c     libc.a : _printfi.c.obj (.text.fcvt)
                  000027e8    00000124     DB_board.o (.text.ads122c04_calibration)
                  0000290c    00000120     libc.a : _printfi.c.obj (.text._pconv_e)
                  00002a2c    0000011c     uart_mux.o (.text.uart_loopback_start)
                  00002b48    0000011c     usb_mux.o (.text.usb_function_test)
                  00002c64    0000011c     measurement.o (.text.voltage_diff_handler)
                  00002d80    0000010c     libclang_rt.builtins.a : divdf3.S.obj (.text.__divdf3)
                  00002e8c    00000100     MSPM0G_Library.lib : Timer_Timeout.o (.text.Timer_Timeout_Inialize)
                  00002f8c    00000100     test.o (.text.uart_test_handler)
                  0000308c    000000fe     MSPM0G_Library.lib : I2C_Controller.o (.text.I2C_Controller_IRQ)
                  0000318a    00000002     app.o (.text.cmd_data_setup)
                  0000318c    000000fc     measurement.o (.text.voltage_single_handler)
                  00003288    000000f6     maini2c.o (.text.multiple_voltage_measurement)
                  0000337e    00000002     --HOLE-- [fill = 0]
                  00003380    000000ec     usb_mux.o (.text.usb_resistance_test)
                  0000346c    000000e8     driverlib.a : dl_timer.o (.text.DL_Timer_initTimerMode)
                  00003554    000000e4     libclang_rt.builtins.a : muldf3.S.obj (.text.__muldf3)
                  00003638    000000e4     DB_board.o (.text.ads122c04_read)
                  0000371c    000000e4     uart_mux.o (.text.uart_vmux_select)
                  00003800    000000dc     i2c_common.o (.text.i2c_read)
                  000038dc    000000d8     libc.a : s_scalbn.c.obj (.text.scalbn)
                  000039b4    000000d8     test.o (.text.usb_test_handler)
                  00003a8c    000000d0     measurement.o (.text.measurement_command_handler)
                  00003b5c    000000c4     ti_msp_dl_config.o (.text.SYSCFG_DL_initPower)
                  00003c20    000000bc     maini2c.o (.text.enable_mux)
                  00003cdc    000000bc     i2c_common.o (.text.i2c_write_verify)
                  00003d98    000000b2     MSPM0G_Library.lib : SPI_Interface.o (.text.SPI_IRQ)
                  00003e4a    00000002     --HOLE-- [fill = 0]
                  00003e4c    000000b0     dynamic_parser.o (.text.dynamic_parse)
                  00003efc    000000b0     i2c_common.o (.text.i2c_write)
                  00003fac    000000b0     maini2c.o (.text.vrcoil_select)
                  0000405c    000000ac     delay_timer.o (.text.Delay_Timer_Initialize)
                  00004108    000000a8     DB_board.o (.text.ads122c04_raw_to_voltage)
                  000041b0    000000a4     MSPM0G_Library.lib : UART_Interface.o (.text.UART_Interface_Start_Transmit)
                  00004254    000000a4     demo.o (.text.resistance_demo_handler)
                  000042f8    000000a2     libclang_rt.builtins.a : udivmoddi4.S.obj (.text)
                  0000439a    000000a0     MSPM0G_Library.lib : UART_Interface.o (.text.UART_Interface_Start_Receive)
                  0000443a    00000002     --HOLE-- [fill = 0]
                  0000443c    000000a0     uart_mux.o (.text.uart_rmux_select)
                  000044dc    000000a0     usb_mux.o (.text.usb_pins_init)
                  0000457c    0000009c     adc_spi.o (.text.AD4115BCPZ_RL7_init)
                  00004618    0000009c     app.o (.text.command_dispatcher)
                  000046b4    0000009c     DB_board.o (.text.dac_set)
                  00004750    00000098     MSPM0G_Library.lib : I2C_Controller.o (.text.I2C_Controller_Initialize)
                  000047e8    00000098     usb.o (.text.process_usb_command)
                  00004880    00000094     measurement.o (.text.string_to_pin)
                  00004914    00000094     usb.o (.text.validate_usb_rx_data)
                  000049a8    0000008c     usb.o (.text.usb_init)
                  00004a34    00000088     MSPM0G_Library.lib : SPI_Interface.o (.text.SPI_Initialize)
                  00004abc    00000004     startup_mspm0g110x_ticlang.o (.text.Default_Handler)
                  00004ac0    00000088     libc.a : strcmp-armv6m.S.obj (.text:strcmp)
                  00004b48    0000007c     measurement.o (.text.voltage_multiple_handler)
                  00004bc4    0000007c     libc.a : copy_decompress_lzss.c.obj (.text:decompress:lzss)
                  00004c40    0000007a     maini2c.o (.text.differential_voltage_measurement)
                  00004cba    00000002     --HOLE-- [fill = 0]
                  00004cbc    00000078     MSPM0G_Library.lib : UART_Interface.o (.text.UART_rxDMA_Initialize)
                  00004d34    00000078     DB_board.o (.text.current_source_2_select)
                  00004dac    00000076     MSPM0G_Library.lib : SPI_Interface.o (.text.SPI_Transact)
                  00004e22    00000074                        : UART_Interface.o (.text.UART_txDMA_Initialize)
                  00004e96    00000002     --HOLE-- [fill = 0]
                  00004e98    00000074     libclang_rt.builtins.a : comparedf2.c.obj (.text.__gedf2)
                  00004f0c    00000004     libc.a : pre_init.c.obj (.text._system_pre_init)
                  00004f10    00000074     libclang_rt.builtins.a : truncdfsf2.S.obj (.text.__truncdfsf2)
                  00004f84    00000070     MSPM0G_Library.lib : I2C_Controller.o (.text.I2C_Controller_Start_Transmit)
                  00004ff4    00000070                        : UART_Target.o (.text.UART_Target_Initialize)
                  00005064    00000070     test.o (.text.test_command_handler)
                  000050d4    0000006c     i2c_common.o (.text.I2C_Wait_With_Timeout)
                  00005140    0000006c     MSPM0G_Library.lib : UART_Target.o (.text.targetRxInProgressCb)
                  000051ac    00000068     libclang_rt.builtins.a : comparedf2.c.obj (.text.__ledf2)
                  00005214    00000068     DB_board.o (.text.get_single_shot_resistance)
                  0000527c    00000068     DB_board.o (.text.read_adc_differential)
                  000052e4    00000066     libc.a : _printfi.c.obj (.text._mcpy)
                  0000534a    00000002     --HOLE-- [fill = 0]
                  0000534c    00000064     ti_msp_dl_config.o (.text.SYSCFG_DL_Daughter_I2C_init)
                  000053b0    00000064     ti_msp_dl_config.o (.text.SYSCFG_DL_Master_I2C_init)
                  00005414    00000064     MSPM0G_Library.lib : UART_Target.o (.text.UART_Target_AssignCallBacks)
                  00005478    00000064     uart_mux.o (.text.uart_pin_init)
                  000054dc    00000062     libclang_rt.builtins.a : aeabi_dcmp.S.obj (.text.__aeabi_dcmp)
                  0000553e    00000002     --HOLE-- [fill = 0]
                  00005540    00000062                            : aeabi_fcmp.S.obj (.text.__aeabi_fcmp)
                  000055a2    00000002     --HOLE-- [fill = 0]
                  000055a4    00000060     adc_spi.o (.text.AD4115_WriteReg16)
                  00005604    00000060     DB_board.o (.text.I2C_Wait_With_Timeout)
                  00005664    00000060     ti_msp_dl_config.o (.text.SYSCFG_DL_UART_0_init)
                  000056c4    00000060     ti_msp_dl_config.o (.text.SYSCFG_DL_UART_3_init)
                  00005724    00000060     demo.o (.text.demo_command_handler)
                  00005784    00000060     measurement.o (.text.string_to_mux)
                  000057e4    00000060     measurement.o (.text.string_to_rcoil)
                  00005844    00000060     measurement.o (.text.string_to_uart_channel)
                  000058a4    00000060     measurement.o (.text.string_to_usb_channel)
                  00005904    00000060     measurement.o (.text.string_to_vrcoil)
                  00005964    0000005e     driverlib.a : dl_i2c.o (.text.DL_I2C_fillControllerTXFIFO)
                  000059c2    00000002     --HOLE-- [fill = 0]
                  000059c4    0000005c     libc.a : s_frexp.c.obj (.text.frexp)
                  00005a20    0000005c     maini2c.o (.text.rcoil_select)
                  00005a7c    0000005a     MSPM0G_Library.lib : Timer_Timeout.o (.text.Timer_Timeout_Time_Set)
                  00005ad6    00000058     libc.a : _ltoa.c.obj (.text.__TI_ltoa)
                  00005b2e    00000058            : _printfi.c.obj (.text._pconv_f)
                  00005b86    00000058     MSPM0G_Library.lib : I2C_Controller.o (.text.getControllerStatus)
                  00005bde    00000002     --HOLE-- [fill = 0]
                  00005be0    00000056     libclang_rt.builtins.a : aeabi_idivmod.S.obj (.text.__aeabi_idivmod)
                  00005c36    00000002     --HOLE-- [fill = 0]
                  00005c38    00000054     adc_spi.o (.text.AD4115_ReadID)
                  00005c8c    00000054     driverlib.a : dl_spi.o (.text.DL_SPI_drainRXFIFO16)
                  00005ce0    00000054                 : dl_uart.o (.text.DL_UART_drainRXFIFO)
                  00005d34    00000054                 : dl_uart.o (.text.DL_UART_fillTXFIFO)
                  00005d88    00000054     maini2c.o (.text.reset_all)
                  00005ddc    00000052     libc.a : _printfi.c.obj (.text._ecpy)
                  00005e2e    00000002     --HOLE-- [fill = 0]
                  00005e30    00000050     adc_spi.o (.text.AD4115_ReadStatus)
                  00005e80    00000050     MSPM0G_Library.lib : I2C_Controller.o (.text.DL_I2C_startControllerTransfer)
                  00005ed0    0000004c     adc_spi.o (.text.AD4115_Reset)
                  00005f1c    0000004c     ti_msp_dl_config.o (.text.DL_UART_setBaudRateDivisor)
                  00005f68    0000004c     MSPM0G_Library.lib : UART_Target.o (.text.UART_Target_Receive)
                  00005fb4    0000004a     libclang_rt.builtins.a : fixdfsi.S.obj (.text.__fixdfsi)
                  00005ffe    00000002     --HOLE-- [fill = 0]
                  00006000    00000048     driverlib.a : dl_uart.o (.text.DL_UART_init)
                  00006048    00000048     ti_msp_dl_config.o (.text.SYSCFG_DL_SPI_0_init)
                  00006090    00000048     DB_board.o (.text.ads122c04_init)
                  000060d8    00000048     libc.a : strtok.c.obj (.text.strtok)
                  00006120    00000046     MSPM0G_Library.lib : I2C_Controller.o (.text.I2C_Controller_Start_Receive)
                  00006166    00000002     --HOLE-- [fill = 0]
                  00006168    00000044     driverlib.a : dl_spi.o (.text.DL_SPI_init)
                  000061ac    00000044     DB_board.o (.text.current_100ua_set)
                  000061f0    00000044     DB_board.o (.text.current_10ma_set)
                  00006234    00000044     DB_board.o (.text.current_1ma_set)
                  00006278    00000044     usb_mux.o (.text.usb_clear_selection)
                  000062bc    00000042     libclang_rt.builtins.a : fixunsdfsi.S.obj (.text.__fixunsdfsi)
                  000062fe    00000002     --HOLE-- [fill = 0]
                  00006300    00000040                            : aeabi_uidivmod.S.obj (.text.__aeabi_uidivmod)
                  00006340    00000040                            : extendsfdf2.S.obj (.text.__extendsfdf2)
                  00006380    00000040     libc.a : atoi.c.obj (.text.atoi)
                  000063c0    0000003c     ti_msp_dl_config.o (.text.DL_GPIO_initPeripheralInputFunctionFeatures)
                  000063fc    0000003c     driverlib.a : dl_i2c.o (.text.DL_I2C_flushTargetTXFIFO)
                  00006438    0000003c     ti_msp_dl_config.o (.text.SYSCFG_DL_init)
                  00006474    0000003c     MSPM0G_Library.lib : UART_Target.o (.text.UART_Target_Transmit)
                  000064b0    0000003c     libclang_rt.builtins.a : comparesf2.S.obj (.text.__gtsf2)
                  000064ec    0000003c     DB_board.o (.text.current_10ua_set)
                  00006528    0000003c     DB_board.o (.text.current_1ua_set)
                  00006564    0000003c     libc.a : autoinit.c.obj (.text:__TI_auto_init_nobinit_nopinit)
                  000065a0    0000003a     delay_timer.o (.text.Delay_Timer_Get)
                  000065da    00000002     --HOLE-- [fill = 0]
                  000065dc    0000003a     libclang_rt.builtins.a : comparesf2.S.obj (.text.__eqsf2)
                  00006616    00000002     --HOLE-- [fill = 0]
                  00006618    0000003a                            : muldsi3.S.obj (.text.__muldsi3)
                  00006652    00000002     --HOLE-- [fill = 0]
                  00006654    00000038     MSPM0G_Library.lib : UART_Interface.o (.text.DL_DMA_setTrigger)
                  0000668c    00000038     libc.a : sprintf.c.obj (.text.sprintf)
                  000066c4    00000036     MSPM0G_Library.lib : Timer_Timeout.o (.text.Timer_Timeout_Start)
                  000066fa    00000036                        : UART_Interface.o (.text.UART_Interface_Stop_Receive)
                  00006730    00000034                        : UART_Interface.o (.text.DL_DMA_configMode)
                  00006764    00000034     ti_msp_dl_config.o (.text.SYSCFG_DL_TIMER_0_init)
                  00006798    00000034     ti_msp_dl_config.o (.text.SYSCFG_DL_TIMER_1_init)
                  000067cc    00000034     ti_msp_dl_config.o (.text.SYSCFG_DL_TIMER_2_init)
                  00006800    00000034     MSPM0G_Library.lib : UART_Target.o (.text.timerCallback)
                  00006834    00000032                        : UART_Interface.o (.text.DL_DMA_setDestWidth)
                  00006866    00000030                        : UART_Interface.o (.text.DL_DMA_setDestIncrement)
                  00006896    00000030                        : UART_Interface.o (.text.DL_DMA_setSrcWidth)
                  000068c6    00000002     --HOLE-- [fill = 0]
                  000068c8    00000030                        : UART_Interface.o (.text.DL_DMA_setTransferSize)
                  000068f8    00000030     ti_msp_dl_config.o (.text.DL_SPI_setFIFOThreshold)
                  00006928    00000030     libc.a : _printfi.c.obj (.text._fcpy)
                  00006958    00000030     app.o (.text.app_init)
                  00006988    00000030     MSPM0G_Library.lib : UART_Target.o (.text.targetRxDoneCb)
                  000069b8    00000030                        : UART_Target.o (.text.targetTxDoneCb)
                  000069e8    0000002e                        : UART_Interface.o (.text.DL_DMA_setSrcIncrement)
                  00006a16    0000002e     maini2c.o (.text.io_expander_init)
                  00006a44    0000002c     MSPM0G_Library.lib : I2C_Controller.o (.text.__NVIC_ClearPendingIRQ)
                  00006a70    0000002c                        : SPI_Interface.o (.text.__NVIC_ClearPendingIRQ)
                  00006a9c    0000002c                        : Timer_Timeout.o (.text.__NVIC_ClearPendingIRQ)
                  00006ac8    0000002c                        : UART_Interface.o (.text.__NVIC_ClearPendingIRQ)
                  00006af4    0000002c     delay_timer.o (.text.__NVIC_ClearPendingIRQ)
                  00006b20    0000002c     MSPM0G_Library.lib : I2C_Controller.o (.text.__NVIC_EnableIRQ)
                  00006b4c    0000002c                        : SPI_Interface.o (.text.__NVIC_EnableIRQ)
                  00006b78    0000002c                        : Timer_Timeout.o (.text.__NVIC_EnableIRQ)
                  00006ba4    0000002c                        : UART_Interface.o (.text.__NVIC_EnableIRQ)
                  00006bd0    0000002c     delay_timer.o (.text.__NVIC_EnableIRQ)
                  00006bfc    0000002c     libclang_rt.builtins.a : floatsidf.S.obj (.text.__floatsidf)
                  00006c28    0000002c     libc.a : strncpy.c.obj (.text.strncpy)
                  00006c54    0000002a     ti_msp_dl_config.o (.text.SYSCFG_DL_SYSCTL_init)
                  00006c7e    0000002a     MSPM0G_Library.lib : Timer_Timeout.o (.text.Timer_Timeout_IRQ)
                  00006ca8    0000002a                        : Timer_Timeout.o (.text.Timer_Timeout_reStart)
                  00006cd2    0000002a                        : I2C_Controller.o (.text.waitForControllerToIdle)
                  00006cfc    00000028                        : I2C_Controller.o (.text.DL_Common_updateReg)
                  00006d24    00000028                        : Timer_Timeout.o (.text.DL_Common_updateReg)
                  00006d4c    00000028                        : UART_Interface.o (.text.DL_Common_updateReg)
                  00006d74    00000028     ti_msp_dl_config.o (.text.DL_Common_updateReg)
                  00006d9c    00000028     MSPM0G_Library.lib : UART_Interface.o (.text.DL_DMA_setDestAddr)
                  00006dc4    00000028                        : UART_Interface.o (.text.DL_DMA_setSrcAddr)
                  00006dec    00000028                        : I2C_Controller.o (.text.DL_I2C_setControllerRXFIFOThreshold)
                  00006e14    00000028     ti_msp_dl_config.o (.text.DL_I2C_setControllerRXFIFOThreshold)
                  00006e3c    00000028     MSPM0G_Library.lib : I2C_Controller.o (.text.DL_I2C_setControllerTXFIFOThreshold)
                  00006e64    00000028     ti_msp_dl_config.o (.text.DL_I2C_setControllerTXFIFOThreshold)
                  00006e8c    00000028     ti_msp_dl_config.o (.text.DL_UART_setRXFIFOThreshold)
                  00006eb4    00000028     ti_msp_dl_config.o (.text.DL_UART_setTXFIFOThreshold)
                  00006edc    00000028     MSPM0G_Library.lib : UART_Target.o (.text.targetTxInProgressCb)
                  00006f04    00000028     libc.a : boot_cortex_m.c.obj (.text:_c_int00_noargs)
                  00006f2c    00000026     MSPM0G_Library.lib : UART_Interface.o (.text.DL_DMA_disableChannel)
                  00006f52    00000026                        : UART_Interface.o (.text.DL_DMA_enableChannel)
                  00006f78    00000026     ti_msp_dl_config.o (.text.DL_I2C_setAnalogGlitchFilterPulseWidth)
                  00006f9e    00000026     driverlib.a : dl_i2c.o (.text.DL_I2C_setClockConfig)
                  00006fc4    00000026     libc.a : strspn.c.obj (.text.strspn)
                  00006fea    00000002     --HOLE-- [fill = 0]
                  00006fec    00000024     ti_msp_dl_config.o (.text.DL_SPI_setBitRateSerialClockDivider)
                  00007010    00000024     delay_timer.o (.text.Delay_Timer_IRQ)
                  00007034    00000024     libclang_rt.builtins.a : floatunsidf.S.obj (.text.__floatunsidf)
                  00007058    00000024                            : muldi3.S.obj (.text.__muldi3)
                  0000707c    00000024     DB_board.o (.text.io_expander_config)
                  000070a0    00000024     maini2c.o (.text.io_expander_config)
                  000070c4    00000024     libc.a : strcspn.c.obj (.text.strcspn)
                  000070e8    00000022            : memccpy.c.obj (.text.memccpy)
                  0000710a    00000022            : strncmp.c.obj (.text.strncmp)
                  0000712c    00000020     ti_msp_dl_config.o (.text.DL_GPIO_initPeripheralInputFunction)
                  0000714c    00000020     MSPM0G_Library.lib : Timer_Timeout.o (.text.DL_Timer_setCounterValueAfterEnable)
                  0000716c    00000020     empty.o (.text.main)
                  0000718c    00000020     libc.a : memcmp.c.obj (.text.memcmp)
                  000071ac    0000001e     ti_msp_dl_config.o (.text.DL_UART_setOversampling)
                  000071ca    00000002     --HOLE-- [fill = 0]
                  000071cc    0000001e     libclang_rt.builtins.a : ashldi3.S.obj (.text.__ashldi3)
                  000071ea    00000002     --HOLE-- [fill = 0]
                  000071ec    0000001c     ti_msp_dl_config.o (.text.DL_GPIO_enableHiZ)
                  00007208    0000001c     ti_msp_dl_config.o (.text.DL_GPIO_initPeripheralOutputFunction)
                  00007224    0000001c     MSPM0G_Library.lib : I2C_Controller.o (.text.DL_I2C_enableInterrupt)
                  00007240    0000001c     ti_msp_dl_config.o (.text.DL_I2C_enableInterrupt)
                  0000725c    0000001c     MSPM0G_Library.lib : I2C_Controller.o (.text.DL_I2C_isControllerRXFIFOEmpty)
                  00007278    0000001c     ti_msp_dl_config.o (.text.DL_SPI_enableInterrupt)
                  00007294    0000001c     ti_msp_dl_config.o (.text.DL_SYSCTL_setMCLKDivider)
                  000072b0    0000001c     ti_msp_dl_config.o (.text.DL_SYSCTL_setSYSOSCFreq)
                  000072cc    0000001c     ti_msp_dl_config.o (.text.DL_SYSCTL_setULPCLKDivider)
                  000072e8    0000001c     MSPM0G_Library.lib : Timer_Timeout.o (.text.DL_Timer_disableInterrupt)
                  00007304    0000001c                        : Timer_Timeout.o (.text.DL_Timer_enableInterrupt)
                  00007320    0000001c     delay_timer.o (.text.DL_Timer_enableInterrupt)
                  0000733c    0000001c     ti_msp_dl_config.o (.text.DL_Timer_enableInterrupt)
                  00007358    0000001c     driverlib.a : dl_timer.o (.text.DL_Timer_setClockConfig)
                  00007374    0000001c     ti_msp_dl_config.o (.text.DL_UART_enableInterrupt)
                  00007390    0000001c     MSPM0G_Library.lib : UART_Target.o (.text.UART_Target_getState)
                  000073ac    0000001c     DB_board.o (.text.io_expander_daughter_reset)
                  000073c8    00000018     adc_spi.o (.text.AD4115_Wait)
                  000073e0    00000018     adc_spi.o (.text.DL_GPIO_enableOutput)
                  000073f8    00000018     ti_msp_dl_config.o (.text.DL_GPIO_enableOutput)
                  00007410    00000018     uart_mux.o (.text.DL_GPIO_enableOutput)
                  00007428    00000018     usb_mux.o (.text.DL_GPIO_enableOutput)
                  00007440    00000018     ti_msp_dl_config.o (.text.DL_GPIO_enablePower)
                  00007458    00000018     adc_spi.o (.text.DL_GPIO_initDigitalOutput)
                  00007470    00000018     ti_msp_dl_config.o (.text.DL_GPIO_initDigitalOutput)
                  00007488    00000018     uart_mux.o (.text.DL_GPIO_initDigitalOutput)
                  000074a0    00000018     usb_mux.o (.text.DL_GPIO_initDigitalOutput)
                  000074b8    00000018     ti_msp_dl_config.o (.text.DL_GPIO_reset)
                  000074d0    00000018     adc_spi.o (.text.DL_GPIO_setPins)
                  000074e8    00000018     ti_msp_dl_config.o (.text.DL_GPIO_setPins)
                  00007500    00000018     uart_mux.o (.text.DL_GPIO_setPins)
                  00007518    00000018     usb_mux.o (.text.DL_GPIO_setPins)
                  00007530    00000018     ti_msp_dl_config.o (.text.DL_I2C_enableAnalogGlitchFilter)
                  00007548    00000018     ti_msp_dl_config.o (.text.DL_I2C_enableController)
                  00007560    00000018     ti_msp_dl_config.o (.text.DL_I2C_enableControllerClockStretching)
                  00007578    00000018     ti_msp_dl_config.o (.text.DL_I2C_enablePower)
                  00007590    00000018     ti_msp_dl_config.o (.text.DL_I2C_reset)
                  000075a8    00000018     ti_msp_dl_config.o (.text.DL_I2C_setTimerPeriod)
                  000075c0    00000018     ti_msp_dl_config.o (.text.DL_SPI_enable)
                  000075d8    00000018     ti_msp_dl_config.o (.text.DL_SPI_enablePower)
                  000075f0    00000018     ti_msp_dl_config.o (.text.DL_SPI_reset)
                  00007608    00000018     ti_msp_dl_config.o (.text.DL_SYSCTL_setBORThreshold)
                  00007620    00000018     MSPM0G_Library.lib : Timer_Timeout.o (.text.DL_Timer_clearInterruptStatus)
                  00007638    00000018     delay_timer.o (.text.DL_Timer_enablePower)
                  00007650    00000018     ti_msp_dl_config.o (.text.DL_Timer_enablePower)
                  00007668    00000018     ti_msp_dl_config.o (.text.DL_Timer_reset)
                  00007680    00000018     MSPM0G_Library.lib : Timer_Timeout.o (.text.DL_Timer_setLoadValue)
                  00007698    00000018                        : Timer_Timeout.o (.text.DL_Timer_startCounter)
                  000076b0    00000018     delay_timer.o (.text.DL_Timer_startCounter)
                  000076c8    00000018     MSPM0G_Library.lib : Timer_Timeout.o (.text.DL_Timer_stopCounter)
                  000076e0    00000018     ti_msp_dl_config.o (.text.DL_UART_enableFIFOs)
                  000076f8    00000018     ti_msp_dl_config.o (.text.DL_UART_enablePower)
                  00007710    00000018     uart_mux.o (.text.DL_UART_isRXFIFOEmpty)
                  00007728    00000018     uart_mux.o (.text.DL_UART_isTXFIFOFull)
                  00007740    00000018     ti_msp_dl_config.o (.text.DL_UART_reset)
                  00007758    00000018     libc.a : sprintf.c.obj (.text._outs)
                  00007770    00000018     i2c_common.o (.text.i2c0_init)
                  00007788    00000018     i2c_common.o (.text.i2c1_init)
                  000077a0    00000016     MSPM0G_Library.lib : SPI_Interface.o (.text.DL_SPI_transmitData16)
                  000077b6    00000016     ti_msp_dl_config.o (.text.DL_UART_enable)
                  000077cc    00000016     uart_mux.o (.text.DL_UART_transmitData)
                  000077e2    00000014     adc_spi.o (.text.DL_GPIO_clearPins)
                  000077f6    00000014     ti_msp_dl_config.o (.text.DL_GPIO_clearPins)
                  0000780a    00000014     uart_mux.o (.text.DL_GPIO_clearPins)
                  0000781e    00000014     usb_mux.o (.text.DL_GPIO_clearPins)
                  00007832    00000002     --HOLE-- [fill = 0]
                  00007834    00000014     MSPM0G_Library.lib : I2C_Controller.o (.text.DL_I2C_getControllerStatus)
                  00007848    00000014                        : I2C_Controller.o (.text.DL_I2C_receiveControllerData)
                  0000785c    00000014     ti_msp_dl_config.o (.text.DL_I2C_resetControllerTransfer)
                  00007870    00000014     MSPM0G_Library.lib : SPI_Interface.o (.text.DL_SPI_receiveData16)
                  00007884    00000014     ti_msp_dl_config.o (.text.DL_SYSCTL_disableSYSPLL)
                  00007898    00000014     delay_timer.o (.text.DL_Timer_enableClock)
                  000078ac    00000014     ti_msp_dl_config.o (.text.DL_Timer_enableClock)
                  000078c0    00000014     uart_mux.o (.text.DL_UART_receiveData)
                  000078d4    00000014     libclang_rt.builtins.a : aeabi_uldivmod.S.obj (.text.__aeabi_uldivmod)
                  000078e8    00000014     libc.a : _printfi.c.obj (.text.strchr)
                  000078fc    00000012     MSPM0G_Library.lib : I2C_Controller.o (.text.DL_I2C_getPendingInterrupt)
                  0000790e    00000012                        : SPI_Interface.o (.text.DL_SPI_getPendingInterrupt)
                  00007920    00000012     driverlib.a : dl_spi.o (.text.DL_SPI_setClockConfig)
                  00007932    00000012     MSPM0G_Library.lib : Timer_Timeout.o (.text.DL_Timer_getPendingInterrupt)
                  00007944    00000012     delay_timer.o (.text.DL_Timer_getPendingInterrupt)
                  00007956    00000012     delay_timer.o (.text.DL_Timer_getTimerCount)
                  00007968    00000012     MSPM0G_Library.lib : UART_Interface.o (.text.DL_UART_getPendingInterrupt)
                  0000797a    00000012     driverlib.a : dl_uart.o (.text.DL_UART_setClockConfig)
                  0000798c    00000012     delay_timer.o (.text.Delay_Timer_Start)
                  0000799e    00000012     libc.a : memcpy16.S.obj (.text:TI_memcpy_small)
                  000079b0    00000012            : copy_decompress_none.c.obj (.text:decompress:none)
                  000079c2    00000002     --HOLE-- [fill = 0]
                  000079c4    00000010     ti_msp_dl_config.o (.text.DL_SYSCTL_disableHFXT)
                  000079d4    00000010     app.o (.text.I2C0_IRQHandler)
                  000079e4    00000010     app.o (.text.I2C1_IRQHandler)
                  000079f4    00000010     MSPM0G_Library.lib : I2C_Controller.o (.text.I2C_Controller_Transaction_Done)
                  00007a04    00000010     app.o (.text.SPI0_IRQHandler)
                  00007a14    00000010     app.o (.text.TIMG0_IRQHandler)
                  00007a24    00000010     app.o (.text.TIMG6_IRQHandler)
                  00007a34    00000010     app.o (.text.TIMG7_IRQHandler)
                  00007a44    00000010     app.o (.text.UART0_IRQHandler)
                  00007a54    00000010     app.o (.text.UART3_IRQHandler)
                  00007a64    00000010     DB_board.o (.text.db_board_init)
                  00007a74    00000010     MSPM0G_Library.lib : UART_Interface.o (.text.defaultUartCallBack)
                  00007a84    00000010                        : UART_Interface.o (.text.defaultUartInprogressCallback)
                  00007a94    00000010     maini2c.o (.text.rpin_select)
                  00007aa4    00000010     libc.a : wcslen.c.obj (.text.wcslen)
                  00007ab4    00000010            : copy_zero_init.c.obj (.text:decompress:ZI)
                  00007ac4    0000000e     libclang_rt.builtins.a : aeabi_memset.S.obj (.text.__aeabi_memset)
                  00007ad2    0000000e     libc.a : strcpy.c.obj (.text.strcpy)
                  00007ae0    0000000e            : _printfi.c.obj (.text.strlen)
                  00007aee    0000000e            : strlen.c.obj (.text.strlen)
                  00007afc    0000000e     maini2c.o (.text.vrpin_select)
                  00007b0a    0000000e     libc.a : memset16.S.obj (.text:TI_memset_small)
                  00007b18    0000000c     libclang_rt.builtins.a : aeabi_memset.S.obj (.text.__aeabi_memclr)
                  00007b24    0000000c     MSPM0G_Library.lib : Timer_Timeout.o (.text.defaultTimerSingleTriggerCB)
                  00007b30    0000000c                        : I2C_Controller.o (.text.noActionController)
                  00007b3c    0000000c                        : SPI_Interface.o (.text.noActionSPIInterface)
                  00007b48    0000000a     driverlib.a : dl_common.o (.text.DL_Common_delayCycles)
                  00007b52    0000000a     libc.a : _printfi.c.obj (.text.OUTLINED_FUNCTION_0)
                  00007b5c    00000010     libclang_rt.builtins.a : adddf3.S.obj (.tramp.__aeabi_dsub.1)
                  00007b6c    0000000a     libc.a : _printfi.c.obj (.text.OUTLINED_FUNCTION_1)
                  00007b76    0000000a            : sprintf.c.obj (.text._outc)
                  00007b80    0000000a     DB_board.o (.text.io_expander_daughter_config)
                  00007b8a    00000002     --HOLE-- [fill = 0]
                  00007b8c    00000008     libc.a : aeabi_portable.c.obj (.text.__aeabi_errno_addr)
                  00007b94    00000008     libclang_rt.builtins.a : aeabi_memcpy.S.obj (.text.__aeabi_memcpy)
                  00007b9c    00000004     startup_mspm0g110x_ticlang.o (.text.Reset_Handler)
                  00007ba0    00000010     libc.a : boot_cortex_m.c.obj (.tramp._c_int00_noargs.1)
                  00007bb0    00000004            : exit.c.obj (.text:abort)
                  00007bb4    0000000c     --HOLE-- [fill = 0]

.cinit     0    00008260    00000030     
                  00008260    0000000c     (__TI_handler_table)
                  0000826c    00000008     (.cinit..bss.load) [load image, compression = zero_init]
                  00008274    00000007     (.cinit..data.load) [load image, compression = lzss]
                  0000827b    00000001     --HOLE-- [fill = 0]
                  0000827c    00000010     (__TI_cinit_table)
                  0000828c    00000004     --HOLE-- [fill = 0]

.rodata    0    00007bc0    000006a0     
                  00007bc0    00000101     libc.a : aeabi_ctype.S.obj (.rodata:__aeabi_ctype_table_)
                  00007cc1    00000003     ti_msp_dl_config.o (.rodata.gTIMER_0ClockConfig)
                  00007cc4    00000060     measurement.o (.rodata.mux_table)
                  00007d24    00000058     measurement.o (.rodata.vrcoil_table)
                  00007d7c    00000023     uart_mux.o (.rodata.str1.118560724856761621641)
                  00007d9f    00000001     --HOLE-- [fill = 0]
                  00007da0    00000020     measurement.o (.rodata.rcoil_table)
                  00007dc0    00000020     measurement.o (.rodata.uart_table)
                  00007de0    00000020     measurement.o (.rodata.usb_table)
                  00007e00    00000017     demo.o (.rodata.str1.175610656957462795911)
                  00007e17    00000016     measurement.o (.rodata.str1.113800279036790553271)
                  00007e2d    00000016     measurement.o (.rodata.str1.83559283470778216181)
                  00007e43    00000015     measurement.o (.rodata.str1.102214408959654304761)
                  00007e58    00000015     demo.o (.rodata.str1.56452010809220114001)
                  00007e6d    00000003     ti_msp_dl_config.o (.rodata.gTIMER_1ClockConfig)
                  00007e70    00000014     ti_msp_dl_config.o (.rodata.gTIMER_0TimerConfig)
                  00007e84    00000014     ti_msp_dl_config.o (.rodata.gTIMER_1TimerConfig)
                  00007e98    00000014     ti_msp_dl_config.o (.rodata.gTIMER_2TimerConfig)
                  00007eac    00000014     test.o (.rodata.str1.102283361238553834451)
                  00007ec0    00000014     measurement.o (.rodata.str1.165861782887955245661)
                  00007ed4    00000014     measurement.o (.rodata.str1.20889753401612334321)
                  00007ee8    00000014     measurement.o (.rodata.str1.60353518138279377091)
                  00007efc    00000013     test.o (.rodata.str1.29332152423430807291)
                  00007f0f    00000013     measurement.o (.rodata.str1.37743075164861735401)
                  00007f22    00000012     usb.o (.rodata.invalid_cmd)
                  00007f34    00000012     app.o (.rodata.str1.112458129122677307381)
                  00007f46    00000012     app.o (.rodata.str1.115467379878751397891)
                  00007f58    00000012     test.o (.rodata.str1.3423745806992322001)
                  00007f6a    00000011     libc.a : _printfi.c.obj (.rodata.str1.103488685894817597201)
                  00007f7b    00000011     test.o (.rodata.str1.11889174283907417271)
                  00007f8c    00000011     test.o (.rodata.str1.126627747468731630901)
                  00007f9d    00000011     libc.a : _printfi.c.obj (.rodata.str1.153638888446227384661)
                  00007fae    00000011     test.o (.rodata.str1.78157876389108665751)
                  00007fbf    0000000f     measurement.o (.rodata.str1.131406873746924472461)
                  00007fce    0000000f     measurement.o (.rodata.str1.1352979262636750221)
                  00007fdd    0000000f     test.o (.rodata.str1.15090804630291111921)
                  00007fec    0000000e     measurement.o (.rodata.str1.121307941626713367071)
                  00007ffa    0000000e     measurement.o (.rodata.str1.136055576646320003791)
                  00008008    0000000e     measurement.o (.rodata.str1.139899467999602070221)
                  00008016    0000000e     measurement.o (.rodata.str1.157520523233561024701)
                  00008024    0000000e     measurement.o (.rodata.str1.170345836214082999301)
                  00008032    0000000e     measurement.o (.rodata.str1.175837335340980822901)
                  00008040    0000000e     measurement.o (.rodata.str1.179019104344534884381)
                  0000804e    0000000e     measurement.o (.rodata.str1.23939934288821651991)
                  0000805c    0000000e     demo.o (.rodata.str1.36561036762882576081)
                  0000806a    0000000e     test.o (.rodata.str1.39661457835044961721)
                  00008078    0000000e     measurement.o (.rodata.str1.45899260157397172671)
                  00008086    0000000e     measurement.o (.rodata.str1.6739221197576344871)
                  00008094    0000000e     measurement.o (.rodata.str1.70066229570190111501)
                  000080a2    0000000e     measurement.o (.rodata.str1.75692778144762755341)
                  000080b0    0000000e     measurement.o (.rodata.str1.8845599477796337621)
                  000080be    0000000e     measurement.o (.rodata.str1.91552349781554375091)
                  000080cc    0000000c     measurement.o (.rodata.str1.1483115773298423801)
                  000080d8    0000000b     measurement.o (.rodata.str1.115195607741549956811)
                  000080e3    0000000b     measurement.o (.rodata.str1.37831994660612320281)
                  000080ee    0000000b     measurement.o (.rodata.str1.58218121137635417931)
                  000080f9    00000001     --HOLE-- [fill = 0]
                  000080fa    0000000a     ti_msp_dl_config.o (.rodata.gSPI_0_config)
                  00008104    0000000a     ti_msp_dl_config.o (.rodata.gUART_0Config)
                  0000810e    0000000a     ti_msp_dl_config.o (.rodata.gUART_3Config)
                  00008118    0000000a     measurement.o (.rodata.str1.121682149984402573241)
                  00008122    0000000a     measurement.o (.rodata.str1.122415331534047387711)
                  0000812c    0000000a     measurement.o (.rodata.str1.127730691181652296071)
                  00008136    0000000a     measurement.o (.rodata.str1.129233683150386070781)
                  00008140    0000000a     measurement.o (.rodata.str1.138967332289055316751)
                  0000814a    0000000a     measurement.o (.rodata.str1.153907093121212498701)
                  00008154    0000000a     measurement.o (.rodata.str1.16861872493964242221)
                  0000815e    0000000a     measurement.o (.rodata.str1.38152345548893011161)
                  00008168    0000000a     measurement.o (.rodata.str1.45750034140004442161)
                  00008172    0000000a     measurement.o (.rodata.str1.76280438296781381521)
                  0000817c    0000000a     measurement.o (.rodata.str1.98556863556729119661)
                  00008186    00000009     measurement.o (.rodata.str1.1217195836761136881)
                  0000818f    00000009     measurement.o (.rodata.str1.136291274248634959131)
                  00008198    00000009     measurement.o (.rodata.str1.136603149743655547941)
                  000081a1    00000009     measurement.o (.rodata.str1.44348822642843846581)
                  000081aa    00000009     measurement.o (.rodata.str1.60784405668290656121)
                  000081b3    00000008     measurement.o (.rodata.str1.145507699984838106301)
                  000081bb    00000008     uart_mux.o (.rodata.str1.180632857784376001331)
                  000081c3    00000008     measurement.o (.rodata.str1.41018347950312538361)
                  000081cb    00000008     measurement.o (.rodata.str1.59351012768855232331)
                  000081d3    00000008     measurement.o (.rodata.str1.85438850648943969081)
                  000081db    00000007     uart_mux.o (.rodata.str1.152672250504187699701)
                  000081e2    00000007     measurement.o (.rodata.str1.86711453414650685811)
                  000081e9    00000005     measurement.o (.rodata.str1.117829113130755204941)
                  000081ee    00000005     measurement.o (.rodata.str1.122002902253781501761)
                  000081f3    00000005     test.o (.rodata.str1.13031447038367229581)
                  000081f8    00000005     measurement.o (.rodata.str1.147646754363303180201)
                  000081fd    00000005     measurement.o (.rodata.str1.15568180766838968481)
                  00008202    00000005     measurement.o (.rodata.str1.46578351556143341521)
                  00008207    00000005     uart_mux.o (.rodata.str1.5759080618715589611)
                  0000820c    00000005     app.o (.rodata.str1.91024950347392736991)
                  00008211    00000005     uart_mux.o (.rodata.str1.92336526440974699921)
                  00008216    00000005     app.o (.rodata.str1.9803400861254684601)
                  0000821b    00000004     test.o (.rodata.str1.122056543781436815241)
                  0000821f    00000004     app.o (.rodata.str1.144966739553529159871)
                  00008223    00000004     measurement.o (.rodata.str1.149992609013317456391)
                  00008227    00000004     test.o (.rodata.str1.163203285618029998951)
                  0000822b    00000004     measurement.o (.rodata.str1.25189297901772469601)
                  0000822f    00000004     measurement.o (.rodata.str1.29717263840051815811)
                  00008233    00000004     test.o (.rodata.str1.50249234068077314091)
                  00008237    00000004     demo.o (.rodata.str1.51139020614829504981)
                  0000823b    00000004     test.o (.rodata.str1.60604365682032904051)
                  0000823f    00000004     test.o (.rodata.str1.80841809696236772891)
                  00008243    00000003     ti_msp_dl_config.o (.rodata.gTIMER_2ClockConfig)
                  00008246    00000002     ti_msp_dl_config.o (.rodata.gDaughter_I2CClockConfig)
                  00008248    00000002     ti_msp_dl_config.o (.rodata.gMaster_I2CClockConfig)
                  0000824a    00000002     ti_msp_dl_config.o (.rodata.gSPI_0_clockConfig)
                  0000824c    00000002     ti_msp_dl_config.o (.rodata.gUART_0ClockConfig)
                  0000824e    00000002     ti_msp_dl_config.o (.rodata.gUART_3ClockConfig)
                  00008250    00000002     dynamic_parser.o (.rodata.str1.24641456576799527221)
                  00008252    0000000e     --HOLE-- [fill = 0]

.init_array 
*          0    00000000    00000000     UNINITIALIZED

.binit     0    00000000    00000000     

.bss       0    20200000    0000158c     UNINITIALIZED
                  20200000    000013ac     (.common:USB_DATA)
                  202013ac    00000048     (.common:glUartTarget)
                  202013f4    00000034     (.common:UART_MUX)
                  20201428    00000034     (.common:USB_UART)
                  2020145c    00000030     (.common:gUART_3Backup)
                  2020148c    00000024     (.common:ADC)
                  202014b0    00000024     (.common:UART_MUX_Timeout)
                  202014d4    00000024     (.common:USB_BUFFER)
                  202014f8    00000024     (.common:USB_Timeout)
                  2020151c    00000020     (.common:Daughter_I2C)
                  2020153c    00000020     (.common:Master_MCU)
                  2020155c    00000010     i2c_common.o (.bss.tx_buffer)
                  2020156c    00000010     i2c_common.o (.bss.verify_data)
                  2020157c    00000004     (.common:executing_command)
                  20201580    00000008     DB_board.o (.bss.i_value)
                  20201588    00000003     (.common:glUartTargetIndexFromTimerIndex)
                  2020158b    00000001     (.common:result)

.data      0    2020158c    0000000d     UNINITIALIZED
                  2020158c    00000004     libc.a : aeabi_portable.c.obj (.data.__aeabi_errno)
                  20201590    00000004     DB_board.o (.data.adc_internal_offset)
                  20201594    00000004     libc.a : strtok.c.obj (.data.last_end)
                  20201598    00000001     DB_board.o (.data.fsm_current_tier)

.stack     0    20207e00    00000200     UNINITIALIZED
                  20207e00    00000004     libc.a : boot_cortex_m.c.obj (.stack)
                  20207e04    000001fc     --HOLE--

__llvm_prf_cnts 
*          0    20200000    00000000     UNINITIALIZED

__llvm_prf_bits 
*          0    20200000    00000000     UNINITIALIZED

MODULE SUMMARY

       Module                         code    ro data   rw data
       ------                         ----    -------   -------
    .\
       DB_board.o                     2170    0         5365   
       maini2c.o                      3680    0         0      
       measurement.o                  2168    926       0      
       ti_msp_dl_config.o             2636    109       48     
       uart_mux.o                     954     60        0      
       usb.o                          940     18        0      
       adc_spi.o                      924     0         0      
       usb_mux.o                      840     0         0      
       i2c_common.o                   740     0         32     
       test.o                         584     162       1      
       delay_timer.o                  504     0         0      
       app.o                          334     50        0      
       demo.o                         260     62        0      
       startup_mspm0g110x_ticlang.o   8       192       0      
       dynamic_parser.o               176     2         0      
       empty.o                        32      0         0      
    +--+------------------------------+-------+---------+---------+
       Total:                         16950   1581      5446   
                                                               
    C:/ti/mspm0_sdk_2_00_00_03/source/ti/driverlib/lib/ticlang/m0p/mspm0g1x0x_g3x0x/driverlib.a
       dl_timer.o                     260     0         0      
       dl_uart.o                      258     0         0      
       dl_i2c.o                       192     0         0      
       dl_spi.o                       170     0         0      
       dl_common.o                    10      0         0      
    +--+------------------------------+-------+---------+---------+
       Total:                         890     0         0      
                                                               
    C:\ti\ccstheia151\ccs\tools\compiler\ti-cgt-armllvm_4.0.0.LTS\lib\armv6m-ti-none-eabi/c/libc.a
       _printfi.c.obj                 4510    34        0      
       aeabi_ctype.S.obj              0       257       0      
       s_scalbn.c.obj                 216     0         0      
       strcmp-armv6m.S.obj            136     0         0      
       copy_decompress_lzss.c.obj     124     0         0      
       s_frexp.c.obj                  92      0         0      
       sprintf.c.obj                  90      0         0      
       _ltoa.c.obj                    88      0         0      
       strtok.c.obj                   72      0         4      
       atoi.c.obj                     64      0         0      
       autoinit.c.obj                 60      0         0      
       boot_cortex_m.c.obj            56      0         0      
       strncpy.c.obj                  44      0         0      
       strspn.c.obj                   38      0         0      
       strcspn.c.obj                  36      0         0      
       memccpy.c.obj                  34      0         0      
       strncmp.c.obj                  34      0         0      
       memcmp.c.obj                   32      0         0      
       copy_decompress_none.c.obj     18      0         0      
       memcpy16.S.obj                 18      0         0      
       copy_zero_init.c.obj           16      0         0      
       wcslen.c.obj                   16      0         0      
       memset16.S.obj                 14      0         0      
       strcpy.c.obj                   14      0         0      
       strlen.c.obj                   14      0         0      
       aeabi_portable.c.obj           8       0         4      
       exit.c.obj                     4       0         0      
       pre_init.c.obj                 4       0         0      
    +--+------------------------------+-------+---------+---------+
       Total:                         5852    291       8      
                                                               
    C:\ti\ccstheia151\ccs\tools\compiler\ti-cgt-armllvm_4.0.0.LTS\lib\armv6m-ti-none-eabi/libclang_rt.builtins.a
       adddf3.S.obj                   418     0         0      
       divdf3.S.obj                   268     0         0      
       muldf3.S.obj                   228     0         0      
       comparedf2.c.obj               220     0         0      
       udivmoddi4.S.obj               162     0         0      
       comparesf2.S.obj               118     0         0      
       truncdfsf2.S.obj               116     0         0      
       aeabi_dcmp.S.obj               98      0         0      
       aeabi_fcmp.S.obj               98      0         0      
       aeabi_idivmod.S.obj            86      0         0      
       fixdfsi.S.obj                  74      0         0      
       fixunsdfsi.S.obj               66      0         0      
       aeabi_uidivmod.S.obj           64      0         0      
       extendsfdf2.S.obj              64      0         0      
       muldsi3.S.obj                  58      0         0      
       floatsidf.S.obj                44      0         0      
       floatunsidf.S.obj              36      0         0      
       muldi3.S.obj                   36      0         0      
       ashldi3.S.obj                  30      0         0      
       aeabi_memset.S.obj             26      0         0      
       aeabi_uldivmod.S.obj           20      0         0      
       aeabi_memcpy.S.obj             8       0         0      
       aeabi_div0.c.obj               4       0         0      
    +--+------------------------------+-------+---------+---------+
       Total:                         2342    0         0      
                                                               
    D:/Metron_firmware/MSPM0G_Library/Debug/MSPM0G_Library.lib
       UART_Interface.o               2154    0         0      
       I2C_Controller.o               1148    0         0      
       Timer_Timeout.o                826     0         0      
       UART_Target.o                  672     0         75     
       SPI_Interface.o                592     0         0      
    +--+------------------------------+-------+---------+---------+
       Total:                         5392    0         75     
                                                               
       Stack:                         0       0         512    
       Linker Generated:              0       43        0      
    +--+------------------------------+-------+---------+---------+
       Grand Total:                   31426   1915      6041   


LINKER GENERATED COPY TABLES

__TI_cinit_table @ 0000827c records: 2, size/record: 8, table size: 16
	.bss: load addr=0000826c, load size=00000008 bytes, run addr=20200000, run size=0000158c bytes, compression=zero_init
	.data: load addr=00008274, load size=00000007 bytes, run addr=2020158c, run size=0000000d bytes, compression=lzss


LINKER GENERATED HANDLER TABLE

__TI_handler_table @ 00008260 records: 3, size/record: 4, table size: 12
	index: 0, handler: __TI_decompress_lzss
	index: 1, handler: __TI_decompress_none
	index: 2, handler: __TI_zero_init


FAR CALL TRAMPOLINES

callee name               trampoline name
   callee addr  tramp addr   call addr  call info
--------------  -----------  ---------  ----------------
__aeabi_dsub              $Tramp$TT$L$PI$$__aeabi_dsub
   00002105     00007b5c     00007b5a   libc.a : _printfi.c.obj (.text.OUTLINED_FUNCTION_0)
_c_int00_noargs           $Tramp$TT$L$PI$$_c_int00_noargs
   00006f05     00007ba0     00007b9c   startup_mspm0g110x_ticlang.o (.text.Reset_Handler)

[2 trampolines]
[2 trampoline calls]


GLOBAL SYMBOLS: SORTED ALPHABETICALLY BY Name 

address   name                            
-------   ----                            
0000457d  AD4115BCPZ_RL7_init             
00005c39  AD4115_ReadID                   
00002571  AD4115_ReadSingleChannel        
2020148c  ADC                             
00004abd  ADC0_IRQHandler                 
00004abd  ADC1_IRQHandler                 
00007bb0  C$$EXIT                         
00007b49  DL_Common_delayCycles           
00005965  DL_I2C_fillControllerTXFIFO     
000063fd  DL_I2C_flushTargetTXFIFO        
00006f9f  DL_I2C_setClockConfig           
00005c8d  DL_SPI_drainRXFIFO16            
00006169  DL_SPI_init                     
00007921  DL_SPI_setClockConfig           
0000346d  DL_Timer_initTimerMode          
00007359  DL_Timer_setClockConfig         
00005ce1  DL_UART_drainRXFIFO             
00005d35  DL_UART_fillTXFIFO              
00006001  DL_UART_init                    
0000797b  DL_UART_setClockConfig          
00004abd  DMA_IRQHandler                  
2020151c  Daughter_I2C                    
00004abd  Default_Handler                 
000065a1  Delay_Timer_Get                 
00007011  Delay_Timer_IRQ                 
0000405d  Delay_Timer_Initialize          
0000798d  Delay_Timer_Start               
00004abd  GROUP0_IRQHandler               
00004abd  GROUP1_IRQHandler               
00004abd  HardFault_Handler               
000079d5  I2C0_IRQHandler                 
000079e5  I2C1_IRQHandler                 
0000308d  I2C_Controller_IRQ              
00004751  I2C_Controller_Initialize       
00006121  I2C_Controller_Start_Receive    
00004f85  I2C_Controller_Start_Transmit   
000079f5  I2C_Controller_Transaction_Done 
2020153c  Master_MCU                      
00004abd  NMI_Handler                     
00004abd  PendSV_Handler                  
00004abd  RTC_IRQHandler                  
00007b9d  Reset_Handler                   
00007a05  SPI0_IRQHandler                 
00004abd  SPI1_IRQHandler                 
00003d99  SPI_IRQ                         
00004a35  SPI_Initialize                  
00004dad  SPI_Transact                    
00004abd  SVC_Handler                     
0000534d  SYSCFG_DL_Daughter_I2C_init     
00002415  SYSCFG_DL_GPIO_init             
000053b1  SYSCFG_DL_Master_I2C_init       
00006049  SYSCFG_DL_SPI_0_init            
00006c55  SYSCFG_DL_SYSCTL_init           
00006765  SYSCFG_DL_TIMER_0_init          
00006799  SYSCFG_DL_TIMER_1_init          
000067cd  SYSCFG_DL_TIMER_2_init          
00005665  SYSCFG_DL_UART_0_init           
000056c5  SYSCFG_DL_UART_3_init           
00006439  SYSCFG_DL_init                  
00003b5d  SYSCFG_DL_initPower             
00004abd  SysTick_Handler                 
00004abd  TIMA0_IRQHandler                
00004abd  TIMA1_IRQHandler                
00007a15  TIMG0_IRQHandler                
00004abd  TIMG12_IRQHandler               
00007a25  TIMG6_IRQHandler                
00007a35  TIMG7_IRQHandler                
00004abd  TIMG8_IRQHandler                
0000799f  TI_memcpy_small                 
00007b0b  TI_memset_small                 
00006c7f  Timer_Timeout_IRQ               
00002e8d  Timer_Timeout_Inialize          
000066c5  Timer_Timeout_Start             
00005a7d  Timer_Timeout_Time_Set          
00006ca9  Timer_Timeout_reStart           
00007a45  UART0_IRQHandler                
00004abd  UART1_IRQHandler                
00004abd  UART2_IRQHandler                
00007a55  UART3_IRQHandler                
00001ba9  UART_Interface_IRQ              
00002299  UART_Interface_Initialize       
0000439b  UART_Interface_Start_Receive    
000041b1  UART_Interface_Start_Transmit   
000066fb  UART_Interface_Stop_Receive     
202013f4  UART_MUX                        
202014b0  UART_MUX_Timeout                
00005415  UART_Target_AssignCallBacks     
00004ff5  UART_Target_Initialize          
00005f69  UART_Target_Receive             
00006475  UART_Target_Transmit            
00007391  UART_Target_getState            
00004cbd  UART_rxDMA_Initialize           
00004e23  UART_txDMA_Initialize           
202014d4  USB_BUFFER                      
20200000  USB_DATA                        
202014f8  USB_Timeout                     
20201428  USB_UART                        
20208000  __STACK_END                     
00000200  __STACK_SIZE                    
00000000  __TI_ATRegion0_region_sz        
00000000  __TI_ATRegion0_src_addr         
00000000  __TI_ATRegion0_trg_addr         
00000000  __TI_ATRegion1_region_sz        
00000000  __TI_ATRegion1_src_addr         
00000000  __TI_ATRegion1_trg_addr         
00000000  __TI_ATRegion2_region_sz        
00000000  __TI_ATRegion2_src_addr         
00000000  __TI_ATRegion2_trg_addr         
0000827c  __TI_CINIT_Base                 
0000828c  __TI_CINIT_Limit                
0000828c  __TI_CINIT_Warm                 
00008260  __TI_Handler_Table_Base         
0000826c  __TI_Handler_Table_Limit        
00006565  __TI_auto_init_nobinit_nopinit  
00004bc5  __TI_decompress_lzss            
000079b1  __TI_decompress_none            
00005ad7  __TI_ltoa                       
ffffffff  __TI_pprof_out_hndl             
000000c1  __TI_printfi                    
ffffffff  __TI_prof_data_size             
ffffffff  __TI_prof_data_start            
00000000  __TI_static_base__              
00007ab5  __TI_zero_init                  
0000210f  __adddf3                        
00007bc0  __aeabi_ctype_table_            
00007bc0  __aeabi_ctype_table_C           
00004f11  __aeabi_d2f                     
00005fb5  __aeabi_d2iz                    
000062bd  __aeabi_d2uiz                   
0000210f  __aeabi_dadd                    
000054dd  __aeabi_dcmpeq                  
00005519  __aeabi_dcmpge                  
0000552d  __aeabi_dcmpgt                  
00005505  __aeabi_dcmple                  
000054f1  __aeabi_dcmplt                  
00002d81  __aeabi_ddiv                    
00003555  __aeabi_dmul                    
00002105  __aeabi_dsub                    
2020158c  __aeabi_errno                   
00007b8d  __aeabi_errno_addr              
00006341  __aeabi_f2d                     
00005541  __aeabi_fcmpeq                  
0000557d  __aeabi_fcmpge                  
00005591  __aeabi_fcmpgt                  
00005569  __aeabi_fcmple                  
00005555  __aeabi_fcmplt                  
00006bfd  __aeabi_i2d                     
00005be1  __aeabi_idiv                    
00001d87  __aeabi_idiv0                   
00005be1  __aeabi_idivmod                 
00002297  __aeabi_ldiv0                   
000071cd  __aeabi_llsl                    
00007059  __aeabi_lmul                    
00007b19  __aeabi_memclr                  
00007b19  __aeabi_memclr4                 
00007b19  __aeabi_memclr8                 
00007b95  __aeabi_memcpy                  
00007b95  __aeabi_memcpy4                 
00007b95  __aeabi_memcpy8                 
00007ac5  __aeabi_memset                  
00007ac5  __aeabi_memset4                 
00007ac5  __aeabi_memset8                 
00007035  __aeabi_ui2d                    
00006301  __aeabi_uidiv                   
00006301  __aeabi_uidivmod                
000078d5  __aeabi_uldivmod                
000071cd  __ashldi3                       
ffffffff  __binit__                       
000051ad  __cmpdf2                        
000065dd  __cmpsf2                        
00002d81  __divdf3                        
000051ad  __eqdf2                         
000065dd  __eqsf2                         
00006341  __extendsfdf2                   
00005fb5  __fixdfsi                       
000062bd  __fixunsdfsi                    
00006bfd  __floatsidf                     
00007035  __floatunsidf                   
00004e99  __gedf2                         
000064b1  __gesf2                         
00004e99  __gtdf2                         
000064b1  __gtsf2                         
000051ad  __ledf2                         
000065dd  __lesf2                         
000051ad  __ltdf2                         
000065dd  __ltsf2                         
UNDEFED   __mpu_init                      
00003555  __muldf3                        
00007059  __muldi3                        
00006619  __muldsi3                       
000051ad  __nedf2                         
000065dd  __nesf2                         
20207e00  __stack                         
20200000  __start___llvm_prf_bits         
20200000  __start___llvm_prf_cnts         
20200000  __stop___llvm_prf_bits          
20200000  __stop___llvm_prf_cnts          
00002105  __subdf3                        
00004f11  __truncdfsf2                    
000042f9  __udivmoddi4                    
00006f05  _c_int00_noargs                 
UNDEFED   _system_post_cinit              
00004f0d  _system_pre_init                
00007bb1  abort                           
000027e9  ads122c04_calibration           
00006091  ads122c04_init                  
00004109  ads122c04_raw_to_voltage        
00003639  ads122c04_read                  
00006959  app_init                        
00006381  atoi                            
ffffffff  binit                           
0000318b  cmd_data_setup                  
00004619  command_dispatcher              
000061ad  current_100ua_set               
000061f1  current_10ma_set                
000064ed  current_10ua_set                
00006235  current_1ma_set                 
00006529  current_1ua_set                 
00004d35  current_source_2_select         
000046b5  dac_set                         
00007a65  db_board_init                   
00007b25  defaultTimerSingleTriggerCB     
00007a75  defaultUartCallBack             
00007a85  defaultUartInprogressCallback   
00005725  demo_command_handler            
00004c41  differential_voltage_measurement
00003e4d  dynamic_parse                   
00003c21  enable_mux                      
2020157c  executing_command               
000059c5  frexp                           
000059c5  frexpl                          
2020145c  gUART_3Backup                   
00005b87  getControllerStatus             
00005215  get_single_shot_resistance      
202013ac  glUartTarget                    
20201588  glUartTargetIndexFromTimerIndex 
00007771  i2c0_init                       
00007789  i2c1_init                       
00003801  i2c_read                        
00003efd  i2c_write                       
00003cdd  i2c_write_verify                
00000000  interruptVectors                
00007b81  io_expander_daughter_config     
000073ad  io_expander_daughter_reset      
00006a17  io_expander_init                
000038dd  ldexp                           
000038dd  ldexpl                          
0000716d  main                            
00003a8d  measurement_command_handler     
000070e9  memccpy                         
0000718d  memcmp                          
00003289  multiple_voltage_measurement    
00007b31  noActionController              
00007b3d  noActionSPIInterface            
000047e9  process_usb_command             
00005a21  rcoil_select                    
0000527d  read_adc_differential           
00005d89  reset_all                       
00004255  resistance_demo_handler         
000014f5  resistance_handler              
00000a91  resistance_measurement          
2020158b  result                          
00007a95  rpin_select                     
00001f65  run_differential_fsm_tick       
000038dd  scalbn                          
000038dd  scalbnl                         
00001035  single_voltage_measurement      
0000668d  sprintf                         
00004ac1  strcmp                          
00007ad3  strcpy                          
000070c5  strcspn                         
00007aef  strlen                          
0000710b  strncmp                         
00006c29  strncpy                         
00006fc5  strspn                          
000060d9  strtok                          
00006989  targetRxDoneCb                  
00005141  targetRxInProgressCb            
000069b9  targetTxDoneCb                  
00006edd  targetTxInProgressCb            
00005065  test_command_handler            
00006801  timerCallback                   
00002a2d  uart_loopback_start             
00005479  uart_pin_init                   
0000443d  uart_rmux_select                
00002f8d  uart_test_handler               
0000371d  uart_vmux_select                
000019b5  usb_fsm                         
00002b49  usb_function_test               
000049a9  usb_init                        
000044dd  usb_pins_init                   
00003381  usb_resistance_test             
000039b5  usb_test_handler                
00004915  validate_usb_rx_data            
00002c65  voltage_diff_handler            
00004b49  voltage_multiple_handler        
0000318d  voltage_single_handler          
00003fad  vrcoil_select                   
00007afd  vrpin_select                    
00006cd3  waitForControllerToIdle         
00007aa5  wcslen                          


GLOBAL SYMBOLS: SORTED BY Symbol Address 

address   name                            
-------   ----                            
00000000  __TI_ATRegion0_region_sz        
00000000  __TI_ATRegion0_src_addr         
00000000  __TI_ATRegion0_trg_addr         
00000000  __TI_ATRegion1_region_sz        
00000000  __TI_ATRegion1_src_addr         
00000000  __TI_ATRegion1_trg_addr         
00000000  __TI_ATRegion2_region_sz        
00000000  __TI_ATRegion2_src_addr         
00000000  __TI_ATRegion2_trg_addr         
00000000  __TI_static_base__              
00000000  interruptVectors                
000000c1  __TI_printfi                    
00000200  __STACK_SIZE                    
00000a91  resistance_measurement          
00001035  single_voltage_measurement      
000014f5  resistance_handler              
000019b5  usb_fsm                         
00001ba9  UART_Interface_IRQ              
00001d87  __aeabi_idiv0                   
00001f65  run_differential_fsm_tick       
00002105  __aeabi_dsub                    
00002105  __subdf3                        
0000210f  __adddf3                        
0000210f  __aeabi_dadd                    
00002297  __aeabi_ldiv0                   
00002299  UART_Interface_Initialize       
00002415  SYSCFG_DL_GPIO_init             
00002571  AD4115_ReadSingleChannel        
000027e9  ads122c04_calibration           
00002a2d  uart_loopback_start             
00002b49  usb_function_test               
00002c65  voltage_diff_handler            
00002d81  __aeabi_ddiv                    
00002d81  __divdf3                        
00002e8d  Timer_Timeout_Inialize          
00002f8d  uart_test_handler               
0000308d  I2C_Controller_IRQ              
0000318b  cmd_data_setup                  
0000318d  voltage_single_handler          
00003289  multiple_voltage_measurement    
00003381  usb_resistance_test             
0000346d  DL_Timer_initTimerMode          
00003555  __aeabi_dmul                    
00003555  __muldf3                        
00003639  ads122c04_read                  
0000371d  uart_vmux_select                
00003801  i2c_read                        
000038dd  ldexp                           
000038dd  ldexpl                          
000038dd  scalbn                          
000038dd  scalbnl                         
000039b5  usb_test_handler                
00003a8d  measurement_command_handler     
00003b5d  SYSCFG_DL_initPower             
00003c21  enable_mux                      
00003cdd  i2c_write_verify                
00003d99  SPI_IRQ                         
00003e4d  dynamic_parse                   
00003efd  i2c_write                       
00003fad  vrcoil_select                   
0000405d  Delay_Timer_Initialize          
00004109  ads122c04_raw_to_voltage        
000041b1  UART_Interface_Start_Transmit   
00004255  resistance_demo_handler         
000042f9  __udivmoddi4                    
0000439b  UART_Interface_Start_Receive    
0000443d  uart_rmux_select                
000044dd  usb_pins_init                   
0000457d  AD4115BCPZ_RL7_init             
00004619  command_dispatcher              
000046b5  dac_set                         
00004751  I2C_Controller_Initialize       
000047e9  process_usb_command             
00004915  validate_usb_rx_data            
000049a9  usb_init                        
00004a35  SPI_Initialize                  
00004abd  ADC0_IRQHandler                 
00004abd  ADC1_IRQHandler                 
00004abd  DMA_IRQHandler                  
00004abd  Default_Handler                 
00004abd  GROUP0_IRQHandler               
00004abd  GROUP1_IRQHandler               
00004abd  HardFault_Handler               
00004abd  NMI_Handler                     
00004abd  PendSV_Handler                  
00004abd  RTC_IRQHandler                  
00004abd  SPI1_IRQHandler                 
00004abd  SVC_Handler                     
00004abd  SysTick_Handler                 
00004abd  TIMA0_IRQHandler                
00004abd  TIMA1_IRQHandler                
00004abd  TIMG12_IRQHandler               
00004abd  TIMG8_IRQHandler                
00004abd  UART1_IRQHandler                
00004abd  UART2_IRQHandler                
00004ac1  strcmp                          
00004b49  voltage_multiple_handler        
00004bc5  __TI_decompress_lzss            
00004c41  differential_voltage_measurement
00004cbd  UART_rxDMA_Initialize           
00004d35  current_source_2_select         
00004dad  SPI_Transact                    
00004e23  UART_txDMA_Initialize           
00004e99  __gedf2                         
00004e99  __gtdf2                         
00004f0d  _system_pre_init                
00004f11  __aeabi_d2f                     
00004f11  __truncdfsf2                    
00004f85  I2C_Controller_Start_Transmit   
00004ff5  UART_Target_Initialize          
00005065  test_command_handler            
00005141  targetRxInProgressCb            
000051ad  __cmpdf2                        
000051ad  __eqdf2                         
000051ad  __ledf2                         
000051ad  __ltdf2                         
000051ad  __nedf2                         
00005215  get_single_shot_resistance      
0000527d  read_adc_differential           
0000534d  SYSCFG_DL_Daughter_I2C_init     
000053b1  SYSCFG_DL_Master_I2C_init       
00005415  UART_Target_AssignCallBacks     
00005479  uart_pin_init                   
000054dd  __aeabi_dcmpeq                  
000054f1  __aeabi_dcmplt                  
00005505  __aeabi_dcmple                  
00005519  __aeabi_dcmpge                  
0000552d  __aeabi_dcmpgt                  
00005541  __aeabi_fcmpeq                  
00005555  __aeabi_fcmplt                  
00005569  __aeabi_fcmple                  
0000557d  __aeabi_fcmpge                  
00005591  __aeabi_fcmpgt                  
00005665  SYSCFG_DL_UART_0_init           
000056c5  SYSCFG_DL_UART_3_init           
00005725  demo_command_handler            
00005965  DL_I2C_fillControllerTXFIFO     
000059c5  frexp                           
000059c5  frexpl                          
00005a21  rcoil_select                    
00005a7d  Timer_Timeout_Time_Set          
00005ad7  __TI_ltoa                       
00005b87  getControllerStatus             
00005be1  __aeabi_idiv                    
00005be1  __aeabi_idivmod                 
00005c39  AD4115_ReadID                   
00005c8d  DL_SPI_drainRXFIFO16            
00005ce1  DL_UART_drainRXFIFO             
00005d35  DL_UART_fillTXFIFO              
00005d89  reset_all                       
00005f69  UART_Target_Receive             
00005fb5  __aeabi_d2iz                    
00005fb5  __fixdfsi                       
00006001  DL_UART_init                    
00006049  SYSCFG_DL_SPI_0_init            
00006091  ads122c04_init                  
000060d9  strtok                          
00006121  I2C_Controller_Start_Receive    
00006169  DL_SPI_init                     
000061ad  current_100ua_set               
000061f1  current_10ma_set                
00006235  current_1ma_set                 
000062bd  __aeabi_d2uiz                   
000062bd  __fixunsdfsi                    
00006301  __aeabi_uidiv                   
00006301  __aeabi_uidivmod                
00006341  __aeabi_f2d                     
00006341  __extendsfdf2                   
00006381  atoi                            
000063fd  DL_I2C_flushTargetTXFIFO        
00006439  SYSCFG_DL_init                  
00006475  UART_Target_Transmit            
000064b1  __gesf2                         
000064b1  __gtsf2                         
000064ed  current_10ua_set                
00006529  current_1ua_set                 
00006565  __TI_auto_init_nobinit_nopinit  
000065a1  Delay_Timer_Get                 
000065dd  __cmpsf2                        
000065dd  __eqsf2                         
000065dd  __lesf2                         
000065dd  __ltsf2                         
000065dd  __nesf2                         
00006619  __muldsi3                       
0000668d  sprintf                         
000066c5  Timer_Timeout_Start             
000066fb  UART_Interface_Stop_Receive     
00006765  SYSCFG_DL_TIMER_0_init          
00006799  SYSCFG_DL_TIMER_1_init          
000067cd  SYSCFG_DL_TIMER_2_init          
00006801  timerCallback                   
00006959  app_init                        
00006989  targetRxDoneCb                  
000069b9  targetTxDoneCb                  
00006a17  io_expander_init                
00006bfd  __aeabi_i2d                     
00006bfd  __floatsidf                     
00006c29  strncpy                         
00006c55  SYSCFG_DL_SYSCTL_init           
00006c7f  Timer_Timeout_IRQ               
00006ca9  Timer_Timeout_reStart           
00006cd3  waitForControllerToIdle         
00006edd  targetTxInProgressCb            
00006f05  _c_int00_noargs                 
00006f9f  DL_I2C_setClockConfig           
00006fc5  strspn                          
00007011  Delay_Timer_IRQ                 
00007035  __aeabi_ui2d                    
00007035  __floatunsidf                   
00007059  __aeabi_lmul                    
00007059  __muldi3                        
000070c5  strcspn                         
000070e9  memccpy                         
0000710b  strncmp                         
0000716d  main                            
0000718d  memcmp                          
000071cd  __aeabi_llsl                    
000071cd  __ashldi3                       
00007359  DL_Timer_setClockConfig         
00007391  UART_Target_getState            
000073ad  io_expander_daughter_reset      
00007771  i2c0_init                       
00007789  i2c1_init                       
000078d5  __aeabi_uldivmod                
00007921  DL_SPI_setClockConfig           
0000797b  DL_UART_setClockConfig          
0000798d  Delay_Timer_Start               
0000799f  TI_memcpy_small                 
000079b1  __TI_decompress_none            
000079d5  I2C0_IRQHandler                 
000079e5  I2C1_IRQHandler                 
000079f5  I2C_Controller_Transaction_Done 
00007a05  SPI0_IRQHandler                 
00007a15  TIMG0_IRQHandler                
00007a25  TIMG6_IRQHandler                
00007a35  TIMG7_IRQHandler                
00007a45  UART0_IRQHandler                
00007a55  UART3_IRQHandler                
00007a65  db_board_init                   
00007a75  defaultUartCallBack             
00007a85  defaultUartInprogressCallback   
00007a95  rpin_select                     
00007aa5  wcslen                          
00007ab5  __TI_zero_init                  
00007ac5  __aeabi_memset                  
00007ac5  __aeabi_memset4                 
00007ac5  __aeabi_memset8                 
00007ad3  strcpy                          
00007aef  strlen                          
00007afd  vrpin_select                    
00007b0b  TI_memset_small                 
00007b19  __aeabi_memclr                  
00007b19  __aeabi_memclr4                 
00007b19  __aeabi_memclr8                 
00007b25  defaultTimerSingleTriggerCB     
00007b31  noActionController              
00007b3d  noActionSPIInterface            
00007b49  DL_Common_delayCycles           
00007b81  io_expander_daughter_config     
00007b8d  __aeabi_errno_addr              
00007b95  __aeabi_memcpy                  
00007b95  __aeabi_memcpy4                 
00007b95  __aeabi_memcpy8                 
00007b9d  Reset_Handler                   
00007bb0  C$$EXIT                         
00007bb1  abort                           
00007bc0  __aeabi_ctype_table_            
00007bc0  __aeabi_ctype_table_C           
00008260  __TI_Handler_Table_Base         
0000826c  __TI_Handler_Table_Limit        
0000827c  __TI_CINIT_Base                 
0000828c  __TI_CINIT_Limit                
0000828c  __TI_CINIT_Warm                 
20200000  USB_DATA                        
20200000  __start___llvm_prf_bits         
20200000  __start___llvm_prf_cnts         
20200000  __stop___llvm_prf_bits          
20200000  __stop___llvm_prf_cnts          
202013ac  glUartTarget                    
202013f4  UART_MUX                        
20201428  USB_UART                        
2020145c  gUART_3Backup                   
2020148c  ADC                             
202014b0  UART_MUX_Timeout                
202014d4  USB_BUFFER                      
202014f8  USB_Timeout                     
2020151c  Daughter_I2C                    
2020153c  Master_MCU                      
2020157c  executing_command               
20201588  glUartTargetIndexFromTimerIndex 
2020158b  result                          
2020158c  __aeabi_errno                   
20207e00  __stack                         
20208000  __STACK_END                     
ffffffff  __TI_pprof_out_hndl             
ffffffff  __TI_prof_data_size             
ffffffff  __TI_prof_data_start            
ffffffff  __binit__                       
ffffffff  binit                           
UNDEFED   __mpu_init                      
UNDEFED   _system_post_cinit              

[301 symbols]
